2026-01-27T08:48:57.5607802Z Current runner version: '2.331.0'
2026-01-27T08:48:57.5642689Z ##[group]Runner Image Provisioner
2026-01-27T08:48:57.5644010Z Hosted Compute Agent
2026-01-27T08:48:57.5644849Z Version: 20260115.477
2026-01-27T08:48:57.5645860Z Commit: 4b342d620503cbe250a3154040964899ea7c9b00
2026-01-27T08:48:57.5647020Z Build Date: 2026-01-15T22:32:41Z
2026-01-27T08:48:57.5647972Z Worker ID: {3fb024a5-8618-4c22-bb35-8780a4bbe4f4}
2026-01-27T08:48:57.5649178Z Azure Region: eastus
2026-01-27T08:48:57.5650046Z ##[endgroup]
2026-01-27T08:48:57.5652967Z ##[group]Operating System
2026-01-27T08:48:57.5653949Z Ubuntu
2026-01-27T08:48:57.5654619Z 24.04.3
2026-01-27T08:48:57.5655390Z LTS
2026-01-27T08:48:57.5656198Z ##[endgroup]
2026-01-27T08:48:57.5657004Z ##[group]Runner Image
2026-01-27T08:48:57.5657777Z Image: ubuntu-24.04
2026-01-27T08:48:57.5658732Z Version: 20260119.4.1
2026-01-27T08:48:57.5660627Z Included Software: https://github.com/actions/runner-images/blob/ubuntu24/20260119.4/images/ubuntu/Ubuntu2404-Readme.md
2026-01-27T08:48:57.5663476Z Image Release: https://github.com/actions/runner-images/releases/tag/ubuntu24%2F20260119.4
2026-01-27T08:48:57.5664961Z ##[endgroup]
2026-01-27T08:48:57.5666672Z ##[group]GITHUB_TOKEN Permissions
2026-01-27T08:48:57.5669271Z Contents: read
2026-01-27T08:48:57.5670201Z Metadata: read
2026-01-27T08:48:57.5671286Z ##[endgroup]
2026-01-27T08:48:57.5674298Z Secret source: Actions
2026-01-27T08:48:57.5675387Z Prepare workflow directory
2026-01-27T08:48:57.6146115Z Prepare all required actions
2026-01-27T08:48:57.6202250Z Getting action download info
2026-01-27T08:48:58.0255610Z Download action repository 'actions/checkout@v4' (SHA:34e114876b0b11c390a56381ad16ebd13914f8d5)
2026-01-27T08:48:58.1528664Z Download action repository 'actions/setup-node@v4' (SHA:49933ea5288caeca8642d1e84afbd3f7d6820020)
2026-01-27T08:48:58.2447071Z Download action repository 'actions-rs/toolchain@v1' (SHA:16499b5e05bf2e26879000db0c1d13f7e13fa3af)
2026-01-27T08:48:58.4300160Z Download action repository 'swatinem/rust-cache@v2' (SHA:779680da715d629ac1d338a641029a2f4372abb5)
2026-01-27T08:48:58.7691336Z Complete job name: Build (ubuntu-latest)
2026-01-27T08:48:58.8446028Z ##[group]Run actions/checkout@v4
2026-01-27T08:48:58.8446937Z with:
2026-01-27T08:48:58.8447386Z   repository: dingshangyue/DSYC-Launcher
2026-01-27T08:48:58.8448148Z   token: ***
2026-01-27T08:48:58.8448551Z   ssh-strict: true
2026-01-27T08:48:58.8448972Z   ssh-user: git
2026-01-27T08:48:58.8449402Z   persist-credentials: true
2026-01-27T08:48:58.8449888Z   clean: true
2026-01-27T08:48:58.8450308Z   sparse-checkout-cone-mode: true
2026-01-27T08:48:58.8451046Z   fetch-depth: 1
2026-01-27T08:48:58.8451478Z   fetch-tags: false
2026-01-27T08:48:58.8451896Z   show-progress: true
2026-01-27T08:48:58.8452319Z   lfs: false
2026-01-27T08:48:58.8452706Z   submodules: false
2026-01-27T08:48:58.8453164Z   set-safe-directory: true
2026-01-27T08:48:58.8453990Z ##[endgroup]
2026-01-27T08:48:58.9559250Z Syncing repository: dingshangyue/DSYC-Launcher
2026-01-27T08:48:58.9563140Z ##[group]Getting Git version info
2026-01-27T08:48:58.9564710Z Working directory is '/home/runner/work/DSYC-Launcher/DSYC-Launcher'
2026-01-27T08:48:58.9566884Z [command]/usr/bin/git version
2026-01-27T08:48:58.9620566Z git version 2.52.0
2026-01-27T08:48:58.9649884Z ##[endgroup]
2026-01-27T08:48:58.9674199Z Temporarily overriding HOME='/home/runner/work/_temp/f2856eb9-812d-4b44-bf12-903c144eb8bf' before making global git config changes
2026-01-27T08:48:58.9676936Z Adding repository directory to the temporary git global config as a safe directory
2026-01-27T08:48:58.9681506Z [command]/usr/bin/git config --global --add safe.directory /home/runner/work/DSYC-Launcher/DSYC-Launcher
2026-01-27T08:48:58.9723907Z Deleting the contents of '/home/runner/work/DSYC-Launcher/DSYC-Launcher'
2026-01-27T08:48:58.9727867Z ##[group]Initializing the repository
2026-01-27T08:48:58.9732997Z [command]/usr/bin/git init /home/runner/work/DSYC-Launcher/DSYC-Launcher
2026-01-27T08:48:58.9845655Z hint: Using 'master' as the name for the initial branch. This default branch name
2026-01-27T08:48:58.9847807Z hint: will change to "main" in Git 3.0. To configure the initial branch name
2026-01-27T08:48:58.9849304Z hint: to use in all of your new repositories, which will suppress this warning,
2026-01-27T08:48:58.9850392Z hint: call:
2026-01-27T08:48:58.9851351Z hint:
2026-01-27T08:48:58.9852728Z hint: 	git config --global init.defaultBranch <name>
2026-01-27T08:48:58.9853968Z hint:
2026-01-27T08:48:58.9855092Z hint: Names commonly chosen instead of 'master' are 'main', 'trunk' and
2026-01-27T08:48:58.9857060Z hint: 'development'. The just-created branch can be renamed via this command:
2026-01-27T08:48:58.9858479Z hint:
2026-01-27T08:48:58.9859207Z hint: 	git branch -m <name>
2026-01-27T08:48:58.9860032Z hint:
2026-01-27T08:48:58.9861388Z hint: Disable this message with "git config set advice.defaultBranchName false"
2026-01-27T08:48:58.9863625Z Initialized empty Git repository in /home/runner/work/DSYC-Launcher/DSYC-Launcher/.git/
2026-01-27T08:48:58.9867235Z [command]/usr/bin/git remote add origin https://github.com/dingshangyue/DSYC-Launcher
2026-01-27T08:48:58.9901789Z ##[endgroup]
2026-01-27T08:48:58.9903141Z ##[group]Disabling automatic garbage collection
2026-01-27T08:48:58.9907572Z [command]/usr/bin/git config --local gc.auto 0
2026-01-27T08:48:58.9937324Z ##[endgroup]
2026-01-27T08:48:58.9938677Z ##[group]Setting up auth
2026-01-27T08:48:58.9945375Z [command]/usr/bin/git config --local --name-only --get-regexp core\.sshCommand
2026-01-27T08:48:58.9977719Z [command]/usr/bin/git submodule foreach --recursive sh -c "git config --local --name-only --get-regexp 'core\.sshCommand' && git config --local --unset-all 'core.sshCommand' || :"
2026-01-27T08:48:59.0331676Z [command]/usr/bin/git config --local --name-only --get-regexp http\.https\:\/\/github\.com\/\.extraheader
2026-01-27T08:48:59.0362142Z [command]/usr/bin/git submodule foreach --recursive sh -c "git config --local --name-only --get-regexp 'http\.https\:\/\/github\.com\/\.extraheader' && git config --local --unset-all 'http.https://github.com/.extraheader' || :"
2026-01-27T08:48:59.0584810Z [command]/usr/bin/git config --local --name-only --get-regexp ^includeIf\.gitdir:
2026-01-27T08:48:59.0620136Z [command]/usr/bin/git submodule foreach --recursive git config --local --show-origin --name-only --get-regexp remote.origin.url
2026-01-27T08:48:59.0863874Z [command]/usr/bin/git config --local http.https://github.com/.extraheader AUTHORIZATION: basic ***
2026-01-27T08:48:59.0901803Z ##[endgroup]
2026-01-27T08:48:59.0902787Z ##[group]Fetching the repository
2026-01-27T08:48:59.0911238Z [command]/usr/bin/git -c protocol.version=2 fetch --no-tags --prune --no-recurse-submodules --depth=1 origin +16d9cf4eb64a8cae1d62f101ecc41d5f0a2b34e8:refs/remotes/origin/main
2026-01-27T08:48:59.7655041Z From https://github.com/dingshangyue/DSYC-Launcher
2026-01-27T08:48:59.7657066Z  * [new ref]         16d9cf4eb64a8cae1d62f101ecc41d5f0a2b34e8 -> origin/main
2026-01-27T08:48:59.7692688Z ##[endgroup]
2026-01-27T08:48:59.7694673Z ##[group]Determining the checkout info
2026-01-27T08:48:59.7696855Z ##[endgroup]
2026-01-27T08:48:59.7700159Z [command]/usr/bin/git sparse-checkout disable
2026-01-27T08:48:59.7742677Z [command]/usr/bin/git config --local --unset-all extensions.worktreeConfig
2026-01-27T08:48:59.7773872Z ##[group]Checking out the ref
2026-01-27T08:48:59.7778056Z [command]/usr/bin/git checkout --progress --force -B main refs/remotes/origin/main
2026-01-27T08:48:59.9632081Z Switched to a new branch 'main'
2026-01-27T08:48:59.9635865Z branch 'main' set up to track 'origin/main'.
2026-01-27T08:48:59.9654204Z ##[endgroup]
2026-01-27T08:48:59.9698344Z [command]/usr/bin/git log -1 --format=%H
2026-01-27T08:48:59.9724397Z 16d9cf4eb64a8cae1d62f101ecc41d5f0a2b34e8
2026-01-27T08:48:59.9989508Z ##[group]Run sudo apt-get update
2026-01-27T08:48:59.9990986Z [36;1msudo apt-get update[0m
2026-01-27T08:48:59.9993098Z [36;1msudo apt-get install -y libwebkit2gtk-4.1-dev libappindicator3-dev librsvg2-dev patchelf[0m
2026-01-27T08:49:00.0033453Z shell: /usr/bin/bash -e {0}
2026-01-27T08:49:00.0034645Z ##[endgroup]
2026-01-27T08:49:00.0816481Z Get:1 file:/etc/apt/apt-mirrors.txt Mirrorlist [144 B]
2026-01-27T08:49:00.1249532Z Hit:2 http://azure.archive.ubuntu.com/ubuntu noble InRelease
2026-01-27T08:49:00.1273331Z Get:3 http://azure.archive.ubuntu.com/ubuntu noble-updates InRelease [126 kB]
2026-01-27T08:49:00.1328081Z Get:4 http://azure.archive.ubuntu.com/ubuntu noble-backports InRelease [126 kB]
2026-01-27T08:49:00.1361599Z Get:5 http://azure.archive.ubuntu.com/ubuntu noble-security InRelease [126 kB]
2026-01-27T08:49:00.1476635Z Hit:6 https://packages.microsoft.com/repos/azure-cli noble InRelease
2026-01-27T08:49:00.1528311Z Get:7 https://packages.microsoft.com/ubuntu/24.04/prod noble InRelease [3600 B]
2026-01-27T08:49:00.2672422Z Get:8 http://azure.archive.ubuntu.com/ubuntu noble-updates/main amd64 Packages [1700 kB]
2026-01-27T08:49:00.2867232Z Get:9 http://azure.archive.ubuntu.com/ubuntu noble-updates/main Translation-en [314 kB]
2026-01-27T08:49:00.2895995Z Get:10 http://azure.archive.ubuntu.com/ubuntu noble-updates/main amd64 Components [175 kB]
2026-01-27T08:49:00.2924303Z Get:11 http://azure.archive.ubuntu.com/ubuntu noble-updates/main amd64 c-n-f Metadata [16.0 kB]
2026-01-27T08:49:00.2933796Z Get:12 http://azure.archive.ubuntu.com/ubuntu noble-updates/universe amd64 Packages [1519 kB]
2026-01-27T08:49:00.3040473Z Get:13 http://azure.archive.ubuntu.com/ubuntu noble-updates/universe Translation-en [310 kB]
2026-01-27T08:49:00.3074464Z Get:14 http://azure.archive.ubuntu.com/ubuntu noble-updates/universe amd64 Components [386 kB]
2026-01-27T08:49:00.3122045Z Get:15 http://azure.archive.ubuntu.com/ubuntu noble-updates/universe amd64 c-n-f Metadata [31.6 kB]
2026-01-27T08:49:00.3135159Z Get:16 http://azure.archive.ubuntu.com/ubuntu noble-updates/restricted amd64 Packages [2506 kB]
2026-01-27T08:49:00.3306745Z Get:17 http://azure.archive.ubuntu.com/ubuntu noble-updates/restricted Translation-en [573 kB]
2026-01-27T08:49:00.3785769Z Get:18 http://azure.archive.ubuntu.com/ubuntu noble-updates/restricted amd64 Components [212 B]
2026-01-27T08:49:00.3794163Z Get:19 http://azure.archive.ubuntu.com/ubuntu noble-updates/restricted amd64 c-n-f Metadata [556 B]
2026-01-27T08:49:00.3823989Z Get:20 http://azure.archive.ubuntu.com/ubuntu noble-updates/multiverse amd64 Packages [31.8 kB]
2026-01-27T08:49:00.3876191Z Get:21 http://azure.archive.ubuntu.com/ubuntu noble-updates/multiverse Translation-en [6348 B]
2026-01-27T08:49:00.3888251Z Get:22 http://azure.archive.ubuntu.com/ubuntu noble-updates/multiverse amd64 Components [940 B]
2026-01-27T08:49:00.3893234Z Get:23 http://azure.archive.ubuntu.com/ubuntu noble-updates/multiverse amd64 c-n-f Metadata [496 B]
2026-01-27T08:49:00.3898429Z Get:24 http://azure.archive.ubuntu.com/ubuntu noble-backports/main amd64 Components [7300 B]
2026-01-27T08:49:00.3912894Z Get:25 http://azure.archive.ubuntu.com/ubuntu noble-backports/universe amd64 Components [10.5 kB]
2026-01-27T08:49:00.3925188Z Get:26 http://azure.archive.ubuntu.com/ubuntu noble-backports/restricted amd64 Components [212 B]
2026-01-27T08:49:00.3956903Z Get:27 http://azure.archive.ubuntu.com/ubuntu noble-backports/multiverse amd64 Components [212 B]
2026-01-27T08:49:00.3986792Z Get:28 http://azure.archive.ubuntu.com/ubuntu noble-security/main amd64 Packages [1410 kB]
2026-01-27T08:49:00.4085077Z Get:29 http://azure.archive.ubuntu.com/ubuntu noble-security/main Translation-en [229 kB]
2026-01-27T08:49:00.4117899Z Get:30 http://azure.archive.ubuntu.com/ubuntu noble-security/main amd64 Components [21.5 kB]
2026-01-27T08:49:00.4146846Z Get:31 http://azure.archive.ubuntu.com/ubuntu noble-security/main amd64 c-n-f Metadata [9820 B]
2026-01-27T08:49:00.4587532Z Get:32 http://azure.archive.ubuntu.com/ubuntu noble-security/universe amd64 Packages [924 kB]
2026-01-27T08:49:00.4667877Z Get:33 http://azure.archive.ubuntu.com/ubuntu noble-security/universe Translation-en [209 kB]
2026-01-27T08:49:00.4699451Z Get:34 http://azure.archive.ubuntu.com/ubuntu noble-security/universe amd64 Components [74.2 kB]
2026-01-27T08:49:00.4724682Z Get:35 http://azure.archive.ubuntu.com/ubuntu noble-security/universe amd64 c-n-f Metadata [19.7 kB]
2026-01-27T08:49:00.4735888Z Get:36 http://azure.archive.ubuntu.com/ubuntu noble-security/restricted amd64 Components [208 B]
2026-01-27T08:49:00.4755117Z Get:37 http://azure.archive.ubuntu.com/ubuntu noble-security/multiverse amd64 Packages [28.0 kB]
2026-01-27T08:49:00.4785731Z Get:38 http://azure.archive.ubuntu.com/ubuntu noble-security/multiverse Translation-en [6472 B]
2026-01-27T08:49:00.4818548Z Get:39 http://azure.archive.ubuntu.com/ubuntu noble-security/multiverse amd64 Components [208 B]
2026-01-27T08:49:00.5124036Z Get:40 https://packages.microsoft.com/ubuntu/24.04/prod noble/main arm64 Packages [66.5 kB]
2026-01-27T08:49:00.5185642Z Get:41 https://packages.microsoft.com/ubuntu/24.04/prod noble/main all Packages [650 B]
2026-01-27T08:49:00.5221521Z Get:42 https://packages.microsoft.com/ubuntu/24.04/prod noble/main amd64 Packages [85.7 kB]
2026-01-27T08:49:00.5259931Z Get:43 https://packages.microsoft.com/ubuntu/24.04/prod noble/main armhf Packages [12.3 kB]
2026-01-27T08:49:09.5859859Z Fetched 11.1 MB in 1s (8062 kB/s)
2026-01-27T08:49:10.4176649Z Reading package lists...
2026-01-27T08:49:10.4509820Z Reading package lists...
2026-01-27T08:49:10.6736352Z Building dependency tree...
2026-01-27T08:49:10.6744213Z Reading state information...
2026-01-27T08:49:10.9240224Z patchelf is already the newest version (0.18.0-1.1build1).
2026-01-27T08:49:10.9241555Z The following additional packages will be installed:
2026-01-27T08:49:10.9242580Z   bsdextrautils bsdutils bubblewrap build-essential bzip2-doc eject fdisk
2026-01-27T08:49:10.9243570Z   gir1.2-appindicator3-0.1 gir1.2-atk-1.0 gir1.2-atspi-2.0
2026-01-27T08:49:10.9244566Z   gir1.2-dbusmenu-glib-0.4 gir1.2-freedesktop gir1.2-freedesktop-dev
2026-01-27T08:49:10.9245610Z   gir1.2-gdkpixbuf-2.0 gir1.2-girepository-2.0-dev gir1.2-glib-2.0
2026-01-27T08:49:10.9246543Z   gir1.2-glib-2.0-dev gir1.2-gtk-3.0 gir1.2-harfbuzz-0.0
2026-01-27T08:49:10.9247472Z   gir1.2-javascriptcoregtk-4.1 gir1.2-pango-1.0 gir1.2-rsvg-2.0
2026-01-27T08:49:10.9248419Z   gir1.2-soup-3.0 gir1.2-webkit2-4.1 glib-networking glib-networking-common
2026-01-27T08:49:10.9249509Z   glib-networking-services gobject-introspection gobject-introspection-bin
2026-01-27T08:49:10.9250660Z   gsettings-desktop-schemas gstreamer1.0-gl gstreamer1.0-plugins-base
2026-01-27T08:49:10.9251912Z   gstreamer1.0-plugins-good gstreamer1.0-x libaa1 libappindicator3-1
2026-01-27T08:49:10.9252872Z   libasyncns0 libatk-bridge2.0-dev libatk1.0-dev libatspi2.0-dev libavc1394-0
2026-01-27T08:49:10.9253877Z   libblkid-dev libblkid1 libbrotli-dev libbz2-dev libcaca0
2026-01-27T08:49:10.9254845Z   libcairo-script-interpreter2 libcairo2-dev libcdparanoia0 libdatrie-dev
2026-01-27T08:49:10.9255867Z   libdbus-1-dev libdbus-glib-1-2 libdbus-glib-1-dev libdbus-glib-1-dev-bin
2026-01-27T08:49:10.9256945Z   libdbusmenu-glib-dev libdeflate-dev libdv4t64 libegl-dev libegl-mesa0
2026-01-27T08:49:10.9257824Z   libegl1 libegl1-mesa-dev libepoxy-dev libfdisk1 libflac12t64
2026-01-27T08:49:10.9258753Z   libfontconfig-dev libfreetype-dev libfribidi-dev libgdk-pixbuf-2.0-dev
2026-01-27T08:49:10.9259722Z   libgdk-pixbuf2.0-bin libgirepository-1.0-dev libgirepository-2.0-0
2026-01-27T08:49:10.9260621Z   libgirepository1.0-dev libgl-dev libgles-dev libgles1 libgles2
2026-01-27T08:49:10.9261709Z   libglib2.0-0t64 libglib2.0-bin libglib2.0-data libglib2.0-dev
2026-01-27T08:49:10.9262670Z   libglib2.0-dev-bin libglvnd-core-dev libglvnd-dev libglx-dev
2026-01-27T08:49:10.9263665Z   libgraphene-1.0-0 libgraphite2-dev libgstreamer-gl1.0-0
2026-01-27T08:49:10.9265208Z   libgstreamer-plugins-base1.0-0 libgstreamer-plugins-good1.0-0 libgtk-3-dev
2026-01-27T08:49:10.9266463Z   libharfbuzz-cairo0 libharfbuzz-dev libharfbuzz-gobject0 libharfbuzz-icu0
2026-01-27T08:49:10.9267313Z   libharfbuzz-subset0 libhyphen0 libice-dev libiec61883-0
2026-01-27T08:49:10.9268155Z   libjavascriptcoregtk-4.1-0 libjavascriptcoregtk-4.1-dev libjbig-dev
2026-01-27T08:49:10.9269441Z   libjpeg-dev libjpeg-turbo8-dev libjpeg8-dev liblerc-dev liblzma-dev
2026-01-27T08:49:10.9270294Z   libmanette-0.2-0 libmount-dev libmount1 libmp3lame0 libmpg123-0t64
2026-01-27T08:49:10.9271439Z   libnghttp2-dev libopengl-dev libopengl0 libopus0 liborc-0.4-0t64
2026-01-27T08:49:10.9272263Z   libpango1.0-dev libpangoxft-1.0-0 libpipewire-0.3-0t64
2026-01-27T08:49:10.9273261Z   libpipewire-0.3-common libpixman-1-dev libpng-dev libpng-tools
2026-01-27T08:49:10.9274185Z   libpng16-16t64 libproxy1v5 libpsl-dev libpthread-stubs0-dev libpulse0
2026-01-27T08:49:10.9275386Z   libraw1394-11 librsvg2-2 librsvg2-common libsecret-1-0 libsecret-common
2026-01-27T08:49:10.9276629Z   libselinux1-dev libsepol-dev libsharpyuv-dev libshout3 libsm-dev
2026-01-27T08:49:10.9277692Z   libsmartcols1 libsndfile1 libsoup-3.0-0 libsoup-3.0-common libsoup-3.0-dev
2026-01-27T08:49:10.9278673Z   libspa-0.2-modules libspeex1 libsysprof-capture-4-dev libtag1v5
2026-01-27T08:49:10.9279756Z   libtag1v5-vanilla libthai-dev libtheora0 libtiff-dev libtiffxx6 libtwolame0
2026-01-27T08:49:10.9280923Z   libuuid1 libv4l-0t64 libv4lconvert0t64 libvisual-0.4-0 libvorbisenc2 libvpx9
2026-01-27T08:49:10.9282006Z   libwavpack1 libwayland-bin libwayland-dev libwebkit2gtk-4.1-0 libwebp-dev
2026-01-27T08:49:10.9283099Z   libwebpdecoder3 libwebrtc-audio-processing1 libwoff1 libx11-dev libxau-dev
2026-01-27T08:49:10.9284132Z   libxcb-render0-dev libxcb-shm0-dev libxcb1-dev libxcomposite-dev
2026-01-27T08:49:10.9285031Z   libxcursor-dev libxdamage-dev libxdmcp-dev libxext-dev libxfixes-dev
2026-01-27T08:49:10.9286064Z   libxft-dev libxi-dev libxinerama-dev libxkbcommon-dev libxrandr-dev
2026-01-27T08:49:10.9287108Z   libxrender-dev libxtst-dev libxv1 mount pango1.0-tools python3-mako
2026-01-27T08:49:10.9288002Z   python3-markdown session-migration util-linux uuid-dev uuid-runtime
2026-01-27T08:49:10.9289010Z   wayland-protocols x11proto-dev xdg-dbus-proxy xdg-desktop-portal
2026-01-27T08:49:10.9289806Z   xdg-desktop-portal-gtk xorg-sgml-doctools xtrans-dev
2026-01-27T08:49:10.9290471Z Suggested packages:
2026-01-27T08:49:10.9291448Z   gvfs indicator-application libcairo2-doc libdatrie-doc libdv-bin oss-compat
2026-01-27T08:49:10.9292435Z   freetype2-doc libgirepository1.0-doc low-memory-monitor libglib2.0-doc
2026-01-27T08:49:10.9293479Z   libxml2-utils libgraphite2-utils libvisual-0.4-plugins libgtk-3-doc
2026-01-27T08:49:10.9294581Z   libice-doc liblzma-doc libnghttp2-doc opus-tools libpango1.0-doc pipewire
2026-01-27T08:49:10.9295704Z   pulseaudio libraw1394-doc librsvg2-bin librsvg2-doc libsm-doc
2026-01-27T08:49:10.9296638Z   libsoup-3.0-doc speex libthai-doc libwayland-doc gstreamer1.0-libav
2026-01-27T08:49:10.9297684Z   gstreamer1.0-plugins-bad gstreamer1.0-alsa libx11-doc libxcb-doc libxext-doc
2026-01-27T08:49:10.9298796Z   nfs-common graphicsmagick python-mako-doc python3-beaker python-markdown-doc
2026-01-27T08:49:10.9299704Z   util-linux-extra util-linux-locales accountsservice evince
2026-01-27T08:49:10.9373549Z   xdg-desktop-portal-gnome
2026-01-27T08:49:11.0243757Z The following NEW packages will be installed:
2026-01-27T08:49:11.0244451Z   bubblewrap build-essential bzip2-doc gir1.2-appindicator3-0.1 gir1.2-atk-1.0
2026-01-27T08:49:11.0245260Z   gir1.2-atspi-2.0 gir1.2-dbusmenu-glib-0.4 gir1.2-freedesktop
2026-01-27T08:49:11.0245961Z   gir1.2-freedesktop-dev gir1.2-gdkpixbuf-2.0 gir1.2-girepository-2.0-dev
2026-01-27T08:49:11.0246786Z   gir1.2-glib-2.0-dev gir1.2-gtk-3.0 gir1.2-harfbuzz-0.0
2026-01-27T08:49:11.0247428Z   gir1.2-javascriptcoregtk-4.1 gir1.2-pango-1.0 gir1.2-rsvg-2.0
2026-01-27T08:49:11.0248275Z   gir1.2-soup-3.0 gir1.2-webkit2-4.1 glib-networking glib-networking-common
2026-01-27T08:49:11.0249207Z   glib-networking-services gobject-introspection gobject-introspection-bin
2026-01-27T08:49:11.0249803Z   gsettings-desktop-schemas gstreamer1.0-gl gstreamer1.0-plugins-base
2026-01-27T08:49:11.0250615Z   gstreamer1.0-plugins-good gstreamer1.0-x libaa1 libappindicator3-1
2026-01-27T08:49:11.0251688Z   libappindicator3-dev libasyncns0 libatk-bridge2.0-dev libatk1.0-dev
2026-01-27T08:49:11.0252236Z   libatspi2.0-dev libavc1394-0 libblkid-dev libbrotli-dev libbz2-dev libcaca0
2026-01-27T08:49:11.0252803Z   libcairo-script-interpreter2 libcairo2-dev libcdparanoia0 libdatrie-dev
2026-01-27T08:49:11.0253359Z   libdbus-1-dev libdbus-glib-1-2 libdbus-glib-1-dev libdbus-glib-1-dev-bin
2026-01-27T08:49:11.0254037Z   libdbusmenu-glib-dev libdeflate-dev libdv4t64 libegl-dev libegl-mesa0
2026-01-27T08:49:11.0254558Z   libegl1 libegl1-mesa-dev libepoxy-dev libflac12t64 libfontconfig-dev
2026-01-27T08:49:11.0255109Z   libfreetype-dev libfribidi-dev libgdk-pixbuf-2.0-dev libgdk-pixbuf2.0-bin
2026-01-27T08:49:11.0255787Z   libgirepository-1.0-dev libgirepository-2.0-0 libgirepository1.0-dev
2026-01-27T08:49:11.0256298Z   libgl-dev libgles-dev libgles1 libgles2 libglib2.0-dev libglib2.0-dev-bin
2026-01-27T08:49:11.0256839Z   libglvnd-core-dev libglvnd-dev libglx-dev libgraphene-1.0-0 libgraphite2-dev
2026-01-27T08:49:11.0257331Z   libgstreamer-gl1.0-0 libgstreamer-plugins-base1.0-0
2026-01-27T08:49:11.0257771Z   libgstreamer-plugins-good1.0-0 libgtk-3-dev libharfbuzz-cairo0
2026-01-27T08:49:11.0258304Z   libharfbuzz-dev libharfbuzz-gobject0 libharfbuzz-icu0 libharfbuzz-subset0
2026-01-27T08:49:11.0258817Z   libhyphen0 libice-dev libiec61883-0 libjavascriptcoregtk-4.1-0
2026-01-27T08:49:11.0259462Z   libjavascriptcoregtk-4.1-dev libjbig-dev libjpeg-dev libjpeg-turbo8-dev
2026-01-27T08:49:11.0259978Z   libjpeg8-dev liblerc-dev liblzma-dev libmanette-0.2-0 libmount-dev
2026-01-27T08:49:11.0260501Z   libmp3lame0 libmpg123-0t64 libnghttp2-dev libopengl-dev libopengl0 libopus0
2026-01-27T08:49:11.0261378Z   liborc-0.4-0t64 libpango1.0-dev libpangoxft-1.0-0 libpipewire-0.3-0t64
2026-01-27T08:49:11.0261958Z   libpipewire-0.3-common libpixman-1-dev libpng-dev libpng-tools libproxy1v5
2026-01-27T08:49:11.0262492Z   libpsl-dev libpthread-stubs0-dev libpulse0 libraw1394-11 librsvg2-2
2026-01-27T08:49:11.0263031Z   librsvg2-common librsvg2-dev libsecret-1-0 libsecret-common libselinux1-dev
2026-01-27T08:49:11.0263735Z   libsepol-dev libsharpyuv-dev libshout3 libsm-dev libsndfile1 libsoup-3.0-0
2026-01-27T08:49:11.0264310Z   libsoup-3.0-common libsoup-3.0-dev libspa-0.2-modules libspeex1
2026-01-27T08:49:11.0264825Z   libsysprof-capture-4-dev libtag1v5 libtag1v5-vanilla libthai-dev libtheora0
2026-01-27T08:49:11.0265359Z   libtiff-dev libtiffxx6 libtwolame0 libv4l-0t64 libv4lconvert0t64
2026-01-27T08:49:11.0265843Z   libvisual-0.4-0 libvorbisenc2 libvpx9 libwavpack1 libwayland-bin
2026-01-27T08:49:11.0266328Z   libwayland-dev libwebkit2gtk-4.1-0 libwebkit2gtk-4.1-dev libwebp-dev
2026-01-27T08:49:11.0266899Z   libwebpdecoder3 libwebrtc-audio-processing1 libwoff1 libx11-dev libxau-dev
2026-01-27T08:49:11.0267807Z   libxcb-render0-dev libxcb-shm0-dev libxcb1-dev libxcomposite-dev
2026-01-27T08:49:11.0268346Z   libxcursor-dev libxdamage-dev libxdmcp-dev libxext-dev libxfixes-dev
2026-01-27T08:49:11.0268832Z   libxft-dev libxi-dev libxinerama-dev libxkbcommon-dev libxrandr-dev
2026-01-27T08:49:11.0269314Z   libxrender-dev libxtst-dev libxv1 pango1.0-tools python3-mako
2026-01-27T08:49:11.0269835Z   python3-markdown session-migration uuid-dev wayland-protocols x11proto-dev
2026-01-27T08:49:11.0270394Z   xdg-dbus-proxy xdg-desktop-portal xdg-desktop-portal-gtk xorg-sgml-doctools
2026-01-27T08:49:11.0270906Z   xtrans-dev
2026-01-27T08:49:11.0271157Z The following packages will be upgraded:
2026-01-27T08:49:11.0271566Z   bsdextrautils bsdutils eject fdisk gir1.2-glib-2.0 libblkid1 libfdisk1
2026-01-27T08:49:11.0272073Z   libglib2.0-0t64 libglib2.0-bin libglib2.0-data libmount1 libpng16-16t64
2026-01-27T08:49:11.0272975Z   libsmartcols1 libuuid1 mount util-linux uuid-runtime
2026-01-27T08:49:11.0509408Z 17 upgraded, 187 newly installed, 0 to remove and 53 not upgraded.
2026-01-27T08:49:11.0510139Z Need to get 64.5 MB of archives.
2026-01-27T08:49:11.0511038Z After this operation, 263 MB of additional disk space will be used.
2026-01-27T08:49:11.0512153Z Get:1 file:/etc/apt/apt-mirrors.txt Mirrorlist [144 B]
2026-01-27T08:49:11.0858321Z Get:2 http://azure.archive.ubuntu.com/ubuntu noble-updates/main amd64 bsdutils amd64 1:2.39.3-9ubuntu6.4 [95.6 kB]
2026-01-27T08:49:11.0985152Z Get:3 http://azure.archive.ubuntu.com/ubuntu noble-updates/main amd64 util-linux amd64 2.39.3-9ubuntu6.4 [1128 kB]
2026-01-27T08:49:11.1319288Z Get:4 http://azure.archive.ubuntu.com/ubuntu noble-updates/main amd64 mount amd64 2.39.3-9ubuntu6.4 [118 kB]
2026-01-27T08:49:11.1416826Z Get:5 http://azure.archive.ubuntu.com/ubuntu noble-updates/main amd64 libsmartcols1 amd64 2.39.3-9ubuntu6.4 [65.6 kB]
2026-01-27T08:49:11.1509713Z Get:6 http://azure.archive.ubuntu.com/ubuntu noble-updates/main amd64 libuuid1 amd64 2.39.3-9ubuntu6.4 [35.9 kB]
2026-01-27T08:49:11.1596338Z Get:7 http://azure.archive.ubuntu.com/ubuntu noble-updates/main amd64 uuid-runtime amd64 2.39.3-9ubuntu6.4 [33.1 kB]
2026-01-27T08:49:11.1685438Z Get:8 http://azure.archive.ubuntu.com/ubuntu noble-updates/main amd64 libblkid1 amd64 2.39.3-9ubuntu6.4 [123 kB]
2026-01-27T08:49:11.1787419Z Get:9 http://azure.archive.ubuntu.com/ubuntu noble-updates/main amd64 libmount1 amd64 2.39.3-9ubuntu6.4 [134 kB]
2026-01-27T08:49:11.1892114Z Get:10 http://azure.archive.ubuntu.com/ubuntu noble-updates/main amd64 eject amd64 2.39.3-9ubuntu6.4 [26.3 kB]
2026-01-27T08:49:11.1971513Z Get:11 http://azure.archive.ubuntu.com/ubuntu noble-updates/main amd64 libglib2.0-data all 2.80.0-6ubuntu3.7 [49.4 kB]
2026-01-27T08:49:11.2059006Z Get:12 http://azure.archive.ubuntu.com/ubuntu noble-updates/main amd64 libglib2.0-bin amd64 2.80.0-6ubuntu3.7 [97.9 kB]
2026-01-27T08:49:11.2150884Z Get:13 http://azure.archive.ubuntu.com/ubuntu noble-updates/main amd64 gir1.2-glib-2.0 amd64 2.80.0-6ubuntu3.7 [183 kB]
2026-01-27T08:49:11.2249134Z Get:14 http://azure.archive.ubuntu.com/ubuntu noble-updates/main amd64 libglib2.0-0t64 amd64 2.80.0-6ubuntu3.7 [1545 kB]
2026-01-27T08:49:11.2482792Z Get:15 http://azure.archive.ubuntu.com/ubuntu noble-updates/main amd64 libfdisk1 amd64 2.39.3-9ubuntu6.4 [146 kB]
2026-01-27T08:49:11.2580495Z Get:16 http://azure.archive.ubuntu.com/ubuntu noble-updates/main amd64 bsdextrautils amd64 2.39.3-9ubuntu6.4 [73.7 kB]
2026-01-27T08:49:11.2671477Z Get:17 http://azure.archive.ubuntu.com/ubuntu noble-updates/main amd64 libpng16-16t64 amd64 1.6.43-5ubuntu0.3 [188 kB]
2026-01-27T08:49:11.2769001Z Get:18 http://azure.archive.ubuntu.com/ubuntu noble-updates/main amd64 bubblewrap amd64 0.9.0-1ubuntu0.1 [50.2 kB]
2026-01-27T08:49:11.2857412Z Get:19 http://azure.archive.ubuntu.com/ubuntu noble/main amd64 build-essential amd64 12.10ubuntu1 [4928 B]
2026-01-27T08:49:11.3382334Z Get:20 http://azure.archive.ubuntu.com/ubuntu noble-updates/main amd64 bzip2-doc all 1.0.8-5.1build0.1 [499 kB]
2026-01-27T08:49:11.3504912Z Get:21 http://azure.archive.ubuntu.com/ubuntu noble-updates/main amd64 fdisk amd64 2.39.3-9ubuntu6.4 [122 kB]
2026-01-27T08:49:11.3597612Z Get:22 http://azure.archive.ubuntu.com/ubuntu noble/main amd64 gir1.2-atk-1.0 amd64 2.52.0-1build1 [23.1 kB]
2026-01-27T08:49:11.3684501Z Get:23 http://azure.archive.ubuntu.com/ubuntu noble/main amd64 gir1.2-freedesktop amd64 1.80.1-1 [49.7 kB]
2026-01-27T08:49:11.3771004Z Get:24 http://azure.archive.ubuntu.com/ubuntu noble-updates/main amd64 gir1.2-gdkpixbuf-2.0 amd64 2.42.10+dfsg-3ubuntu3.2 [9488 B]
2026-01-27T08:49:11.3855770Z Get:25 http://azure.archive.ubuntu.com/ubuntu noble/main amd64 libharfbuzz-gobject0 amd64 8.3.0-2build2 [34.3 kB]
2026-01-27T08:49:11.3942677Z Get:26 http://azure.archive.ubuntu.com/ubuntu noble/main amd64 gir1.2-harfbuzz-0.0 amd64 8.3.0-2build2 [44.5 kB]
2026-01-27T08:49:11.4028689Z Get:27 http://azure.archive.ubuntu.com/ubuntu noble/main amd64 libpangoxft-1.0-0 amd64 1.52.1+ds-1build1 [20.3 kB]
2026-01-27T08:49:11.4112734Z Get:28 http://azure.archive.ubuntu.com/ubuntu noble/main amd64 gir1.2-pango-1.0 amd64 1.52.1+ds-1build1 [34.8 kB]
2026-01-27T08:49:11.4203404Z Get:29 http://azure.archive.ubuntu.com/ubuntu noble-updates/main amd64 gir1.2-gtk-3.0 amd64 3.24.41-4ubuntu1.3 [245 kB]
2026-01-27T08:49:11.4304731Z Get:30 http://azure.archive.ubuntu.com/ubuntu noble/universe amd64 libappindicator3-1 amd64 12.10.1+20.10.20200706.1-0ubuntu5 [23.3 kB]
2026-01-27T08:49:11.4387425Z Get:31 http://azure.archive.ubuntu.com/ubuntu noble/universe amd64 gir1.2-appindicator3-0.1 amd64 12.10.1+20.10.20200706.1-0ubuntu5 [3520 B]
2026-01-27T08:49:11.4478422Z Get:32 http://azure.archive.ubuntu.com/ubuntu noble/main amd64 gir1.2-atspi-2.0 amd64 2.52.0-1build1 [19.8 kB]
2026-01-27T08:49:11.4554748Z Get:33 http://azure.archive.ubuntu.com/ubuntu noble/main amd64 gir1.2-dbusmenu-glib-0.4 amd64 18.10.20180917~bzr492+repack1-3.1ubuntu5 [7088 B]
2026-01-27T08:49:11.4624961Z Get:34 http://azure.archive.ubuntu.com/ubuntu noble-updates/main amd64 gir1.2-glib-2.0-dev amd64 2.80.0-6ubuntu3.7 [848 kB]
2026-01-27T08:49:11.4794184Z Get:35 http://azure.archive.ubuntu.com/ubuntu noble/main amd64 gir1.2-freedesktop-dev amd64 1.80.1-1 [28.8 kB]
2026-01-27T08:49:11.4867486Z Get:36 http://azure.archive.ubuntu.com/ubuntu noble/main amd64 gir1.2-girepository-2.0-dev amd64 1.80.1-1 [41.5 kB]
2026-01-27T08:49:11.4950485Z Get:37 http://azure.archive.ubuntu.com/ubuntu noble-updates/main amd64 libjavascriptcoregtk-4.1-0 amd64 2.50.4-0ubuntu0.24.04.1 [7934 kB]
2026-01-27T08:49:11.5917776Z Get:38 http://azure.archive.ubuntu.com/ubuntu noble-updates/main amd64 gir1.2-javascriptcoregtk-4.1 amd64 2.50.4-0ubuntu0.24.04.1 [38.6 kB]
2026-01-27T08:49:11.6002556Z Get:39 http://azure.archive.ubuntu.com/ubuntu noble/main amd64 librsvg2-2 amd64 2.58.0+dfsg-1build1 [2135 kB]
2026-01-27T08:49:11.6197243Z Get:40 http://azure.archive.ubuntu.com/ubuntu noble/main amd64 gir1.2-rsvg-2.0 amd64 2.58.0+dfsg-1build1 [11.1 kB]
2026-01-27T08:49:11.6276246Z Get:41 http://azure.archive.ubuntu.com/ubuntu noble/main amd64 libproxy1v5 amd64 0.5.4-4build1 [26.5 kB]
2026-01-27T08:49:11.6393940Z Get:42 http://azure.archive.ubuntu.com/ubuntu noble/main amd64 glib-networking-common all 2.80.0-1build1 [6702 B]
2026-01-27T08:49:11.6468917Z Get:43 http://azure.archive.ubuntu.com/ubuntu noble/main amd64 glib-networking-services amd64 2.80.0-1build1 [12.8 kB]
2026-01-27T08:49:11.6544092Z Get:44 http://azure.archive.ubuntu.com/ubuntu noble/main amd64 session-migration amd64 0.3.9build1 [9034 B]
2026-01-27T08:49:11.6631388Z Get:45 http://azure.archive.ubuntu.com/ubuntu noble-updates/main amd64 gsettings-desktop-schemas all 46.1-0ubuntu1 [35.6 kB]
2026-01-27T08:49:11.6709643Z Get:46 http://azure.archive.ubuntu.com/ubuntu noble/main amd64 glib-networking amd64 2.80.0-1build1 [64.1 kB]
2026-01-27T08:49:11.6790215Z Get:47 http://azure.archive.ubuntu.com/ubuntu noble-updates/main amd64 libsoup-3.0-common all 3.4.4-5ubuntu0.6 [11.4 kB]
2026-01-27T08:49:11.6869258Z Get:48 http://azure.archive.ubuntu.com/ubuntu noble-updates/main amd64 libsoup-3.0-0 amd64 3.4.4-5ubuntu0.6 [291 kB]
2026-01-27T08:49:11.6964030Z Get:49 http://azure.archive.ubuntu.com/ubuntu noble-updates/main amd64 gir1.2-soup-3.0 amd64 3.4.4-5ubuntu0.6 [22.5 kB]
2026-01-27T08:49:11.7041865Z Get:50 http://azure.archive.ubuntu.com/ubuntu noble/main amd64 libcdparanoia0 amd64 3.10.2+debian-14build3 [48.5 kB]
2026-01-27T08:49:11.7124332Z Get:51 http://azure.archive.ubuntu.com/ubuntu noble-updates/main amd64 liborc-0.4-0t64 amd64 1:0.4.38-1ubuntu0.1 [207 kB]
2026-01-27T08:49:11.7218331Z Get:52 http://azure.archive.ubuntu.com/ubuntu noble-updates/main amd64 libgstreamer-plugins-base1.0-0 amd64 1.24.2-1ubuntu0.3 [862 kB]
2026-01-27T08:49:11.7348242Z Get:53 http://azure.archive.ubuntu.com/ubuntu noble/main amd64 libopus0 amd64 1.4-1build1 [208 kB]
2026-01-27T08:49:11.7485165Z Get:54 http://azure.archive.ubuntu.com/ubuntu noble/main amd64 libtheora0 amd64 1.1.1+dfsg.1-16.1build3 [211 kB]
2026-01-27T08:49:11.7583797Z Get:55 http://azure.archive.ubuntu.com/ubuntu noble/main amd64 libvisual-0.4-0 amd64 0.4.2-2build1 [115 kB]
2026-01-27T08:49:11.8161389Z Get:56 http://azure.archive.ubuntu.com/ubuntu noble/main amd64 libvorbisenc2 amd64 1.3.7-1build3 [80.8 kB]
2026-01-27T08:49:11.8245792Z Get:57 http://azure.archive.ubuntu.com/ubuntu noble-updates/main amd64 gstreamer1.0-plugins-base amd64 1.24.2-1ubuntu0.3 [721 kB]
2026-01-27T08:49:11.8381371Z Get:58 http://azure.archive.ubuntu.com/ubuntu noble/main amd64 libaa1 amd64 1.4p5-51.1 [49.9 kB]
2026-01-27T08:49:11.8459418Z Get:59 http://azure.archive.ubuntu.com/ubuntu noble/main amd64 libraw1394-11 amd64 2.1.2-2build3 [26.2 kB]
2026-01-27T08:49:11.8534041Z Get:60 http://azure.archive.ubuntu.com/ubuntu noble/main amd64 libavc1394-0 amd64 0.5.4-5build3 [15.4 kB]
2026-01-27T08:49:11.8612416Z Get:61 http://azure.archive.ubuntu.com/ubuntu noble-updates/main amd64 libcaca0 amd64 0.99.beta20-4ubuntu0.1 [209 kB]
2026-01-27T08:49:11.8703751Z Get:62 http://azure.archive.ubuntu.com/ubuntu noble/main amd64 libdv4t64 amd64 1.0.0-17.1build1 [63.2 kB]
2026-01-27T08:49:11.8784788Z Get:63 http://azure.archive.ubuntu.com/ubuntu noble/main amd64 libflac12t64 amd64 1.4.3+ds-2.1ubuntu2 [197 kB]
2026-01-27T08:49:11.8876292Z Get:64 http://azure.archive.ubuntu.com/ubuntu noble-updates/main amd64 libgstreamer-plugins-good1.0-0 amd64 1.24.2-1ubuntu1.2 [33.0 kB]
2026-01-27T08:49:11.8956912Z Get:65 http://azure.archive.ubuntu.com/ubuntu noble/main amd64 libiec61883-0 amd64 1.2.0-6build1 [24.5 kB]
2026-01-27T08:49:11.9036478Z Get:66 http://azure.archive.ubuntu.com/ubuntu noble/main amd64 libmp3lame0 amd64 3.100-6build1 [142 kB]
2026-01-27T08:49:11.9125343Z Get:67 http://azure.archive.ubuntu.com/ubuntu noble-updates/main amd64 libmpg123-0t64 amd64 1.32.5-1ubuntu1.1 [169 kB]
2026-01-27T08:49:11.9210949Z Get:68 http://azure.archive.ubuntu.com/ubuntu noble/main amd64 libasyncns0 amd64 0.8-6build4 [11.3 kB]
2026-01-27T08:49:11.9286119Z Get:69 http://azure.archive.ubuntu.com/ubuntu noble-updates/main amd64 libsndfile1 amd64 1.2.2-1ubuntu5.24.04.1 [209 kB]
2026-01-27T08:49:11.9377679Z Get:70 http://azure.archive.ubuntu.com/ubuntu noble-updates/main amd64 libpulse0 amd64 1:16.1+dfsg1-2ubuntu10.1 [292 kB]
2026-01-27T08:49:11.9475140Z Get:71 http://azure.archive.ubuntu.com/ubuntu noble-updates/main amd64 libspeex1 amd64 1.2.1-2ubuntu2.24.04.1 [59.6 kB]
2026-01-27T08:49:11.9562284Z Get:72 http://azure.archive.ubuntu.com/ubuntu noble/main amd64 libshout3 amd64 2.4.6-1build2 [50.3 kB]
2026-01-27T08:49:11.9647145Z Get:73 http://azure.archive.ubuntu.com/ubuntu noble/main amd64 libtag1v5-vanilla amd64 1.13.1-1build1 [326 kB]
2026-01-27T08:49:11.9752425Z Get:74 http://azure.archive.ubuntu.com/ubuntu noble/main amd64 libtag1v5 amd64 1.13.1-1build1 [11.7 kB]
2026-01-27T08:49:12.0294365Z Get:75 http://azure.archive.ubuntu.com/ubuntu noble/main amd64 libtwolame0 amd64 0.4.0-2build3 [52.3 kB]
2026-01-27T08:49:12.0384061Z Get:76 http://azure.archive.ubuntu.com/ubuntu noble/main amd64 libv4lconvert0t64 amd64 1.26.1-4build3 [87.6 kB]
2026-01-27T08:49:12.0467663Z Get:77 http://azure.archive.ubuntu.com/ubuntu noble/main amd64 libv4l-0t64 amd64 1.26.1-4build3 [46.9 kB]
2026-01-27T08:49:12.0545868Z Get:78 http://azure.archive.ubuntu.com/ubuntu noble-updates/main amd64 libvpx9 amd64 1.14.0-1ubuntu2.2 [1143 kB]
2026-01-27T08:49:12.0750142Z Get:79 http://azure.archive.ubuntu.com/ubuntu noble/main amd64 libwavpack1 amd64 5.6.0-1build1 [84.6 kB]
2026-01-27T08:49:12.0835890Z Get:80 http://azure.archive.ubuntu.com/ubuntu noble-updates/main amd64 gstreamer1.0-plugins-good amd64 1.24.2-1ubuntu1.2 [2238 kB]
2026-01-27T08:49:12.1079790Z Get:81 http://azure.archive.ubuntu.com/ubuntu noble/main amd64 libgles2 amd64 1.7.0-1build1 [17.1 kB]
2026-01-27T08:49:12.1155329Z Get:82 http://azure.archive.ubuntu.com/ubuntu noble-updates/main amd64 xdg-dbus-proxy amd64 0.1.5-1ubuntu0.1 [26.2 kB]
2026-01-27T08:49:12.1232713Z Get:83 http://azure.archive.ubuntu.com/ubuntu noble-updates/main amd64 libegl-mesa0 amd64 25.0.7-0ubuntu0.24.04.2 [124 kB]
2026-01-27T08:49:12.1312948Z Get:84 http://azure.archive.ubuntu.com/ubuntu noble/main amd64 libegl1 amd64 1.7.0-1build1 [28.7 kB]
2026-01-27T08:49:12.1391933Z Get:85 http://azure.archive.ubuntu.com/ubuntu noble-updates/main amd64 libgstreamer-gl1.0-0 amd64 1.24.2-1ubuntu0.3 [214 kB]
2026-01-27T08:49:12.1486004Z Get:86 http://azure.archive.ubuntu.com/ubuntu noble/main amd64 libharfbuzz-icu0 amd64 8.3.0-2build2 [13.3 kB]
2026-01-27T08:49:12.1564609Z Get:87 http://azure.archive.ubuntu.com/ubuntu noble/main amd64 libhyphen0 amd64 2.8.8-7build3 [26.5 kB]
2026-01-27T08:49:12.1644665Z Get:88 http://azure.archive.ubuntu.com/ubuntu noble/main amd64 libmanette-0.2-0 amd64 0.2.7-1build2 [30.6 kB]
2026-01-27T08:49:12.1719234Z Get:89 http://azure.archive.ubuntu.com/ubuntu noble/main amd64 libsecret-common all 0.21.4-1build3 [4962 B]
2026-01-27T08:49:12.1804718Z Get:90 http://azure.archive.ubuntu.com/ubuntu noble/main amd64 libsecret-1-0 amd64 0.21.4-1build3 [116 kB]
2026-01-27T08:49:12.1905998Z Get:91 http://azure.archive.ubuntu.com/ubuntu noble/main amd64 libwoff1 amd64 1.0.2-2build1 [45.3 kB]
2026-01-27T08:49:12.1984128Z Get:92 http://azure.archive.ubuntu.com/ubuntu noble-updates/main amd64 libwebkit2gtk-4.1-0 amd64 2.50.4-0ubuntu0.24.04.1 [24.1 MB]
2026-01-27T08:49:12.4049041Z Get:93 http://azure.archive.ubuntu.com/ubuntu noble-updates/main amd64 gir1.2-webkit2-4.1 amd64 2.50.4-0ubuntu0.24.04.1 [105 kB]
2026-01-27T08:49:12.4144439Z Get:94 http://azure.archive.ubuntu.com/ubuntu noble/main amd64 python3-mako all 1.3.2-1 [63.3 kB]
2026-01-27T08:49:12.4232917Z Get:95 http://azure.archive.ubuntu.com/ubuntu noble/main amd64 python3-markdown all 3.5.2-1 [72.0 kB]
2026-01-27T08:49:12.4318479Z Get:96 http://azure.archive.ubuntu.com/ubuntu noble/main amd64 gobject-introspection-bin amd64 1.80.1-1 [254 kB]
2026-01-27T08:49:12.4410620Z Get:97 http://azure.archive.ubuntu.com/ubuntu noble-updates/main amd64 libglib2.0-dev-bin amd64 2.80.0-6ubuntu3.7 [138 kB]
2026-01-27T08:49:12.4496322Z Get:98 http://azure.archive.ubuntu.com/ubuntu noble-updates/main amd64 uuid-dev amd64 2.39.3-9ubuntu6.4 [33.5 kB]
2026-01-27T08:49:12.4573106Z Get:99 http://azure.archive.ubuntu.com/ubuntu noble-updates/main amd64 libblkid-dev amd64 2.39.3-9ubuntu6.4 [204 kB]
2026-01-27T08:49:12.4663167Z Get:100 http://azure.archive.ubuntu.com/ubuntu noble/main amd64 libsepol-dev amd64 3.5-2build1 [384 kB]
2026-01-27T08:49:12.4768542Z Get:101 http://azure.archive.ubuntu.com/ubuntu noble-updates/main amd64 libselinux1-dev amd64 3.5-2ubuntu2.1 [164 kB]
2026-01-27T08:49:12.4855395Z Get:102 http://azure.archive.ubuntu.com/ubuntu noble-updates/main amd64 libmount-dev amd64 2.39.3-9ubuntu6.4 [14.9 kB]
2026-01-27T08:49:12.4965658Z Get:103 http://azure.archive.ubuntu.com/ubuntu noble-updates/main amd64 libgirepository-2.0-0 amd64 2.80.0-6ubuntu3.7 [73.5 kB]
2026-01-27T08:49:12.5073339Z Get:104 http://azure.archive.ubuntu.com/ubuntu noble-updates/main amd64 libglib2.0-dev amd64 2.80.0-6ubuntu3.7 [1860 kB]
2026-01-27T08:49:12.5635705Z Get:105 http://azure.archive.ubuntu.com/ubuntu noble/main amd64 gobject-introspection amd64 1.80.1-1 [105 kB]
2026-01-27T08:49:12.5757095Z Get:106 http://azure.archive.ubuntu.com/ubuntu noble/main amd64 libgraphene-1.0-0 amd64 1.10.8-3build2 [46.2 kB]
2026-01-27T08:49:12.5849206Z Get:107 http://azure.archive.ubuntu.com/ubuntu noble-updates/main amd64 gstreamer1.0-gl amd64 1.24.2-1ubuntu0.3 [116 kB]
2026-01-27T08:49:12.5978558Z Get:108 http://azure.archive.ubuntu.com/ubuntu noble/main amd64 libxv1 amd64 2:1.0.11-1.1build1 [10.7 kB]
2026-01-27T08:49:12.6065878Z Get:109 http://azure.archive.ubuntu.com/ubuntu noble-updates/main amd64 gstreamer1.0-x amd64 1.24.2-1ubuntu0.3 [85.1 kB]
2026-01-27T08:49:12.6177081Z Get:110 http://azure.archive.ubuntu.com/ubuntu noble/main amd64 libdbusmenu-glib-dev amd64 18.10.20180917~bzr492+repack1-3.1ubuntu5 [70.6 kB]
2026-01-27T08:49:12.6282130Z Get:111 http://azure.archive.ubuntu.com/ubuntu noble-updates/main amd64 libdbus-1-dev amd64 1.14.10-4ubuntu4.1 [190 kB]
2026-01-27T08:49:12.6439485Z Get:112 http://azure.archive.ubuntu.com/ubuntu noble/main amd64 libdbus-glib-1-2 amd64 0.112-3build2 [64.2 kB]
2026-01-27T08:49:12.6543029Z Get:113 http://azure.archive.ubuntu.com/ubuntu noble/universe amd64 libdbus-glib-1-dev-bin amd64 0.112-3build2 [43.5 kB]
2026-01-27T08:49:12.6635096Z Get:114 http://azure.archive.ubuntu.com/ubuntu noble/universe amd64 libdbus-glib-1-dev amd64 0.112-3build2 [81.2 kB]
2026-01-27T08:49:12.6747584Z Get:115 http://azure.archive.ubuntu.com/ubuntu noble/main amd64 libatk1.0-dev amd64 2.52.0-1build1 [100 kB]
2026-01-27T08:49:12.6864849Z Get:116 http://azure.archive.ubuntu.com/ubuntu noble/main amd64 xorg-sgml-doctools all 1:1.11-1.1 [10.9 kB]
2026-01-27T08:49:12.6948410Z Get:117 http://azure.archive.ubuntu.com/ubuntu noble/main amd64 x11proto-dev all 2023.2-1 [602 kB]
2026-01-27T08:49:12.7247655Z Get:118 http://azure.archive.ubuntu.com/ubuntu noble/main amd64 libxau-dev amd64 1:1.0.9-1build6 [9570 B]
2026-01-27T08:49:12.7337676Z Get:119 http://azure.archive.ubuntu.com/ubuntu noble/main amd64 libxdmcp-dev amd64 1:1.1.3-0ubuntu6 [26.5 kB]
2026-01-27T08:49:12.7423556Z Get:120 http://azure.archive.ubuntu.com/ubuntu noble/main amd64 xtrans-dev all 1.4.0-1 [68.9 kB]
2026-01-27T08:49:12.8442063Z Get:121 http://azure.archive.ubuntu.com/ubuntu noble/main amd64 libpthread-stubs0-dev amd64 0.4-1build3 [4746 B]
2026-01-27T08:49:12.8533476Z Get:122 http://azure.archive.ubuntu.com/ubuntu noble/main amd64 libxcb1-dev amd64 1.15-1ubuntu2 [85.8 kB]
2026-01-27T08:49:12.8624829Z Get:123 http://azure.archive.ubuntu.com/ubuntu noble/main amd64 libx11-dev amd64 2:1.8.7-1build1 [732 kB]
2026-01-27T08:49:12.8806112Z Get:124 http://azure.archive.ubuntu.com/ubuntu noble/main amd64 libxext-dev amd64 2:1.3.4-1build2 [83.5 kB]
2026-01-27T08:49:12.9327428Z Get:125 http://azure.archive.ubuntu.com/ubuntu noble/main amd64 libxfixes-dev amd64 1:6.0.0-2build1 [12.1 kB]
2026-01-27T08:49:12.9414181Z Get:126 http://azure.archive.ubuntu.com/ubuntu noble/main amd64 libxi-dev amd64 2:1.8.1-1build1 [194 kB]
2026-01-27T08:49:12.9517900Z Get:127 http://azure.archive.ubuntu.com/ubuntu noble/main amd64 libxtst-dev amd64 2:1.2.3-1.1build1 [15.9 kB]
2026-01-27T08:49:12.9643107Z Get:128 http://azure.archive.ubuntu.com/ubuntu noble/main amd64 libatspi2.0-dev amd64 2.52.0-1build1 [76.2 kB]
2026-01-27T08:49:12.9924437Z Get:129 http://azure.archive.ubuntu.com/ubuntu noble/main amd64 libatk-bridge2.0-dev amd64 2.52.0-1build1 [4284 B]
2026-01-27T08:49:13.0040079Z Get:130 http://azure.archive.ubuntu.com/ubuntu noble/main amd64 libcairo-script-interpreter2 amd64 1.18.0-3build1 [60.3 kB]
2026-01-27T08:49:13.0135125Z Get:131 http://azure.archive.ubuntu.com/ubuntu noble/main amd64 libbrotli-dev amd64 1.1.0-2build2 [353 kB]
2026-01-27T08:49:13.0249154Z Get:132 http://azure.archive.ubuntu.com/ubuntu noble-updates/main amd64 libbz2-dev amd64 1.0.8-5.1build0.1 [33.6 kB]
2026-01-27T08:49:13.0389134Z Get:133 http://azure.archive.ubuntu.com/ubuntu noble-updates/main amd64 libpng-dev amd64 1.6.43-5ubuntu0.3 [264 kB]
2026-01-27T08:49:13.0952252Z Get:134 http://azure.archive.ubuntu.com/ubuntu noble/main amd64 libfreetype-dev amd64 2.13.2+dfsg-1build3 [575 kB]
2026-01-27T08:49:13.1524110Z Get:135 http://azure.archive.ubuntu.com/ubuntu noble/main amd64 libfontconfig-dev amd64 2.15.0-1.1ubuntu2 [161 kB]
2026-01-27T08:49:13.1677125Z Get:136 http://azure.archive.ubuntu.com/ubuntu noble/main amd64 libpixman-1-dev amd64 0.42.2-1build1 [296 kB]
2026-01-27T08:49:13.1792452Z Get:137 http://azure.archive.ubuntu.com/ubuntu noble/main amd64 libice-dev amd64 2:1.0.10-1build3 [51.0 kB]
2026-01-27T08:49:13.1880319Z Get:138 http://azure.archive.ubuntu.com/ubuntu noble/main amd64 libsm-dev amd64 2:1.2.3-1build3 [17.8 kB]
2026-01-27T08:49:13.1963983Z Get:139 http://azure.archive.ubuntu.com/ubuntu noble/main amd64 libxcb-render0-dev amd64 1.15-1ubuntu2 [19.6 kB]
2026-01-27T08:49:13.2517818Z Get:140 http://azure.archive.ubuntu.com/ubuntu noble/main amd64 libxcb-shm0-dev amd64 1.15-1ubuntu2 [8246 B]
2026-01-27T08:49:13.2602106Z Get:141 http://azure.archive.ubuntu.com/ubuntu noble/main amd64 libxrender-dev amd64 1:0.9.10-1.1build1 [26.3 kB]
2026-01-27T08:49:13.2689122Z Get:142 http://azure.archive.ubuntu.com/ubuntu noble/main amd64 libcairo2-dev amd64 1.18.0-3build1 [41.1 kB]
2026-01-27T08:49:13.2779229Z Get:143 http://azure.archive.ubuntu.com/ubuntu noble/main amd64 libglx-dev amd64 1.7.0-1build1 [14.2 kB]
2026-01-27T08:49:13.2863043Z Get:144 http://azure.archive.ubuntu.com/ubuntu noble/main amd64 libgl-dev amd64 1.7.0-1build1 [102 kB]
2026-01-27T08:49:13.2960619Z Get:145 http://azure.archive.ubuntu.com/ubuntu noble/main amd64 libegl-dev amd64 1.7.0-1build1 [18.2 kB]
2026-01-27T08:49:13.3039891Z Get:146 http://azure.archive.ubuntu.com/ubuntu noble/main amd64 libglvnd-core-dev amd64 1.7.0-1build1 [13.6 kB]
2026-01-27T08:49:13.3125812Z Get:147 http://azure.archive.ubuntu.com/ubuntu noble/main amd64 libgles1 amd64 1.7.0-1build1 [11.6 kB]
2026-01-27T08:49:13.3265498Z Get:148 http://azure.archive.ubuntu.com/ubuntu noble/main amd64 libgles-dev amd64 1.7.0-1build1 [50.5 kB]
2026-01-27T08:49:13.3350075Z Get:149 http://azure.archive.ubuntu.com/ubuntu noble/main amd64 libopengl0 amd64 1.7.0-1build1 [32.8 kB]
2026-01-27T08:49:13.3433790Z Get:150 http://azure.archive.ubuntu.com/ubuntu noble/main amd64 libopengl-dev amd64 1.7.0-1build1 [3454 B]
2026-01-27T08:49:13.3517880Z Get:151 http://azure.archive.ubuntu.com/ubuntu noble/main amd64 libglvnd-dev amd64 1.7.0-1build1 [3198 B]
2026-01-27T08:49:13.3605383Z Get:152 http://azure.archive.ubuntu.com/ubuntu noble-updates/main amd64 libegl1-mesa-dev amd64 25.0.7-0ubuntu0.24.04.2 [25.0 kB]
2026-01-27T08:49:13.3689321Z Get:153 http://azure.archive.ubuntu.com/ubuntu noble/main amd64 libepoxy-dev amd64 1.5.10-1build1 [132 kB]
2026-01-27T08:49:13.3830670Z Get:154 http://azure.archive.ubuntu.com/ubuntu noble/main amd64 libfribidi-dev amd64 1.0.13-3build1 [64.8 kB]
2026-01-27T08:49:13.3919428Z Get:155 http://azure.archive.ubuntu.com/ubuntu noble-updates/main amd64 libgdk-pixbuf2.0-bin amd64 2.42.10+dfsg-3ubuntu3.2 [13.9 kB]
2026-01-27T08:49:13.4002442Z Get:156 http://azure.archive.ubuntu.com/ubuntu noble/main amd64 libjpeg-turbo8-dev amd64 2.1.5-2ubuntu2 [295 kB]
2026-01-27T08:49:13.4118916Z Get:157 http://azure.archive.ubuntu.com/ubuntu noble/main amd64 libjpeg8-dev amd64 8c-2ubuntu11 [1484 B]
2026-01-27T08:49:13.4675835Z Get:158 http://azure.archive.ubuntu.com/ubuntu noble/main amd64 libjpeg-dev amd64 8c-2ubuntu11 [1482 B]
2026-01-27T08:49:13.4758718Z Get:159 http://azure.archive.ubuntu.com/ubuntu noble/main amd64 libjbig-dev amd64 2.1-6.1ubuntu2 [27.9 kB]
2026-01-27T08:49:13.4840303Z Get:160 http://azure.archive.ubuntu.com/ubuntu noble-updates/main amd64 liblzma-dev amd64 5.6.1+really5.4.5-1ubuntu0.2 [176 kB]
2026-01-27T08:49:13.4939931Z Get:161 http://azure.archive.ubuntu.com/ubuntu noble/main amd64 libwebpdecoder3 amd64 1.3.2-0.4build3 [114 kB]
2026-01-27T08:49:13.5036308Z Get:162 http://azure.archive.ubuntu.com/ubuntu noble/main amd64 libsharpyuv-dev amd64 1.3.2-0.4build3 [16.0 kB]
2026-01-27T08:49:13.5121236Z Get:163 http://azure.archive.ubuntu.com/ubuntu noble/main amd64 libwebp-dev amd64 1.3.2-0.4build3 [367 kB]
2026-01-27T08:49:13.5249292Z Get:164 http://azure.archive.ubuntu.com/ubuntu noble-updates/main amd64 libtiffxx6 amd64 4.5.1+git230720-4ubuntu2.4 [5648 B]
2026-01-27T08:49:13.5335627Z Get:165 http://azure.archive.ubuntu.com/ubuntu noble-updates/main amd64 libdeflate-dev amd64 1.19-1build1.1 [50.9 kB]
2026-01-27T08:49:13.5426460Z Get:166 http://azure.archive.ubuntu.com/ubuntu noble/main amd64 liblerc-dev amd64 4.0.0+ds-4ubuntu2 [182 kB]
2026-01-27T08:49:13.5523052Z Get:167 http://azure.archive.ubuntu.com/ubuntu noble-updates/main amd64 libtiff-dev amd64 4.5.1+git230720-4ubuntu2.4 [338 kB]
2026-01-27T08:49:13.5647833Z Get:168 http://azure.archive.ubuntu.com/ubuntu noble-updates/main amd64 libgdk-pixbuf-2.0-dev amd64 2.42.10+dfsg-3ubuntu3.2 [48.0 kB]
2026-01-27T08:49:13.5741502Z Get:169 http://azure.archive.ubuntu.com/ubuntu noble/main amd64 libharfbuzz-subset0 amd64 8.3.0-2build2 [448 kB]
2026-01-27T08:49:13.5879032Z Get:170 http://azure.archive.ubuntu.com/ubuntu noble/main amd64 libharfbuzz-cairo0 amd64 8.3.0-2build2 [26.2 kB]
2026-01-27T08:49:13.5963849Z Get:171 http://azure.archive.ubuntu.com/ubuntu noble/main amd64 libgraphite2-dev amd64 1.3.14-2build1 [14.7 kB]
2026-01-27T08:49:13.6046628Z Get:172 http://azure.archive.ubuntu.com/ubuntu noble/main amd64 libharfbuzz-dev amd64 8.3.0-2build2 [142 kB]
2026-01-27T08:49:13.6200496Z Get:173 http://azure.archive.ubuntu.com/ubuntu noble/main amd64 libdatrie-dev amd64 0.2.13-3build1 [19.4 kB]
2026-01-27T08:49:13.6284096Z Get:174 http://azure.archive.ubuntu.com/ubuntu noble/main amd64 libthai-dev amd64 0.1.29-2build1 [26.6 kB]
2026-01-27T08:49:13.6401800Z Get:175 http://azure.archive.ubuntu.com/ubuntu noble/main amd64 libxft-dev amd64 2.3.6-1build1 [64.3 kB]
2026-01-27T08:49:13.6487938Z Get:176 http://azure.archive.ubuntu.com/ubuntu noble/main amd64 pango1.0-tools amd64 1.52.1+ds-1build1 [36.7 kB]
2026-01-27T08:49:13.6999511Z Get:177 http://azure.archive.ubuntu.com/ubuntu noble/main amd64 libpango1.0-dev amd64 1.52.1+ds-1build1 [147 kB]
2026-01-27T08:49:13.7101677Z Get:178 http://azure.archive.ubuntu.com/ubuntu noble/main amd64 libwayland-bin amd64 1.22.0-2.1build1 [20.6 kB]
2026-01-27T08:49:13.7188847Z Get:179 http://azure.archive.ubuntu.com/ubuntu noble/main amd64 libwayland-dev amd64 1.22.0-2.1build1 [71.3 kB]
2026-01-27T08:49:13.7296239Z Get:180 http://azure.archive.ubuntu.com/ubuntu noble/main amd64 libxcomposite-dev amd64 1:0.4.5-1build3 [9374 B]
2026-01-27T08:49:13.7392789Z Get:181 http://azure.archive.ubuntu.com/ubuntu noble/main amd64 libxcursor-dev amd64 1:1.2.1-1build1 [31.8 kB]
2026-01-27T08:49:13.7487104Z Get:182 http://azure.archive.ubuntu.com/ubuntu noble/main amd64 libxdamage-dev amd64 1:1.1.6-1build1 [5270 B]
2026-01-27T08:49:13.7571168Z Get:183 http://azure.archive.ubuntu.com/ubuntu noble/main amd64 libxinerama-dev amd64 2:1.1.4-3build1 [7988 B]
2026-01-27T08:49:13.7753892Z Get:184 http://azure.archive.ubuntu.com/ubuntu noble/main amd64 libxkbcommon-dev amd64 1.6.0-1build1 [56.3 kB]
2026-01-27T08:49:13.7837387Z Get:185 http://azure.archive.ubuntu.com/ubuntu noble/main amd64 libxrandr-dev amd64 2:1.5.2-2build1 [26.4 kB]
2026-01-27T08:49:13.7923219Z Get:186 http://azure.archive.ubuntu.com/ubuntu noble-updates/main amd64 wayland-protocols all 1.38-1~ubuntu0.24.04.1 [93.0 kB]
2026-01-27T08:49:13.8009371Z Get:187 http://azure.archive.ubuntu.com/ubuntu noble-updates/main amd64 libgtk-3-dev amd64 3.24.41-4ubuntu1.3 [1096 kB]
2026-01-27T08:49:13.8243089Z Get:188 http://azure.archive.ubuntu.com/ubuntu noble/universe amd64 libappindicator3-dev amd64 12.10.1+20.10.20200706.1-0ubuntu5 [12.1 kB]
2026-01-27T08:49:13.8322837Z Get:189 http://azure.archive.ubuntu.com/ubuntu noble/main amd64 libgirepository-1.0-dev amd64 1.80.1-1 [28.5 kB]
2026-01-27T08:49:13.8410070Z Get:190 http://azure.archive.ubuntu.com/ubuntu noble/main amd64 libgirepository1.0-dev amd64 1.80.1-1 [17.0 kB]
2026-01-27T08:49:13.8494902Z Get:191 http://azure.archive.ubuntu.com/ubuntu noble-updates/universe amd64 libjavascriptcoregtk-4.1-dev amd64 2.50.4-0ubuntu0.24.04.1 [69.8 kB]
2026-01-27T08:49:13.8590477Z Get:192 http://azure.archive.ubuntu.com/ubuntu noble-updates/main amd64 libnghttp2-dev amd64 1.59.0-1ubuntu0.2 [116 kB]
2026-01-27T08:49:13.8706327Z Get:193 http://azure.archive.ubuntu.com/ubuntu noble/main amd64 libwebrtc-audio-processing1 amd64 0.3.1-0ubuntu6 [290 kB]
2026-01-27T08:49:13.8815545Z Get:194 http://azure.archive.ubuntu.com/ubuntu noble-updates/main amd64 libspa-0.2-modules amd64 1.0.5-1ubuntu3.2 [627 kB]
2026-01-27T08:49:13.9399302Z Get:195 http://azure.archive.ubuntu.com/ubuntu noble-updates/main amd64 libpipewire-0.3-0t64 amd64 1.0.5-1ubuntu3.2 [252 kB]
2026-01-27T08:49:13.9540435Z Get:196 http://azure.archive.ubuntu.com/ubuntu noble-updates/main amd64 libpipewire-0.3-common all 1.0.5-1ubuntu3.2 [19.1 kB]
2026-01-27T08:49:13.9623833Z Get:197 http://azure.archive.ubuntu.com/ubuntu noble-updates/main amd64 libpng-tools amd64 1.6.43-5ubuntu0.3 [28.5 kB]
2026-01-27T08:49:13.9707466Z Get:198 http://azure.archive.ubuntu.com/ubuntu noble/main amd64 libpsl-dev amd64 0.21.2-1.1build1 [76.4 kB]
2026-01-27T08:49:13.9816000Z Get:199 http://azure.archive.ubuntu.com/ubuntu noble/main amd64 librsvg2-common amd64 2.58.0+dfsg-1build1 [11.8 kB]
2026-01-27T08:49:13.9900321Z Get:200 http://azure.archive.ubuntu.com/ubuntu noble/universe amd64 librsvg2-dev amd64 2.58.0+dfsg-1build1 [38.0 kB]
2026-01-27T08:49:13.9984400Z Get:201 http://azure.archive.ubuntu.com/ubuntu noble/universe amd64 libsysprof-capture-4-dev amd64 46.0-1build1 [51.0 kB]
2026-01-27T08:49:14.0072290Z Get:202 http://azure.archive.ubuntu.com/ubuntu noble-updates/universe amd64 libsoup-3.0-dev amd64 3.4.4-5ubuntu0.6 [105 kB]
2026-01-27T08:49:14.0163302Z Get:203 http://azure.archive.ubuntu.com/ubuntu noble-updates/universe amd64 libwebkit2gtk-4.1-dev amd64 2.50.4-0ubuntu0.24.04.1 [289 kB]
2026-01-27T08:49:14.0309802Z Get:204 http://azure.archive.ubuntu.com/ubuntu noble-updates/main amd64 xdg-desktop-portal amd64 1.18.4-1ubuntu2.24.04.1 [298 kB]
2026-01-27T08:49:14.0509041Z Get:205 http://azure.archive.ubuntu.com/ubuntu noble/main amd64 xdg-desktop-portal-gtk amd64 1.15.1-1build2 [80.3 kB]
2026-01-27T08:49:14.5467966Z Fetched 64.5 MB in 3s (21.4 MB/s)
2026-01-27T08:49:14.6025304Z (Reading database ... 
2026-01-27T08:49:14.6025800Z (Reading database ... 5%
2026-01-27T08:49:14.6026173Z (Reading database ... 10%
2026-01-27T08:49:14.6026416Z (Reading database ... 15%
2026-01-27T08:49:14.6026675Z (Reading database ... 20%
2026-01-27T08:49:14.6026926Z (Reading database ... 25%
2026-01-27T08:49:14.6027339Z (Reading database ... 30%
2026-01-27T08:49:14.6027561Z (Reading database ... 35%
2026-01-27T08:49:14.6027792Z (Reading database ... 40%
2026-01-27T08:49:14.6028021Z (Reading database ... 45%
2026-01-27T08:49:14.6028251Z (Reading database ... 50%
2026-01-27T08:49:14.6122473Z (Reading database ... 55%
2026-01-27T08:49:14.7320515Z (Reading database ... 60%
2026-01-27T08:49:14.8401685Z (Reading database ... 65%
2026-01-27T08:49:14.9041472Z (Reading database ... 70%
2026-01-27T08:49:14.9901185Z (Reading database ... 75%
2026-01-27T08:49:15.2291113Z (Reading database ... 80%
2026-01-27T08:49:15.4429988Z (Reading database ... 85%
2026-01-27T08:49:15.6923327Z (Reading database ... 90%
2026-01-27T08:49:15.8825543Z (Reading database ... 95%
2026-01-27T08:49:15.8826027Z (Reading database ... 100%
2026-01-27T08:49:15.8826500Z (Reading database ... 217173 files and directories currently installed.)
2026-01-27T08:49:15.8870026Z Preparing to unpack .../bsdutils_1%3a2.39.3-9ubuntu6.4_amd64.deb ...
2026-01-27T08:49:15.8914546Z Unpacking bsdutils (1:2.39.3-9ubuntu6.4) over (1:2.39.3-9ubuntu6.3) ...
2026-01-27T08:49:15.9745228Z Setting up bsdutils (1:2.39.3-9ubuntu6.4) ...
2026-01-27T08:49:16.0095558Z (Reading database ... 
2026-01-27T08:49:16.0096007Z (Reading database ... 5%
2026-01-27T08:49:16.0096394Z (Reading database ... 10%
2026-01-27T08:49:16.0096762Z (Reading database ... 15%
2026-01-27T08:49:16.0097164Z (Reading database ... 20%
2026-01-27T08:49:16.0097531Z (Reading database ... 25%
2026-01-27T08:49:16.0097905Z (Reading database ... 30%
2026-01-27T08:49:16.0098269Z (Reading database ... 35%
2026-01-27T08:49:16.0098648Z (Reading database ... 40%
2026-01-27T08:49:16.0099002Z (Reading database ... 45%
2026-01-27T08:49:16.0099349Z (Reading database ... 50%
2026-01-27T08:49:16.0116532Z (Reading database ... 55%
2026-01-27T08:49:16.0234250Z (Reading database ... 60%
2026-01-27T08:49:16.0260299Z (Reading database ... 65%
2026-01-27T08:49:16.0280098Z (Reading database ... 70%
2026-01-27T08:49:16.0308379Z (Reading database ... 75%
2026-01-27T08:49:16.0348217Z (Reading database ... 80%
2026-01-27T08:49:16.0525201Z (Reading database ... 85%
2026-01-27T08:49:16.0817396Z (Reading database ... 90%
2026-01-27T08:49:16.0906998Z (Reading database ... 95%
2026-01-27T08:49:16.0907353Z (Reading database ... 100%
2026-01-27T08:49:16.0907787Z (Reading database ... 217173 files and directories currently installed.)
2026-01-27T08:49:16.0953553Z Preparing to unpack .../util-linux_2.39.3-9ubuntu6.4_amd64.deb ...
2026-01-27T08:49:16.1069385Z Unpacking util-linux (2.39.3-9ubuntu6.4) over (2.39.3-9ubuntu6.3) ...
2026-01-27T08:49:16.3219522Z Setting up util-linux (2.39.3-9ubuntu6.4) ...
2026-01-27T08:49:17.0710016Z fstrim.service is a disabled or a static unit not running, not starting it.
2026-01-27T08:49:17.1060219Z (Reading database ... 
2026-01-27T08:49:17.1060832Z (Reading database ... 5%
2026-01-27T08:49:17.1061227Z (Reading database ... 10%
2026-01-27T08:49:17.1061926Z (Reading database ... 15%
2026-01-27T08:49:17.1062288Z (Reading database ... 20%
2026-01-27T08:49:17.1062648Z (Reading database ... 25%
2026-01-27T08:49:17.1062997Z (Reading database ... 30%
2026-01-27T08:49:17.1063893Z (Reading database ... 35%
2026-01-27T08:49:17.1064280Z (Reading database ... 40%
2026-01-27T08:49:17.1064639Z (Reading database ... 45%
2026-01-27T08:49:17.1065002Z (Reading database ... 50%
2026-01-27T08:49:17.1081086Z (Reading database ... 55%
2026-01-27T08:49:17.1199857Z (Reading database ... 60%
2026-01-27T08:49:17.1225335Z (Reading database ... 65%
2026-01-27T08:49:17.1243532Z (Reading database ... 70%
2026-01-27T08:49:17.1269828Z (Reading database ... 75%
2026-01-27T08:49:17.1307482Z (Reading database ... 80%
2026-01-27T08:49:17.1475207Z (Reading database ... 85%
2026-01-27T08:49:17.1760078Z (Reading database ... 90%
2026-01-27T08:49:17.1848117Z (Reading database ... 95%
2026-01-27T08:49:17.1848436Z (Reading database ... 100%
2026-01-27T08:49:17.1848908Z (Reading database ... 217173 files and directories currently installed.)
2026-01-27T08:49:17.1893424Z Preparing to unpack .../mount_2.39.3-9ubuntu6.4_amd64.deb ...
2026-01-27T08:49:17.1926778Z Unpacking mount (2.39.3-9ubuntu6.4) over (2.39.3-9ubuntu6.3) ...
2026-01-27T08:49:17.2437508Z Preparing to unpack .../libsmartcols1_2.39.3-9ubuntu6.4_amd64.deb ...
2026-01-27T08:49:17.2488381Z Unpacking libsmartcols1:amd64 (2.39.3-9ubuntu6.4) over (2.39.3-9ubuntu6.3) ...
2026-01-27T08:49:17.3091604Z Setting up libsmartcols1:amd64 (2.39.3-9ubuntu6.4) ...
2026-01-27T08:49:17.3451747Z (Reading database ... 
2026-01-27T08:49:17.3452202Z (Reading database ... 5%
2026-01-27T08:49:17.3452612Z (Reading database ... 10%
2026-01-27T08:49:17.3453005Z (Reading database ... 15%
2026-01-27T08:49:17.3453271Z (Reading database ... 20%
2026-01-27T08:49:17.3453517Z (Reading database ... 25%
2026-01-27T08:49:17.3453768Z (Reading database ... 30%
2026-01-27T08:49:17.3454010Z (Reading database ... 35%
2026-01-27T08:49:17.3454300Z (Reading database ... 40%
2026-01-27T08:49:17.3454550Z (Reading database ... 45%
2026-01-27T08:49:17.3454791Z (Reading database ... 50%
2026-01-27T08:49:17.3469922Z (Reading database ... 55%
2026-01-27T08:49:17.3586622Z (Reading database ... 60%
2026-01-27T08:49:17.3612175Z (Reading database ... 65%
2026-01-27T08:49:17.3630561Z (Reading database ... 70%
2026-01-27T08:49:17.3656968Z (Reading database ... 75%
2026-01-27T08:49:17.3695801Z (Reading database ... 80%
2026-01-27T08:49:17.3858096Z (Reading database ... 85%
2026-01-27T08:49:17.4139265Z (Reading database ... 90%
2026-01-27T08:49:17.4232013Z (Reading database ... 95%
2026-01-27T08:49:17.4232475Z (Reading database ... 100%
2026-01-27T08:49:17.4233076Z (Reading database ... 217173 files and directories currently installed.)
2026-01-27T08:49:17.4277311Z Preparing to unpack .../libuuid1_2.39.3-9ubuntu6.4_amd64.deb ...
2026-01-27T08:49:17.4356888Z Unpacking libuuid1:amd64 (2.39.3-9ubuntu6.4) over (2.39.3-9ubuntu6.3) ...
2026-01-27T08:49:17.4761626Z Setting up libuuid1:amd64 (2.39.3-9ubuntu6.4) ...
2026-01-27T08:49:17.5139618Z (Reading database ... 
2026-01-27T08:49:17.5139980Z (Reading database ... 5%
2026-01-27T08:49:17.5140271Z (Reading database ... 10%
2026-01-27T08:49:17.5140553Z (Reading database ... 15%
2026-01-27T08:49:17.5141046Z (Reading database ... 20%
2026-01-27T08:49:17.5141333Z (Reading database ... 25%
2026-01-27T08:49:17.5141602Z (Reading database ... 30%
2026-01-27T08:49:17.5141880Z (Reading database ... 35%
2026-01-27T08:49:17.5142141Z (Reading database ... 40%
2026-01-27T08:49:17.5142409Z (Reading database ... 45%
2026-01-27T08:49:17.5142666Z (Reading database ... 50%
2026-01-27T08:49:17.5157577Z (Reading database ... 55%
2026-01-27T08:49:17.5270261Z (Reading database ... 60%
2026-01-27T08:49:17.5296523Z (Reading database ... 65%
2026-01-27T08:49:17.5315370Z (Reading database ... 70%
2026-01-27T08:49:17.5342215Z (Reading database ... 75%
2026-01-27T08:49:17.5380383Z (Reading database ... 80%
2026-01-27T08:49:17.5557085Z (Reading database ... 85%
2026-01-27T08:49:17.5841940Z (Reading database ... 90%
2026-01-27T08:49:17.5928236Z (Reading database ... 95%
2026-01-27T08:49:17.5928678Z (Reading database ... 100%
2026-01-27T08:49:17.5929213Z (Reading database ... 217173 files and directories currently installed.)
2026-01-27T08:49:17.5975007Z Preparing to unpack .../uuid-runtime_2.39.3-9ubuntu6.4_amd64.deb ...
2026-01-27T08:49:17.6055704Z Unpacking uuid-runtime (2.39.3-9ubuntu6.4) over (2.39.3-9ubuntu6.3) ...
2026-01-27T08:49:17.6526975Z Preparing to unpack .../libblkid1_2.39.3-9ubuntu6.4_amd64.deb ...
2026-01-27T08:49:17.6611187Z Unpacking libblkid1:amd64 (2.39.3-9ubuntu6.4) over (2.39.3-9ubuntu6.3) ...
2026-01-27T08:49:17.7038439Z Setting up libblkid1:amd64 (2.39.3-9ubuntu6.4) ...
2026-01-27T08:49:17.7386552Z (Reading database ... 
2026-01-27T08:49:17.7387038Z (Reading database ... 5%
2026-01-27T08:49:17.7387384Z (Reading database ... 10%
2026-01-27T08:49:17.7387633Z (Reading database ... 15%
2026-01-27T08:49:17.7387859Z (Reading database ... 20%
2026-01-27T08:49:17.7388114Z (Reading database ... 25%
2026-01-27T08:49:17.7388337Z (Reading database ... 30%
2026-01-27T08:49:17.7388572Z (Reading database ... 35%
2026-01-27T08:49:17.7388795Z (Reading database ... 40%
2026-01-27T08:49:17.7389026Z (Reading database ... 45%
2026-01-27T08:49:17.7389256Z (Reading database ... 50%
2026-01-27T08:49:17.7404433Z (Reading database ... 55%
2026-01-27T08:49:17.7524828Z (Reading database ... 60%
2026-01-27T08:49:17.7550460Z (Reading database ... 65%
2026-01-27T08:49:17.7569488Z (Reading database ... 70%
2026-01-27T08:49:17.7595942Z (Reading database ... 75%
2026-01-27T08:49:17.7633155Z (Reading database ... 80%
2026-01-27T08:49:17.7805382Z (Reading database ... 85%
2026-01-27T08:49:17.8085295Z (Reading database ... 90%
2026-01-27T08:49:17.8173173Z (Reading database ... 95%
2026-01-27T08:49:17.8173583Z (Reading database ... 100%
2026-01-27T08:49:17.8174144Z (Reading database ... 217173 files and directories currently installed.)
2026-01-27T08:49:17.8218637Z Preparing to unpack .../libmount1_2.39.3-9ubuntu6.4_amd64.deb ...
2026-01-27T08:49:17.8294645Z Unpacking libmount1:amd64 (2.39.3-9ubuntu6.4) over (2.39.3-9ubuntu6.3) ...
2026-01-27T08:49:17.8785946Z Setting up libmount1:amd64 (2.39.3-9ubuntu6.4) ...
2026-01-27T08:49:17.9208590Z (Reading database ... 
2026-01-27T08:49:17.9208965Z (Reading database ... 5%
2026-01-27T08:49:17.9209220Z (Reading database ... 10%
2026-01-27T08:49:17.9209474Z (Reading database ... 15%
2026-01-27T08:49:17.9209707Z (Reading database ... 20%
2026-01-27T08:49:17.9209943Z (Reading database ... 25%
2026-01-27T08:49:17.9210177Z (Reading database ... 30%
2026-01-27T08:49:17.9210418Z (Reading database ... 35%
2026-01-27T08:49:17.9210657Z (Reading database ... 40%
2026-01-27T08:49:17.9211166Z (Reading database ... 45%
2026-01-27T08:49:17.9211400Z (Reading database ... 50%
2026-01-27T08:49:17.9226275Z (Reading database ... 55%
2026-01-27T08:49:17.9342093Z (Reading database ... 60%
2026-01-27T08:49:17.9366948Z (Reading database ... 65%
2026-01-27T08:49:17.9385280Z (Reading database ... 70%
2026-01-27T08:49:17.9411049Z (Reading database ... 75%
2026-01-27T08:49:17.9447334Z (Reading database ... 80%
2026-01-27T08:49:17.9615678Z (Reading database ... 85%
2026-01-27T08:49:17.9876104Z (Reading database ... 90%
2026-01-27T08:49:17.9961147Z (Reading database ... 95%
2026-01-27T08:49:17.9961605Z (Reading database ... 100%
2026-01-27T08:49:17.9962138Z (Reading database ... 217173 files and directories currently installed.)
2026-01-27T08:49:18.0005956Z Preparing to unpack .../000-eject_2.39.3-9ubuntu6.4_amd64.deb ...
2026-01-27T08:49:18.0041292Z Unpacking eject (2.39.3-9ubuntu6.4) over (2.39.3-9ubuntu6.3) ...
2026-01-27T08:49:18.0517252Z Preparing to unpack .../001-libglib2.0-data_2.80.0-6ubuntu3.7_all.deb ...
2026-01-27T08:49:18.0549860Z Unpacking libglib2.0-data (2.80.0-6ubuntu3.7) over (2.80.0-6ubuntu3.4) ...
2026-01-27T08:49:18.1057845Z Preparing to unpack .../002-libglib2.0-bin_2.80.0-6ubuntu3.7_amd64.deb ...
2026-01-27T08:49:18.1095555Z Unpacking libglib2.0-bin (2.80.0-6ubuntu3.7) over (2.80.0-6ubuntu3.4) ...
2026-01-27T08:49:18.1676611Z Preparing to unpack .../003-gir1.2-glib-2.0_2.80.0-6ubuntu3.7_amd64.deb ...
2026-01-27T08:49:18.1708262Z Unpacking gir1.2-glib-2.0:amd64 (2.80.0-6ubuntu3.7) over (2.80.0-6ubuntu3.4) ...
2026-01-27T08:49:18.2185023Z Preparing to unpack .../004-libglib2.0-0t64_2.80.0-6ubuntu3.7_amd64.deb ...
2026-01-27T08:49:18.2253944Z Unpacking libglib2.0-0t64:amd64 (2.80.0-6ubuntu3.7) over (2.80.0-6ubuntu3.4) ...
2026-01-27T08:49:18.2941668Z Preparing to unpack .../005-libfdisk1_2.39.3-9ubuntu6.4_amd64.deb ...
2026-01-27T08:49:18.2977772Z Unpacking libfdisk1:amd64 (2.39.3-9ubuntu6.4) over (2.39.3-9ubuntu6.3) ...
2026-01-27T08:49:18.3376842Z Preparing to unpack .../006-bsdextrautils_2.39.3-9ubuntu6.4_amd64.deb ...
2026-01-27T08:49:18.3436449Z Unpacking bsdextrautils (2.39.3-9ubuntu6.4) over (2.39.3-9ubuntu6.3) ...
2026-01-27T08:49:18.3899429Z Preparing to unpack .../007-libpng16-16t64_1.6.43-5ubuntu0.3_amd64.deb ...
2026-01-27T08:49:18.3985519Z Unpacking libpng16-16t64:amd64 (1.6.43-5ubuntu0.3) over (1.6.43-5build1) ...
2026-01-27T08:49:18.4394517Z Selecting previously unselected package bubblewrap.
2026-01-27T08:49:18.4538771Z Preparing to unpack .../008-bubblewrap_0.9.0-1ubuntu0.1_amd64.deb ...
2026-01-27T08:49:18.4549285Z Unpacking bubblewrap (0.9.0-1ubuntu0.1) ...
2026-01-27T08:49:18.4806433Z Selecting previously unselected package build-essential.
2026-01-27T08:49:18.4943604Z Preparing to unpack .../009-build-essential_12.10ubuntu1_amd64.deb ...
2026-01-27T08:49:18.4954577Z Unpacking build-essential (12.10ubuntu1) ...
2026-01-27T08:49:18.5168983Z Selecting previously unselected package bzip2-doc.
2026-01-27T08:49:18.5304780Z Preparing to unpack .../010-bzip2-doc_1.0.8-5.1build0.1_all.deb ...
2026-01-27T08:49:18.5316680Z Unpacking bzip2-doc (1.0.8-5.1build0.1) ...
2026-01-27T08:49:18.5715262Z Preparing to unpack .../011-fdisk_2.39.3-9ubuntu6.4_amd64.deb ...
2026-01-27T08:49:18.5745804Z Unpacking fdisk (2.39.3-9ubuntu6.4) over (2.39.3-9ubuntu6.3) ...
2026-01-27T08:49:18.6057511Z Selecting previously unselected package gir1.2-atk-1.0:amd64.
2026-01-27T08:49:18.6196881Z Preparing to unpack .../012-gir1.2-atk-1.0_2.52.0-1build1_amd64.deb ...
2026-01-27T08:49:18.6209342Z Unpacking gir1.2-atk-1.0:amd64 (2.52.0-1build1) ...
2026-01-27T08:49:18.6428103Z Selecting previously unselected package gir1.2-freedesktop:amd64.
2026-01-27T08:49:18.6565260Z Preparing to unpack .../013-gir1.2-freedesktop_1.80.1-1_amd64.deb ...
2026-01-27T08:49:18.6576995Z Unpacking gir1.2-freedesktop:amd64 (1.80.1-1) ...
2026-01-27T08:49:18.6819609Z Selecting previously unselected package gir1.2-gdkpixbuf-2.0:amd64.
2026-01-27T08:49:18.6957827Z Preparing to unpack .../014-gir1.2-gdkpixbuf-2.0_2.42.10+dfsg-3ubuntu3.2_amd64.deb ...
2026-01-27T08:49:18.6968361Z Unpacking gir1.2-gdkpixbuf-2.0:amd64 (2.42.10+dfsg-3ubuntu3.2) ...
2026-01-27T08:49:18.7205399Z Selecting previously unselected package libharfbuzz-gobject0:amd64.
2026-01-27T08:49:18.7338120Z Preparing to unpack .../015-libharfbuzz-gobject0_8.3.0-2build2_amd64.deb ...
2026-01-27T08:49:18.7348604Z Unpacking libharfbuzz-gobject0:amd64 (8.3.0-2build2) ...
2026-01-27T08:49:18.7606997Z Selecting previously unselected package gir1.2-harfbuzz-0.0:amd64.
2026-01-27T08:49:18.7741538Z Preparing to unpack .../016-gir1.2-harfbuzz-0.0_8.3.0-2build2_amd64.deb ...
2026-01-27T08:49:18.7752787Z Unpacking gir1.2-harfbuzz-0.0:amd64 (8.3.0-2build2) ...
2026-01-27T08:49:18.8007343Z Selecting previously unselected package libpangoxft-1.0-0:amd64.
2026-01-27T08:49:18.8146532Z Preparing to unpack .../017-libpangoxft-1.0-0_1.52.1+ds-1build1_amd64.deb ...
2026-01-27T08:49:18.8161045Z Unpacking libpangoxft-1.0-0:amd64 (1.52.1+ds-1build1) ...
2026-01-27T08:49:18.8389116Z Selecting previously unselected package gir1.2-pango-1.0:amd64.
2026-01-27T08:49:18.8525506Z Preparing to unpack .../018-gir1.2-pango-1.0_1.52.1+ds-1build1_amd64.deb ...
2026-01-27T08:49:18.8535740Z Unpacking gir1.2-pango-1.0:amd64 (1.52.1+ds-1build1) ...
2026-01-27T08:49:18.8834402Z Selecting previously unselected package gir1.2-gtk-3.0:amd64.
2026-01-27T08:49:18.8969448Z Preparing to unpack .../019-gir1.2-gtk-3.0_3.24.41-4ubuntu1.3_amd64.deb ...
2026-01-27T08:49:18.8981520Z Unpacking gir1.2-gtk-3.0:amd64 (3.24.41-4ubuntu1.3) ...
2026-01-27T08:49:18.9265367Z Selecting previously unselected package libappindicator3-1.
2026-01-27T08:49:18.9402004Z Preparing to unpack .../020-libappindicator3-1_12.10.1+20.10.20200706.1-0ubuntu5_amd64.deb ...
2026-01-27T08:49:18.9412322Z Unpacking libappindicator3-1 (12.10.1+20.10.20200706.1-0ubuntu5) ...
2026-01-27T08:49:18.9639510Z Selecting previously unselected package gir1.2-appindicator3-0.1.
2026-01-27T08:49:18.9775623Z Preparing to unpack .../021-gir1.2-appindicator3-0.1_12.10.1+20.10.20200706.1-0ubuntu5_amd64.deb ...
2026-01-27T08:49:18.9787363Z Unpacking gir1.2-appindicator3-0.1 (12.10.1+20.10.20200706.1-0ubuntu5) ...
2026-01-27T08:49:19.0005610Z Selecting previously unselected package gir1.2-atspi-2.0:amd64.
2026-01-27T08:49:19.0140382Z Preparing to unpack .../022-gir1.2-atspi-2.0_2.52.0-1build1_amd64.deb ...
2026-01-27T08:49:19.0152612Z Unpacking gir1.2-atspi-2.0:amd64 (2.52.0-1build1) ...
2026-01-27T08:49:19.0369798Z Selecting previously unselected package gir1.2-dbusmenu-glib-0.4:amd64.
2026-01-27T08:49:19.0505650Z Preparing to unpack .../023-gir1.2-dbusmenu-glib-0.4_18.10.20180917~bzr492+repack1-3.1ubuntu5_amd64.deb ...
2026-01-27T08:49:19.0516073Z Unpacking gir1.2-dbusmenu-glib-0.4:amd64 (18.10.20180917~bzr492+repack1-3.1ubuntu5) ...
2026-01-27T08:49:19.0744870Z Selecting previously unselected package gir1.2-glib-2.0-dev:amd64.
2026-01-27T08:49:19.0882527Z Preparing to unpack .../024-gir1.2-glib-2.0-dev_2.80.0-6ubuntu3.7_amd64.deb ...
2026-01-27T08:49:19.0893819Z Unpacking gir1.2-glib-2.0-dev:amd64 (2.80.0-6ubuntu3.7) ...
2026-01-27T08:49:19.1470160Z Selecting previously unselected package gir1.2-freedesktop-dev:amd64.
2026-01-27T08:49:19.1604869Z Preparing to unpack .../025-gir1.2-freedesktop-dev_1.80.1-1_amd64.deb ...
2026-01-27T08:49:19.1621692Z Unpacking gir1.2-freedesktop-dev:amd64 (1.80.1-1) ...
2026-01-27T08:49:19.1870976Z Selecting previously unselected package gir1.2-girepository-2.0-dev:amd64.
2026-01-27T08:49:19.2007156Z Preparing to unpack .../026-gir1.2-girepository-2.0-dev_1.80.1-1_amd64.deb ...
2026-01-27T08:49:19.2017889Z Unpacking gir1.2-girepository-2.0-dev:amd64 (1.80.1-1) ...
2026-01-27T08:49:19.2286261Z Selecting previously unselected package libjavascriptcoregtk-4.1-0:amd64.
2026-01-27T08:49:19.2423430Z Preparing to unpack .../027-libjavascriptcoregtk-4.1-0_2.50.4-0ubuntu0.24.04.1_amd64.deb ...
2026-01-27T08:49:19.2435959Z Unpacking libjavascriptcoregtk-4.1-0:amd64 (2.50.4-0ubuntu0.24.04.1) ...
2026-01-27T08:49:19.3778203Z Selecting previously unselected package gir1.2-javascriptcoregtk-4.1:amd64.
2026-01-27T08:49:19.3913306Z Preparing to unpack .../028-gir1.2-javascriptcoregtk-4.1_2.50.4-0ubuntu0.24.04.1_amd64.deb ...
2026-01-27T08:49:19.3923122Z Unpacking gir1.2-javascriptcoregtk-4.1:amd64 (2.50.4-0ubuntu0.24.04.1) ...
2026-01-27T08:49:19.4162929Z Selecting previously unselected package librsvg2-2:amd64.
2026-01-27T08:49:19.4298871Z Preparing to unpack .../029-librsvg2-2_2.58.0+dfsg-1build1_amd64.deb ...
2026-01-27T08:49:19.4309814Z Unpacking librsvg2-2:amd64 (2.58.0+dfsg-1build1) ...
2026-01-27T08:49:19.4822670Z Selecting previously unselected package gir1.2-rsvg-2.0:amd64.
2026-01-27T08:49:19.4956554Z Preparing to unpack .../030-gir1.2-rsvg-2.0_2.58.0+dfsg-1build1_amd64.deb ...
2026-01-27T08:49:19.4968062Z Unpacking gir1.2-rsvg-2.0:amd64 (2.58.0+dfsg-1build1) ...
2026-01-27T08:49:19.5202183Z Selecting previously unselected package libproxy1v5:amd64.
2026-01-27T08:49:19.5338709Z Preparing to unpack .../031-libproxy1v5_0.5.4-4build1_amd64.deb ...
2026-01-27T08:49:19.5350482Z Unpacking libproxy1v5:amd64 (0.5.4-4build1) ...
2026-01-27T08:49:19.5581240Z Selecting previously unselected package glib-networking-common.
2026-01-27T08:49:19.5717712Z Preparing to unpack .../032-glib-networking-common_2.80.0-1build1_all.deb ...
2026-01-27T08:49:19.5730376Z Unpacking glib-networking-common (2.80.0-1build1) ...
2026-01-27T08:49:19.5941867Z Selecting previously unselected package glib-networking-services.
2026-01-27T08:49:19.6077287Z Preparing to unpack .../033-glib-networking-services_2.80.0-1build1_amd64.deb ...
2026-01-27T08:49:19.6087445Z Unpacking glib-networking-services (2.80.0-1build1) ...
2026-01-27T08:49:19.6323687Z Selecting previously unselected package session-migration.
2026-01-27T08:49:19.6458382Z Preparing to unpack .../034-session-migration_0.3.9build1_amd64.deb ...
2026-01-27T08:49:19.6471437Z Unpacking session-migration (0.3.9build1) ...
2026-01-27T08:49:19.6697516Z Selecting previously unselected package gsettings-desktop-schemas.
2026-01-27T08:49:19.6832589Z Preparing to unpack .../035-gsettings-desktop-schemas_46.1-0ubuntu1_all.deb ...
2026-01-27T08:49:19.6842287Z Unpacking gsettings-desktop-schemas (46.1-0ubuntu1) ...
2026-01-27T08:49:19.7115463Z Selecting previously unselected package glib-networking:amd64.
2026-01-27T08:49:19.7250316Z Preparing to unpack .../036-glib-networking_2.80.0-1build1_amd64.deb ...
2026-01-27T08:49:19.7259184Z Unpacking glib-networking:amd64 (2.80.0-1build1) ...
2026-01-27T08:49:19.7486404Z Selecting previously unselected package libsoup-3.0-common.
2026-01-27T08:49:19.7625192Z Preparing to unpack .../037-libsoup-3.0-common_3.4.4-5ubuntu0.6_all.deb ...
2026-01-27T08:49:19.7639549Z Unpacking libsoup-3.0-common (3.4.4-5ubuntu0.6) ...
2026-01-27T08:49:19.7858892Z Selecting previously unselected package libsoup-3.0-0:amd64.
2026-01-27T08:49:19.7994855Z Preparing to unpack .../038-libsoup-3.0-0_3.4.4-5ubuntu0.6_amd64.deb ...
2026-01-27T08:49:19.8007002Z Unpacking libsoup-3.0-0:amd64 (3.4.4-5ubuntu0.6) ...
2026-01-27T08:49:19.8254901Z Selecting previously unselected package gir1.2-soup-3.0:amd64.
2026-01-27T08:49:19.8391092Z Preparing to unpack .../039-gir1.2-soup-3.0_3.4.4-5ubuntu0.6_amd64.deb ...
2026-01-27T08:49:19.8399120Z Unpacking gir1.2-soup-3.0:amd64 (3.4.4-5ubuntu0.6) ...
2026-01-27T08:49:19.8623647Z Selecting previously unselected package libcdparanoia0:amd64.
2026-01-27T08:49:19.8761972Z Preparing to unpack .../040-libcdparanoia0_3.10.2+debian-14build3_amd64.deb ...
2026-01-27T08:49:19.8772220Z Unpacking libcdparanoia0:amd64 (3.10.2+debian-14build3) ...
2026-01-27T08:49:19.9015498Z Selecting previously unselected package liborc-0.4-0t64:amd64.
2026-01-27T08:49:19.9151940Z Preparing to unpack .../041-liborc-0.4-0t64_1%3a0.4.38-1ubuntu0.1_amd64.deb ...
2026-01-27T08:49:19.9162850Z Unpacking liborc-0.4-0t64:amd64 (1:0.4.38-1ubuntu0.1) ...
2026-01-27T08:49:19.9424966Z Selecting previously unselected package libgstreamer-plugins-base1.0-0:amd64.
2026-01-27T08:49:19.9559097Z Preparing to unpack .../042-libgstreamer-plugins-base1.0-0_1.24.2-1ubuntu0.3_amd64.deb ...
2026-01-27T08:49:19.9569097Z Unpacking libgstreamer-plugins-base1.0-0:amd64 (1.24.2-1ubuntu0.3) ...
2026-01-27T08:49:19.9920107Z Selecting previously unselected package libopus0:amd64.
2026-01-27T08:49:20.0056398Z Preparing to unpack .../043-libopus0_1.4-1build1_amd64.deb ...
2026-01-27T08:49:20.0066846Z Unpacking libopus0:amd64 (1.4-1build1) ...
2026-01-27T08:49:20.0324306Z Selecting previously unselected package libtheora0:amd64.
2026-01-27T08:49:20.0462780Z Preparing to unpack .../044-libtheora0_1.1.1+dfsg.1-16.1build3_amd64.deb ...
2026-01-27T08:49:20.0472838Z Unpacking libtheora0:amd64 (1.1.1+dfsg.1-16.1build3) ...
2026-01-27T08:49:20.0757993Z Selecting previously unselected package libvisual-0.4-0:amd64.
2026-01-27T08:49:20.0897169Z Preparing to unpack .../045-libvisual-0.4-0_0.4.2-2build1_amd64.deb ...
2026-01-27T08:49:20.0907851Z Unpacking libvisual-0.4-0:amd64 (0.4.2-2build1) ...
2026-01-27T08:49:20.1161090Z Selecting previously unselected package libvorbisenc2:amd64.
2026-01-27T08:49:20.1299396Z Preparing to unpack .../046-libvorbisenc2_1.3.7-1build3_amd64.deb ...
2026-01-27T08:49:20.1308250Z Unpacking libvorbisenc2:amd64 (1.3.7-1build3) ...
2026-01-27T08:49:20.1547908Z Selecting previously unselected package gstreamer1.0-plugins-base:amd64.
2026-01-27T08:49:20.1688678Z Preparing to unpack .../047-gstreamer1.0-plugins-base_1.24.2-1ubuntu0.3_amd64.deb ...
2026-01-27T08:49:20.1698072Z Unpacking gstreamer1.0-plugins-base:amd64 (1.24.2-1ubuntu0.3) ...
2026-01-27T08:49:20.2082103Z Selecting previously unselected package libaa1:amd64.
2026-01-27T08:49:20.2222636Z Preparing to unpack .../048-libaa1_1.4p5-51.1_amd64.deb ...
2026-01-27T08:49:20.2231311Z Unpacking libaa1:amd64 (1.4p5-51.1) ...
2026-01-27T08:49:20.2465510Z Selecting previously unselected package libraw1394-11:amd64.
2026-01-27T08:49:20.2602119Z Preparing to unpack .../049-libraw1394-11_2.1.2-2build3_amd64.deb ...
2026-01-27T08:49:20.2611377Z Unpacking libraw1394-11:amd64 (2.1.2-2build3) ...
2026-01-27T08:49:20.2836128Z Selecting previously unselected package libavc1394-0:amd64.
2026-01-27T08:49:20.2973085Z Preparing to unpack .../050-libavc1394-0_0.5.4-5build3_amd64.deb ...
2026-01-27T08:49:20.2982226Z Unpacking libavc1394-0:amd64 (0.5.4-5build3) ...
2026-01-27T08:49:20.3202227Z Selecting previously unselected package libcaca0:amd64.
2026-01-27T08:49:20.3337681Z Preparing to unpack .../051-libcaca0_0.99.beta20-4ubuntu0.1_amd64.deb ...
2026-01-27T08:49:20.3347603Z Unpacking libcaca0:amd64 (0.99.beta20-4ubuntu0.1) ...
2026-01-27T08:49:20.3616552Z Selecting previously unselected package libdv4t64:amd64.
2026-01-27T08:49:20.3756885Z Preparing to unpack .../052-libdv4t64_1.0.0-17.1build1_amd64.deb ...
2026-01-27T08:49:20.3765872Z Unpacking libdv4t64:amd64 (1.0.0-17.1build1) ...
2026-01-27T08:49:20.4005793Z Selecting previously unselected package libflac12t64:amd64.
2026-01-27T08:49:20.4145357Z Preparing to unpack .../053-libflac12t64_1.4.3+ds-2.1ubuntu2_amd64.deb ...
2026-01-27T08:49:20.4154530Z Unpacking libflac12t64:amd64 (1.4.3+ds-2.1ubuntu2) ...
2026-01-27T08:49:20.4396521Z Selecting previously unselected package libgstreamer-plugins-good1.0-0:amd64.
2026-01-27T08:49:20.4533529Z Preparing to unpack .../054-libgstreamer-plugins-good1.0-0_1.24.2-1ubuntu1.2_amd64.deb ...
2026-01-27T08:49:20.4542277Z Unpacking libgstreamer-plugins-good1.0-0:amd64 (1.24.2-1ubuntu1.2) ...
2026-01-27T08:49:20.4813630Z Selecting previously unselected package libiec61883-0:amd64.
2026-01-27T08:49:20.4952228Z Preparing to unpack .../055-libiec61883-0_1.2.0-6build1_amd64.deb ...
2026-01-27T08:49:20.4962381Z Unpacking libiec61883-0:amd64 (1.2.0-6build1) ...
2026-01-27T08:49:20.5186734Z Selecting previously unselected package libmp3lame0:amd64.
2026-01-27T08:49:20.5324268Z Preparing to unpack .../056-libmp3lame0_3.100-6build1_amd64.deb ...
2026-01-27T08:49:20.5334314Z Unpacking libmp3lame0:amd64 (3.100-6build1) ...
2026-01-27T08:49:20.5577867Z Selecting previously unselected package libmpg123-0t64:amd64.
2026-01-27T08:49:20.5714440Z Preparing to unpack .../057-libmpg123-0t64_1.32.5-1ubuntu1.1_amd64.deb ...
2026-01-27T08:49:20.5724987Z Unpacking libmpg123-0t64:amd64 (1.32.5-1ubuntu1.1) ...
2026-01-27T08:49:20.5975985Z Selecting previously unselected package libasyncns0:amd64.
2026-01-27T08:49:20.6111736Z Preparing to unpack .../058-libasyncns0_0.8-6build4_amd64.deb ...
2026-01-27T08:49:20.6122850Z Unpacking libasyncns0:amd64 (0.8-6build4) ...
2026-01-27T08:49:20.6346023Z Selecting previously unselected package libsndfile1:amd64.
2026-01-27T08:49:20.6481160Z Preparing to unpack .../059-libsndfile1_1.2.2-1ubuntu5.24.04.1_amd64.deb ...
2026-01-27T08:49:20.6491126Z Unpacking libsndfile1:amd64 (1.2.2-1ubuntu5.24.04.1) ...
2026-01-27T08:49:20.6765551Z Selecting previously unselected package libpulse0:amd64.
2026-01-27T08:49:20.6901323Z Preparing to unpack .../060-libpulse0_1%3a16.1+dfsg1-2ubuntu10.1_amd64.deb ...
2026-01-27T08:49:20.6971238Z Unpacking libpulse0:amd64 (1:16.1+dfsg1-2ubuntu10.1) ...
2026-01-27T08:49:20.7235167Z Selecting previously unselected package libspeex1:amd64.
2026-01-27T08:49:20.7370915Z Preparing to unpack .../061-libspeex1_1.2.1-2ubuntu2.24.04.1_amd64.deb ...
2026-01-27T08:49:20.7382053Z Unpacking libspeex1:amd64 (1.2.1-2ubuntu2.24.04.1) ...
2026-01-27T08:49:20.7616772Z Selecting previously unselected package libshout3:amd64.
2026-01-27T08:49:20.7752863Z Preparing to unpack .../062-libshout3_2.4.6-1build2_amd64.deb ...
2026-01-27T08:49:20.7762606Z Unpacking libshout3:amd64 (2.4.6-1build2) ...
2026-01-27T08:49:20.8007403Z Selecting previously unselected package libtag1v5-vanilla:amd64.
2026-01-27T08:49:20.8147716Z Preparing to unpack .../063-libtag1v5-vanilla_1.13.1-1build1_amd64.deb ...
2026-01-27T08:49:20.8159982Z Unpacking libtag1v5-vanilla:amd64 (1.13.1-1build1) ...
2026-01-27T08:49:20.8416436Z Selecting previously unselected package libtag1v5:amd64.
2026-01-27T08:49:20.8550624Z Preparing to unpack .../064-libtag1v5_1.13.1-1build1_amd64.deb ...
2026-01-27T08:49:20.8559324Z Unpacking libtag1v5:amd64 (1.13.1-1build1) ...
2026-01-27T08:49:20.8784029Z Selecting previously unselected package libtwolame0:amd64.
2026-01-27T08:49:20.8920567Z Preparing to unpack .../065-libtwolame0_0.4.0-2build3_amd64.deb ...
2026-01-27T08:49:20.8932813Z Unpacking libtwolame0:amd64 (0.4.0-2build3) ...
2026-01-27T08:49:20.9163971Z Selecting previously unselected package libv4lconvert0t64:amd64.
2026-01-27T08:49:20.9300088Z Preparing to unpack .../066-libv4lconvert0t64_1.26.1-4build3_amd64.deb ...
2026-01-27T08:49:20.9311578Z Unpacking libv4lconvert0t64:amd64 (1.26.1-4build3) ...
2026-01-27T08:49:20.9553149Z Selecting previously unselected package libv4l-0t64:amd64.
2026-01-27T08:49:20.9691135Z Preparing to unpack .../067-libv4l-0t64_1.26.1-4build3_amd64.deb ...
2026-01-27T08:49:20.9701301Z Unpacking libv4l-0t64:amd64 (1.26.1-4build3) ...
2026-01-27T08:49:20.9950423Z Selecting previously unselected package libvpx9:amd64.
2026-01-27T08:49:21.0085674Z Preparing to unpack .../068-libvpx9_1.14.0-1ubuntu2.2_amd64.deb ...
2026-01-27T08:49:21.0097008Z Unpacking libvpx9:amd64 (1.14.0-1ubuntu2.2) ...
2026-01-27T08:49:21.0479832Z Selecting previously unselected package libwavpack1:amd64.
2026-01-27T08:49:21.0619575Z Preparing to unpack .../069-libwavpack1_5.6.0-1build1_amd64.deb ...
2026-01-27T08:49:21.0637856Z Unpacking libwavpack1:amd64 (5.6.0-1build1) ...
2026-01-27T08:49:21.0878308Z Selecting previously unselected package gstreamer1.0-plugins-good:amd64.
2026-01-27T08:49:21.1017059Z Preparing to unpack .../070-gstreamer1.0-plugins-good_1.24.2-1ubuntu1.2_amd64.deb ...
2026-01-27T08:49:21.1028096Z Unpacking gstreamer1.0-plugins-good:amd64 (1.24.2-1ubuntu1.2) ...
2026-01-27T08:49:21.1655617Z Selecting previously unselected package libgles2:amd64.
2026-01-27T08:49:21.1795431Z Preparing to unpack .../071-libgles2_1.7.0-1build1_amd64.deb ...
2026-01-27T08:49:21.1806235Z Unpacking libgles2:amd64 (1.7.0-1build1) ...
2026-01-27T08:49:21.2021225Z Selecting previously unselected package xdg-dbus-proxy.
2026-01-27T08:49:21.2158135Z Preparing to unpack .../072-xdg-dbus-proxy_0.1.5-1ubuntu0.1_amd64.deb ...
2026-01-27T08:49:21.2167619Z Unpacking xdg-dbus-proxy (0.1.5-1ubuntu0.1) ...
2026-01-27T08:49:21.2408852Z Selecting previously unselected package libegl-mesa0:amd64.
2026-01-27T08:49:21.2549677Z Preparing to unpack .../073-libegl-mesa0_25.0.7-0ubuntu0.24.04.2_amd64.deb ...
2026-01-27T08:49:21.2561136Z Unpacking libegl-mesa0:amd64 (25.0.7-0ubuntu0.24.04.2) ...
2026-01-27T08:49:21.2818984Z Selecting previously unselected package libegl1:amd64.
2026-01-27T08:49:21.2959284Z Preparing to unpack .../074-libegl1_1.7.0-1build1_amd64.deb ...
2026-01-27T08:49:21.3088799Z Unpacking libegl1:amd64 (1.7.0-1build1) ...
2026-01-27T08:49:21.3338062Z Selecting previously unselected package libgstreamer-gl1.0-0:amd64.
2026-01-27T08:49:21.3474887Z Preparing to unpack .../075-libgstreamer-gl1.0-0_1.24.2-1ubuntu0.3_amd64.deb ...
2026-01-27T08:49:21.3486546Z Unpacking libgstreamer-gl1.0-0:amd64 (1.24.2-1ubuntu0.3) ...
2026-01-27T08:49:21.3779255Z Selecting previously unselected package libharfbuzz-icu0:amd64.
2026-01-27T08:49:21.3918441Z Preparing to unpack .../076-libharfbuzz-icu0_8.3.0-2build2_amd64.deb ...
2026-01-27T08:49:21.3929882Z Unpacking libharfbuzz-icu0:amd64 (8.3.0-2build2) ...
2026-01-27T08:49:21.4152164Z Selecting previously unselected package libhyphen0:amd64.
2026-01-27T08:49:21.4288690Z Preparing to unpack .../077-libhyphen0_2.8.8-7build3_amd64.deb ...
2026-01-27T08:49:21.4299227Z Unpacking libhyphen0:amd64 (2.8.8-7build3) ...
2026-01-27T08:49:21.4533050Z Selecting previously unselected package libmanette-0.2-0:amd64.
2026-01-27T08:49:21.4669090Z Preparing to unpack .../078-libmanette-0.2-0_0.2.7-1build2_amd64.deb ...
2026-01-27T08:49:21.4678506Z Unpacking libmanette-0.2-0:amd64 (0.2.7-1build2) ...
2026-01-27T08:49:21.4911220Z Selecting previously unselected package libsecret-common.
2026-01-27T08:49:21.5047300Z Preparing to unpack .../079-libsecret-common_0.21.4-1build3_all.deb ...
2026-01-27T08:49:21.5058622Z Unpacking libsecret-common (0.21.4-1build3) ...
2026-01-27T08:49:21.5298198Z Selecting previously unselected package libsecret-1-0:amd64.
2026-01-27T08:49:21.5437262Z Preparing to unpack .../080-libsecret-1-0_0.21.4-1build3_amd64.deb ...
2026-01-27T08:49:21.5447133Z Unpacking libsecret-1-0:amd64 (0.21.4-1build3) ...
2026-01-27T08:49:21.5715586Z Selecting previously unselected package libwoff1:amd64.
2026-01-27T08:49:21.5851605Z Preparing to unpack .../081-libwoff1_1.0.2-2build1_amd64.deb ...
2026-01-27T08:49:21.5861974Z Unpacking libwoff1:amd64 (1.0.2-2build1) ...
2026-01-27T08:49:21.6149774Z Selecting previously unselected package libwebkit2gtk-4.1-0:amd64.
2026-01-27T08:49:21.6287225Z Preparing to unpack .../082-libwebkit2gtk-4.1-0_2.50.4-0ubuntu0.24.04.1_amd64.deb ...
2026-01-27T08:49:21.6297705Z Unpacking libwebkit2gtk-4.1-0:amd64 (2.50.4-0ubuntu0.24.04.1) ...
2026-01-27T08:49:21.9819366Z Selecting previously unselected package gir1.2-webkit2-4.1:amd64.
2026-01-27T08:49:21.9957510Z Preparing to unpack .../083-gir1.2-webkit2-4.1_2.50.4-0ubuntu0.24.04.1_amd64.deb ...
2026-01-27T08:49:21.9966764Z Unpacking gir1.2-webkit2-4.1:amd64 (2.50.4-0ubuntu0.24.04.1) ...
2026-01-27T08:49:22.0213965Z Selecting previously unselected package python3-mako.
2026-01-27T08:49:22.0350432Z Preparing to unpack .../084-python3-mako_1.3.2-1_all.deb ...
2026-01-27T08:49:22.0358510Z Unpacking python3-mako (1.3.2-1) ...
2026-01-27T08:49:22.0828941Z Selecting previously unselected package python3-markdown.
2026-01-27T08:49:22.0970235Z Preparing to unpack .../085-python3-markdown_3.5.2-1_all.deb ...
2026-01-27T08:49:22.0979348Z Unpacking python3-markdown (3.5.2-1) ...
2026-01-27T08:49:22.1303607Z Selecting previously unselected package gobject-introspection-bin.
2026-01-27T08:49:22.1444145Z Preparing to unpack .../086-gobject-introspection-bin_1.80.1-1_amd64.deb ...
2026-01-27T08:49:22.1453884Z Unpacking gobject-introspection-bin (1.80.1-1) ...
2026-01-27T08:49:22.2220100Z Selecting previously unselected package libglib2.0-dev-bin.
2026-01-27T08:49:22.2361759Z Preparing to unpack .../087-libglib2.0-dev-bin_2.80.0-6ubuntu3.7_amd64.deb ...
2026-01-27T08:49:22.2372707Z Unpacking libglib2.0-dev-bin (2.80.0-6ubuntu3.7) ...
2026-01-27T08:49:22.2975836Z Selecting previously unselected package uuid-dev:amd64.
2026-01-27T08:49:22.3118587Z Preparing to unpack .../088-uuid-dev_2.39.3-9ubuntu6.4_amd64.deb ...
2026-01-27T08:49:22.3128158Z Unpacking uuid-dev:amd64 (2.39.3-9ubuntu6.4) ...
2026-01-27T08:49:22.3485995Z Selecting previously unselected package libblkid-dev:amd64.
2026-01-27T08:49:22.3628847Z Preparing to unpack .../089-libblkid-dev_2.39.3-9ubuntu6.4_amd64.deb ...
2026-01-27T08:49:22.3637907Z Unpacking libblkid-dev:amd64 (2.39.3-9ubuntu6.4) ...
2026-01-27T08:49:22.3899828Z Selecting previously unselected package libsepol-dev:amd64.
2026-01-27T08:49:22.4036989Z Preparing to unpack .../090-libsepol-dev_3.5-2build1_amd64.deb ...
2026-01-27T08:49:22.4046250Z Unpacking libsepol-dev:amd64 (3.5-2build1) ...
2026-01-27T08:49:22.4403013Z Selecting previously unselected package libselinux1-dev:amd64.
2026-01-27T08:49:22.4543995Z Preparing to unpack .../091-libselinux1-dev_3.5-2ubuntu2.1_amd64.deb ...
2026-01-27T08:49:22.4552107Z Unpacking libselinux1-dev:amd64 (3.5-2ubuntu2.1) ...
2026-01-27T08:49:22.5043747Z Selecting previously unselected package libmount-dev:amd64.
2026-01-27T08:49:22.5181850Z Preparing to unpack .../092-libmount-dev_2.39.3-9ubuntu6.4_amd64.deb ...
2026-01-27T08:49:22.5190510Z Unpacking libmount-dev:amd64 (2.39.3-9ubuntu6.4) ...
2026-01-27T08:49:22.5462087Z Selecting previously unselected package libgirepository-2.0-0:amd64.
2026-01-27T08:49:22.5606540Z Preparing to unpack .../093-libgirepository-2.0-0_2.80.0-6ubuntu3.7_amd64.deb ...
2026-01-27T08:49:22.5616326Z Unpacking libgirepository-2.0-0:amd64 (2.80.0-6ubuntu3.7) ...
2026-01-27T08:49:22.5883039Z Selecting previously unselected package libglib2.0-dev:amd64.
2026-01-27T08:49:22.6021156Z Preparing to unpack .../094-libglib2.0-dev_2.80.0-6ubuntu3.7_amd64.deb ...
2026-01-27T08:49:22.6031089Z Unpacking libglib2.0-dev:amd64 (2.80.0-6ubuntu3.7) ...
2026-01-27T08:49:22.7178849Z Selecting previously unselected package gobject-introspection:amd64.
2026-01-27T08:49:22.7322864Z Preparing to unpack .../095-gobject-introspection_1.80.1-1_amd64.deb ...
2026-01-27T08:49:22.7336054Z Unpacking gobject-introspection:amd64 (1.80.1-1) ...
2026-01-27T08:49:22.7661849Z Selecting previously unselected package libgraphene-1.0-0:amd64.
2026-01-27T08:49:22.7810147Z Preparing to unpack .../096-libgraphene-1.0-0_1.10.8-3build2_amd64.deb ...
2026-01-27T08:49:22.7820106Z Unpacking libgraphene-1.0-0:amd64 (1.10.8-3build2) ...
2026-01-27T08:49:22.8045635Z Selecting previously unselected package gstreamer1.0-gl:amd64.
2026-01-27T08:49:22.8183434Z Preparing to unpack .../097-gstreamer1.0-gl_1.24.2-1ubuntu0.3_amd64.deb ...
2026-01-27T08:49:22.8193947Z Unpacking gstreamer1.0-gl:amd64 (1.24.2-1ubuntu0.3) ...
2026-01-27T08:49:22.8438670Z Selecting previously unselected package libxv1:amd64.
2026-01-27T08:49:22.8578313Z Preparing to unpack .../098-libxv1_2%3a1.0.11-1.1build1_amd64.deb ...
2026-01-27T08:49:22.8587512Z Unpacking libxv1:amd64 (2:1.0.11-1.1build1) ...
2026-01-27T08:49:22.8803655Z Selecting previously unselected package gstreamer1.0-x:amd64.
2026-01-27T08:49:22.8941230Z Preparing to unpack .../099-gstreamer1.0-x_1.24.2-1ubuntu0.3_amd64.deb ...
2026-01-27T08:49:22.8950123Z Unpacking gstreamer1.0-x:amd64 (1.24.2-1ubuntu0.3) ...
2026-01-27T08:49:22.9184951Z Selecting previously unselected package libdbusmenu-glib-dev:amd64.
2026-01-27T08:49:22.9322005Z Preparing to unpack .../100-libdbusmenu-glib-dev_18.10.20180917~bzr492+repack1-3.1ubuntu5_amd64.deb ...
2026-01-27T08:49:22.9330957Z Unpacking libdbusmenu-glib-dev:amd64 (18.10.20180917~bzr492+repack1-3.1ubuntu5) ...
2026-01-27T08:49:22.9663343Z Selecting previously unselected package libdbus-1-dev:amd64.
2026-01-27T08:49:22.9801285Z Preparing to unpack .../101-libdbus-1-dev_1.14.10-4ubuntu4.1_amd64.deb ...
2026-01-27T08:49:22.9811334Z Unpacking libdbus-1-dev:amd64 (1.14.10-4ubuntu4.1) ...
2026-01-27T08:49:23.0202668Z Selecting previously unselected package libdbus-glib-1-2:amd64.
2026-01-27T08:49:23.0339948Z Preparing to unpack .../102-libdbus-glib-1-2_0.112-3build2_amd64.deb ...
2026-01-27T08:49:23.0350500Z Unpacking libdbus-glib-1-2:amd64 (0.112-3build2) ...
2026-01-27T08:49:23.0572414Z Selecting previously unselected package libdbus-glib-1-dev-bin.
2026-01-27T08:49:23.0714321Z Preparing to unpack .../103-libdbus-glib-1-dev-bin_0.112-3build2_amd64.deb ...
2026-01-27T08:49:23.0723635Z Unpacking libdbus-glib-1-dev-bin (0.112-3build2) ...
2026-01-27T08:49:23.0957306Z Selecting previously unselected package libdbus-glib-1-dev:amd64.
2026-01-27T08:49:23.1096508Z Preparing to unpack .../104-libdbus-glib-1-dev_0.112-3build2_amd64.deb ...
2026-01-27T08:49:23.1105415Z Unpacking libdbus-glib-1-dev:amd64 (0.112-3build2) ...
2026-01-27T08:49:23.1354523Z Selecting previously unselected package libatk1.0-dev:amd64.
2026-01-27T08:49:23.1494985Z Preparing to unpack .../105-libatk1.0-dev_2.52.0-1build1_amd64.deb ...
2026-01-27T08:49:23.1505436Z Unpacking libatk1.0-dev:amd64 (2.52.0-1build1) ...
2026-01-27T08:49:23.1852839Z Selecting previously unselected package xorg-sgml-doctools.
2026-01-27T08:49:23.1992982Z Preparing to unpack .../106-xorg-sgml-doctools_1%3a1.11-1.1_all.deb ...
2026-01-27T08:49:23.2004251Z Unpacking xorg-sgml-doctools (1:1.11-1.1) ...
2026-01-27T08:49:23.2326664Z Selecting previously unselected package x11proto-dev.
2026-01-27T08:49:23.2466432Z Preparing to unpack .../107-x11proto-dev_2023.2-1_all.deb ...
2026-01-27T08:49:23.2475920Z Unpacking x11proto-dev (2023.2-1) ...
2026-01-27T08:49:23.3125093Z Selecting previously unselected package libxau-dev:amd64.
2026-01-27T08:49:23.3265657Z Preparing to unpack .../108-libxau-dev_1%3a1.0.9-1build6_amd64.deb ...
2026-01-27T08:49:23.3274053Z Unpacking libxau-dev:amd64 (1:1.0.9-1build6) ...
2026-01-27T08:49:23.3509678Z Selecting previously unselected package libxdmcp-dev:amd64.
2026-01-27T08:49:23.3652613Z Preparing to unpack .../109-libxdmcp-dev_1%3a1.1.3-0ubuntu6_amd64.deb ...
2026-01-27T08:49:23.3662760Z Unpacking libxdmcp-dev:amd64 (1:1.1.3-0ubuntu6) ...
2026-01-27T08:49:23.3890663Z Selecting previously unselected package xtrans-dev.
2026-01-27T08:49:23.4030086Z Preparing to unpack .../110-xtrans-dev_1.4.0-1_all.deb ...
2026-01-27T08:49:23.4042294Z Unpacking xtrans-dev (1.4.0-1) ...
2026-01-27T08:49:23.4319648Z Selecting previously unselected package libpthread-stubs0-dev:amd64.
2026-01-27T08:49:23.4457229Z Preparing to unpack .../111-libpthread-stubs0-dev_0.4-1build3_amd64.deb ...
2026-01-27T08:49:23.4466669Z Unpacking libpthread-stubs0-dev:amd64 (0.4-1build3) ...
2026-01-27T08:49:23.4678501Z Selecting previously unselected package libxcb1-dev:amd64.
2026-01-27T08:49:23.4817458Z Preparing to unpack .../112-libxcb1-dev_1.15-1ubuntu2_amd64.deb ...
2026-01-27T08:49:23.4827154Z Unpacking libxcb1-dev:amd64 (1.15-1ubuntu2) ...
2026-01-27T08:49:23.5077308Z Selecting previously unselected package libx11-dev:amd64.
2026-01-27T08:49:23.5216760Z Preparing to unpack .../113-libx11-dev_2%3a1.8.7-1build1_amd64.deb ...
2026-01-27T08:49:23.5225217Z Unpacking libx11-dev:amd64 (2:1.8.7-1build1) ...
2026-01-27T08:49:23.5559168Z Selecting previously unselected package libxext-dev:amd64.
2026-01-27T08:49:23.5698797Z Preparing to unpack .../114-libxext-dev_2%3a1.3.4-1build2_amd64.deb ...
2026-01-27T08:49:23.5709093Z Unpacking libxext-dev:amd64 (2:1.3.4-1build2) ...
2026-01-27T08:49:23.6033642Z Selecting previously unselected package libxfixes-dev:amd64.
2026-01-27T08:49:23.6171773Z Preparing to unpack .../115-libxfixes-dev_1%3a6.0.0-2build1_amd64.deb ...
2026-01-27T08:49:23.6180251Z Unpacking libxfixes-dev:amd64 (1:6.0.0-2build1) ...
2026-01-27T08:49:23.6406251Z Selecting previously unselected package libxi-dev:amd64.
2026-01-27T08:49:23.6542577Z Preparing to unpack .../116-libxi-dev_2%3a1.8.1-1build1_amd64.deb ...
2026-01-27T08:49:23.6552709Z Unpacking libxi-dev:amd64 (2:1.8.1-1build1) ...
2026-01-27T08:49:23.6892568Z Selecting previously unselected package libxtst-dev:amd64.
2026-01-27T08:49:23.7029931Z Preparing to unpack .../117-libxtst-dev_2%3a1.2.3-1.1build1_amd64.deb ...
2026-01-27T08:49:23.7039040Z Unpacking libxtst-dev:amd64 (2:1.2.3-1.1build1) ...
2026-01-27T08:49:23.7274586Z Selecting previously unselected package libatspi2.0-dev:amd64.
2026-01-27T08:49:23.7412785Z Preparing to unpack .../118-libatspi2.0-dev_2.52.0-1build1_amd64.deb ...
2026-01-27T08:49:23.7422884Z Unpacking libatspi2.0-dev:amd64 (2.52.0-1build1) ...
2026-01-27T08:49:23.7728931Z Selecting previously unselected package libatk-bridge2.0-dev:amd64.
2026-01-27T08:49:23.7869421Z Preparing to unpack .../119-libatk-bridge2.0-dev_2.52.0-1build1_amd64.deb ...
2026-01-27T08:49:23.7877979Z Unpacking libatk-bridge2.0-dev:amd64 (2.52.0-1build1) ...
2026-01-27T08:49:23.8110351Z Selecting previously unselected package libcairo-script-interpreter2:amd64.
2026-01-27T08:49:23.8248953Z Preparing to unpack .../120-libcairo-script-interpreter2_1.18.0-3build1_amd64.deb ...
2026-01-27T08:49:23.8258004Z Unpacking libcairo-script-interpreter2:amd64 (1.18.0-3build1) ...
2026-01-27T08:49:23.8486919Z Selecting previously unselected package libbrotli-dev:amd64.
2026-01-27T08:49:23.8626801Z Preparing to unpack .../121-libbrotli-dev_1.1.0-2build2_amd64.deb ...
2026-01-27T08:49:23.8712405Z Unpacking libbrotli-dev:amd64 (1.1.0-2build2) ...
2026-01-27T08:49:23.8999213Z Selecting previously unselected package libbz2-dev:amd64.
2026-01-27T08:49:23.9136424Z Preparing to unpack .../122-libbz2-dev_1.0.8-5.1build0.1_amd64.deb ...
2026-01-27T08:49:23.9151479Z Unpacking libbz2-dev:amd64 (1.0.8-5.1build0.1) ...
2026-01-27T08:49:23.9376346Z Selecting previously unselected package libpng-dev:amd64.
2026-01-27T08:49:23.9515362Z Preparing to unpack .../123-libpng-dev_1.6.43-5ubuntu0.3_amd64.deb ...
2026-01-27T08:49:23.9523603Z Unpacking libpng-dev:amd64 (1.6.43-5ubuntu0.3) ...
2026-01-27T08:49:23.9815966Z Selecting previously unselected package libfreetype-dev:amd64.
2026-01-27T08:49:23.9952978Z Preparing to unpack .../124-libfreetype-dev_2.13.2+dfsg-1build3_amd64.deb ...
2026-01-27T08:49:23.9962387Z Unpacking libfreetype-dev:amd64 (2.13.2+dfsg-1build3) ...
2026-01-27T08:49:24.0342189Z Selecting previously unselected package libfontconfig-dev:amd64.
2026-01-27T08:49:24.0479138Z Preparing to unpack .../125-libfontconfig-dev_2.15.0-1.1ubuntu2_amd64.deb ...
2026-01-27T08:49:24.0491796Z Unpacking libfontconfig-dev:amd64 (2.15.0-1.1ubuntu2) ...
2026-01-27T08:49:24.0759043Z Selecting previously unselected package libpixman-1-dev:amd64.
2026-01-27T08:49:24.0899463Z Preparing to unpack .../126-libpixman-1-dev_0.42.2-1build1_amd64.deb ...
2026-01-27T08:49:24.0910100Z Unpacking libpixman-1-dev:amd64 (0.42.2-1build1) ...
2026-01-27T08:49:24.1186247Z Selecting previously unselected package libice-dev:amd64.
2026-01-27T08:49:24.1324217Z Preparing to unpack .../127-libice-dev_2%3a1.0.10-1build3_amd64.deb ...
2026-01-27T08:49:24.1333462Z Unpacking libice-dev:amd64 (2:1.0.10-1build3) ...
2026-01-27T08:49:24.1566753Z Selecting previously unselected package libsm-dev:amd64.
2026-01-27T08:49:24.1704690Z Preparing to unpack .../128-libsm-dev_2%3a1.2.3-1build3_amd64.deb ...
2026-01-27T08:49:24.1713406Z Unpacking libsm-dev:amd64 (2:1.2.3-1build3) ...
2026-01-27T08:49:24.1945598Z Selecting previously unselected package libxcb-render0-dev:amd64.
2026-01-27T08:49:24.2087732Z Preparing to unpack .../129-libxcb-render0-dev_1.15-1ubuntu2_amd64.deb ...
2026-01-27T08:49:24.2096721Z Unpacking libxcb-render0-dev:amd64 (1.15-1ubuntu2) ...
2026-01-27T08:49:24.2318763Z Selecting previously unselected package libxcb-shm0-dev:amd64.
2026-01-27T08:49:24.2457574Z Preparing to unpack .../130-libxcb-shm0-dev_1.15-1ubuntu2_amd64.deb ...
2026-01-27T08:49:24.2467005Z Unpacking libxcb-shm0-dev:amd64 (1.15-1ubuntu2) ...
2026-01-27T08:49:24.2694332Z Selecting previously unselected package libxrender-dev:amd64.
2026-01-27T08:49:24.2835060Z Preparing to unpack .../131-libxrender-dev_1%3a0.9.10-1.1build1_amd64.deb ...
2026-01-27T08:49:24.2845805Z Unpacking libxrender-dev:amd64 (1:0.9.10-1.1build1) ...
2026-01-27T08:49:24.3067576Z Selecting previously unselected package libcairo2-dev:amd64.
2026-01-27T08:49:24.3207957Z Preparing to unpack .../132-libcairo2-dev_1.18.0-3build1_amd64.deb ...
2026-01-27T08:49:24.3220858Z Unpacking libcairo2-dev:amd64 (1.18.0-3build1) ...
2026-01-27T08:49:24.3488110Z Selecting previously unselected package libglx-dev:amd64.
2026-01-27T08:49:24.3628857Z Preparing to unpack .../133-libglx-dev_1.7.0-1build1_amd64.deb ...
2026-01-27T08:49:24.3638847Z Unpacking libglx-dev:amd64 (1.7.0-1build1) ...
2026-01-27T08:49:24.3864525Z Selecting previously unselected package libgl-dev:amd64.
2026-01-27T08:49:24.4004930Z Preparing to unpack .../134-libgl-dev_1.7.0-1build1_amd64.deb ...
2026-01-27T08:49:24.4013993Z Unpacking libgl-dev:amd64 (1.7.0-1build1) ...
2026-01-27T08:49:24.4281712Z Selecting previously unselected package libegl-dev:amd64.
2026-01-27T08:49:24.4422681Z Preparing to unpack .../135-libegl-dev_1.7.0-1build1_amd64.deb ...
2026-01-27T08:49:24.4431716Z Unpacking libegl-dev:amd64 (1.7.0-1build1) ...
2026-01-27T08:49:24.4660421Z Selecting previously unselected package libglvnd-core-dev:amd64.
2026-01-27T08:49:24.4802202Z Preparing to unpack .../136-libglvnd-core-dev_1.7.0-1build1_amd64.deb ...
2026-01-27T08:49:24.4811195Z Unpacking libglvnd-core-dev:amd64 (1.7.0-1build1) ...
2026-01-27T08:49:24.5048246Z Selecting previously unselected package libgles1:amd64.
2026-01-27T08:49:24.5188155Z Preparing to unpack .../137-libgles1_1.7.0-1build1_amd64.deb ...
2026-01-27T08:49:24.5198676Z Unpacking libgles1:amd64 (1.7.0-1build1) ...
2026-01-27T08:49:24.5421763Z Selecting previously unselected package libgles-dev:amd64.
2026-01-27T08:49:24.5565802Z Preparing to unpack .../138-libgles-dev_1.7.0-1build1_amd64.deb ...
2026-01-27T08:49:24.5574250Z Unpacking libgles-dev:amd64 (1.7.0-1build1) ...
2026-01-27T08:49:24.5850655Z Selecting previously unselected package libopengl0:amd64.
2026-01-27T08:49:24.5993098Z Preparing to unpack .../139-libopengl0_1.7.0-1build1_amd64.deb ...
2026-01-27T08:49:24.6002496Z Unpacking libopengl0:amd64 (1.7.0-1build1) ...
2026-01-27T08:49:24.6229154Z Selecting previously unselected package libopengl-dev:amd64.
2026-01-27T08:49:24.6371623Z Preparing to unpack .../140-libopengl-dev_1.7.0-1build1_amd64.deb ...
2026-01-27T08:49:24.6381858Z Unpacking libopengl-dev:amd64 (1.7.0-1build1) ...
2026-01-27T08:49:24.6652327Z Selecting previously unselected package libglvnd-dev:amd64.
2026-01-27T08:49:24.6794116Z Preparing to unpack .../141-libglvnd-dev_1.7.0-1build1_amd64.deb ...
2026-01-27T08:49:24.6805430Z Unpacking libglvnd-dev:amd64 (1.7.0-1build1) ...
2026-01-27T08:49:24.7021057Z Selecting previously unselected package libegl1-mesa-dev:amd64.
2026-01-27T08:49:24.7162479Z Preparing to unpack .../142-libegl1-mesa-dev_25.0.7-0ubuntu0.24.04.2_amd64.deb ...
2026-01-27T08:49:24.7173278Z Unpacking libegl1-mesa-dev:amd64 (25.0.7-0ubuntu0.24.04.2) ...
2026-01-27T08:49:24.7395131Z Selecting previously unselected package libepoxy-dev:amd64.
2026-01-27T08:49:24.7536253Z Preparing to unpack .../143-libepoxy-dev_1.5.10-1build1_amd64.deb ...
2026-01-27T08:49:24.7544526Z Unpacking libepoxy-dev:amd64 (1.5.10-1build1) ...
2026-01-27T08:49:24.7865496Z Selecting previously unselected package libfribidi-dev:amd64.
2026-01-27T08:49:24.8005332Z Preparing to unpack .../144-libfribidi-dev_1.0.13-3build1_amd64.deb ...
2026-01-27T08:49:24.8015162Z Unpacking libfribidi-dev:amd64 (1.0.13-3build1) ...
2026-01-27T08:49:24.8319877Z Selecting previously unselected package libgdk-pixbuf2.0-bin.
2026-01-27T08:49:24.8458098Z Preparing to unpack .../145-libgdk-pixbuf2.0-bin_2.42.10+dfsg-3ubuntu3.2_amd64.deb ...
2026-01-27T08:49:24.8466371Z Unpacking libgdk-pixbuf2.0-bin (2.42.10+dfsg-3ubuntu3.2) ...
2026-01-27T08:49:24.8759616Z Selecting previously unselected package libjpeg-turbo8-dev:amd64.
2026-01-27T08:49:24.8898306Z Preparing to unpack .../146-libjpeg-turbo8-dev_2.1.5-2ubuntu2_amd64.deb ...
2026-01-27T08:49:24.8906268Z Unpacking libjpeg-turbo8-dev:amd64 (2.1.5-2ubuntu2) ...
2026-01-27T08:49:24.9197290Z Selecting previously unselected package libjpeg8-dev:amd64.
2026-01-27T08:49:24.9336258Z Preparing to unpack .../147-libjpeg8-dev_8c-2ubuntu11_amd64.deb ...
2026-01-27T08:49:24.9345485Z Unpacking libjpeg8-dev:amd64 (8c-2ubuntu11) ...
2026-01-27T08:49:24.9559840Z Selecting previously unselected package libjpeg-dev:amd64.
2026-01-27T08:49:24.9698285Z Preparing to unpack .../148-libjpeg-dev_8c-2ubuntu11_amd64.deb ...
2026-01-27T08:49:24.9707003Z Unpacking libjpeg-dev:amd64 (8c-2ubuntu11) ...
2026-01-27T08:49:24.9930912Z Selecting previously unselected package libjbig-dev:amd64.
2026-01-27T08:49:25.0069515Z Preparing to unpack .../149-libjbig-dev_2.1-6.1ubuntu2_amd64.deb ...
2026-01-27T08:49:25.0077914Z Unpacking libjbig-dev:amd64 (2.1-6.1ubuntu2) ...
2026-01-27T08:49:25.0300605Z Selecting previously unselected package liblzma-dev:amd64.
2026-01-27T08:49:25.0438699Z Preparing to unpack .../150-liblzma-dev_5.6.1+really5.4.5-1ubuntu0.2_amd64.deb ...
2026-01-27T08:49:25.0447656Z Unpacking liblzma-dev:amd64 (5.6.1+really5.4.5-1ubuntu0.2) ...
2026-01-27T08:49:25.0763784Z Selecting previously unselected package libwebpdecoder3:amd64.
2026-01-27T08:49:25.0904623Z Preparing to unpack .../151-libwebpdecoder3_1.3.2-0.4build3_amd64.deb ...
2026-01-27T08:49:25.0913640Z Unpacking libwebpdecoder3:amd64 (1.3.2-0.4build3) ...
2026-01-27T08:49:25.1192623Z Selecting previously unselected package libsharpyuv-dev:amd64.
2026-01-27T08:49:25.1331064Z Preparing to unpack .../152-libsharpyuv-dev_1.3.2-0.4build3_amd64.deb ...
2026-01-27T08:49:25.1341863Z Unpacking libsharpyuv-dev:amd64 (1.3.2-0.4build3) ...
2026-01-27T08:49:25.1569725Z Selecting previously unselected package libwebp-dev:amd64.
2026-01-27T08:49:25.1709451Z Preparing to unpack .../153-libwebp-dev_1.3.2-0.4build3_amd64.deb ...
2026-01-27T08:49:25.1720589Z Unpacking libwebp-dev:amd64 (1.3.2-0.4build3) ...
2026-01-27T08:49:25.2066728Z Selecting previously unselected package libtiffxx6:amd64.
2026-01-27T08:49:25.2212446Z Preparing to unpack .../154-libtiffxx6_4.5.1+git230720-4ubuntu2.4_amd64.deb ...
2026-01-27T08:49:25.2225115Z Unpacking libtiffxx6:amd64 (4.5.1+git230720-4ubuntu2.4) ...
2026-01-27T08:49:25.2442817Z Selecting previously unselected package libdeflate-dev:amd64.
2026-01-27T08:49:25.2582148Z Preparing to unpack .../155-libdeflate-dev_1.19-1build1.1_amd64.deb ...
2026-01-27T08:49:25.2593552Z Unpacking libdeflate-dev:amd64 (1.19-1build1.1) ...
2026-01-27T08:49:25.2901901Z Selecting previously unselected package liblerc-dev:amd64.
2026-01-27T08:49:25.3046402Z Preparing to unpack .../156-liblerc-dev_4.0.0+ds-4ubuntu2_amd64.deb ...
2026-01-27T08:49:25.3057462Z Unpacking liblerc-dev:amd64 (4.0.0+ds-4ubuntu2) ...
2026-01-27T08:49:25.3471972Z Selecting previously unselected package libtiff-dev:amd64.
2026-01-27T08:49:25.3612168Z Preparing to unpack .../157-libtiff-dev_4.5.1+git230720-4ubuntu2.4_amd64.deb ...
2026-01-27T08:49:25.3621227Z Unpacking libtiff-dev:amd64 (4.5.1+git230720-4ubuntu2.4) ...
2026-01-27T08:49:25.3983516Z Selecting previously unselected package libgdk-pixbuf-2.0-dev:amd64.
2026-01-27T08:49:25.4121808Z Preparing to unpack .../158-libgdk-pixbuf-2.0-dev_2.42.10+dfsg-3ubuntu3.2_amd64.deb ...
2026-01-27T08:49:25.4132092Z Unpacking libgdk-pixbuf-2.0-dev:amd64 (2.42.10+dfsg-3ubuntu3.2) ...
2026-01-27T08:49:25.4401052Z Selecting previously unselected package libharfbuzz-subset0:amd64.
2026-01-27T08:49:25.4539292Z Preparing to unpack .../159-libharfbuzz-subset0_8.3.0-2build2_amd64.deb ...
2026-01-27T08:49:25.4553393Z Unpacking libharfbuzz-subset0:amd64 (8.3.0-2build2) ...
2026-01-27T08:49:25.4835241Z Selecting previously unselected package libharfbuzz-cairo0:amd64.
2026-01-27T08:49:25.4974225Z Preparing to unpack .../160-libharfbuzz-cairo0_8.3.0-2build2_amd64.deb ...
2026-01-27T08:49:25.4986507Z Unpacking libharfbuzz-cairo0:amd64 (8.3.0-2build2) ...
2026-01-27T08:49:25.5217827Z Selecting previously unselected package libgraphite2-dev:amd64.
2026-01-27T08:49:25.5357842Z Preparing to unpack .../161-libgraphite2-dev_1.3.14-2build1_amd64.deb ...
2026-01-27T08:49:25.5366161Z Unpacking libgraphite2-dev:amd64 (1.3.14-2build1) ...
2026-01-27T08:49:25.5601223Z Selecting previously unselected package libharfbuzz-dev:amd64.
2026-01-27T08:49:25.5742846Z Preparing to unpack .../162-libharfbuzz-dev_8.3.0-2build2_amd64.deb ...
2026-01-27T08:49:25.5758362Z Unpacking libharfbuzz-dev:amd64 (8.3.0-2build2) ...
2026-01-27T08:49:25.6106364Z Selecting previously unselected package libdatrie-dev:amd64.
2026-01-27T08:49:25.6245670Z Preparing to unpack .../163-libdatrie-dev_0.2.13-3build1_amd64.deb ...
2026-01-27T08:49:25.6257054Z Unpacking libdatrie-dev:amd64 (0.2.13-3build1) ...
2026-01-27T08:49:25.6492504Z Selecting previously unselected package libthai-dev:amd64.
2026-01-27T08:49:25.6632359Z Preparing to unpack .../164-libthai-dev_0.1.29-2build1_amd64.deb ...
2026-01-27T08:49:25.6644669Z Unpacking libthai-dev:amd64 (0.1.29-2build1) ...
2026-01-27T08:49:25.6902122Z Selecting previously unselected package libxft-dev:amd64.
2026-01-27T08:49:25.7039778Z Preparing to unpack .../165-libxft-dev_2.3.6-1build1_amd64.deb ...
2026-01-27T08:49:25.7048818Z Unpacking libxft-dev:amd64 (2.3.6-1build1) ...
2026-01-27T08:49:25.7349361Z Selecting previously unselected package pango1.0-tools.
2026-01-27T08:49:25.7488460Z Preparing to unpack .../166-pango1.0-tools_1.52.1+ds-1build1_amd64.deb ...
2026-01-27T08:49:25.7496948Z Unpacking pango1.0-tools (1.52.1+ds-1build1) ...
2026-01-27T08:49:25.7734214Z Selecting previously unselected package libpango1.0-dev:amd64.
2026-01-27T08:49:25.7874014Z Preparing to unpack .../167-libpango1.0-dev_1.52.1+ds-1build1_amd64.deb ...
2026-01-27T08:49:25.7885926Z Unpacking libpango1.0-dev:amd64 (1.52.1+ds-1build1) ...
2026-01-27T08:49:25.8235979Z Selecting previously unselected package libwayland-bin.
2026-01-27T08:49:25.8374220Z Preparing to unpack .../168-libwayland-bin_1.22.0-2.1build1_amd64.deb ...
2026-01-27T08:49:25.8384049Z Unpacking libwayland-bin (1.22.0-2.1build1) ...
2026-01-27T08:49:25.8617632Z Selecting previously unselected package libwayland-dev:amd64.
2026-01-27T08:49:25.8758161Z Preparing to unpack .../169-libwayland-dev_1.22.0-2.1build1_amd64.deb ...
2026-01-27T08:49:25.8767421Z Unpacking libwayland-dev:amd64 (1.22.0-2.1build1) ...
2026-01-27T08:49:25.9049761Z Selecting previously unselected package libxcomposite-dev:amd64.
2026-01-27T08:49:25.9189071Z Preparing to unpack .../170-libxcomposite-dev_1%3a0.4.5-1build3_amd64.deb ...
2026-01-27T08:49:25.9201150Z Unpacking libxcomposite-dev:amd64 (1:0.4.5-1build3) ...
2026-01-27T08:49:25.9436396Z Selecting previously unselected package libxcursor-dev:amd64.
2026-01-27T08:49:25.9576007Z Preparing to unpack .../171-libxcursor-dev_1%3a1.2.1-1build1_amd64.deb ...
2026-01-27T08:49:25.9584198Z Unpacking libxcursor-dev:amd64 (1:1.2.1-1build1) ...
2026-01-27T08:49:25.9875590Z Selecting previously unselected package libxdamage-dev:amd64.
2026-01-27T08:49:26.0015965Z Preparing to unpack .../172-libxdamage-dev_1%3a1.1.6-1build1_amd64.deb ...
2026-01-27T08:49:26.0025000Z Unpacking libxdamage-dev:amd64 (1:1.1.6-1build1) ...
2026-01-27T08:49:26.0257677Z Selecting previously unselected package libxinerama-dev:amd64.
2026-01-27T08:49:26.0401112Z Preparing to unpack .../173-libxinerama-dev_2%3a1.1.4-3build1_amd64.deb ...
2026-01-27T08:49:26.0414197Z Unpacking libxinerama-dev:amd64 (2:1.1.4-3build1) ...
2026-01-27T08:49:26.0674571Z Selecting previously unselected package libxkbcommon-dev:amd64.
2026-01-27T08:49:26.0817568Z Preparing to unpack .../174-libxkbcommon-dev_1.6.0-1build1_amd64.deb ...
2026-01-27T08:49:26.0826269Z Unpacking libxkbcommon-dev:amd64 (1.6.0-1build1) ...
2026-01-27T08:49:26.1188306Z Selecting previously unselected package libxrandr-dev:amd64.
2026-01-27T08:49:26.1329188Z Preparing to unpack .../175-libxrandr-dev_2%3a1.5.2-2build1_amd64.deb ...
2026-01-27T08:49:26.1337087Z Unpacking libxrandr-dev:amd64 (2:1.5.2-2build1) ...
2026-01-27T08:49:26.1578302Z Selecting previously unselected package wayland-protocols.
2026-01-27T08:49:26.1719248Z Preparing to unpack .../176-wayland-protocols_1.38-1~ubuntu0.24.04.1_all.deb ...
2026-01-27T08:49:26.1727217Z Unpacking wayland-protocols (1.38-1~ubuntu0.24.04.1) ...
2026-01-27T08:49:26.2097231Z Selecting previously unselected package libgtk-3-dev:amd64.
2026-01-27T08:49:26.2240607Z Preparing to unpack .../177-libgtk-3-dev_3.24.41-4ubuntu1.3_amd64.deb ...
2026-01-27T08:49:26.2249611Z Unpacking libgtk-3-dev:amd64 (3.24.41-4ubuntu1.3) ...
2026-01-27T08:49:26.3589192Z Selecting previously unselected package libappindicator3-dev.
2026-01-27T08:49:26.3732448Z Preparing to unpack .../178-libappindicator3-dev_12.10.1+20.10.20200706.1-0ubuntu5_amd64.deb ...
2026-01-27T08:49:26.3747747Z Unpacking libappindicator3-dev (12.10.1+20.10.20200706.1-0ubuntu5) ...
2026-01-27T08:49:26.3976800Z Selecting previously unselected package libgirepository-1.0-dev:amd64.
2026-01-27T08:49:26.4116988Z Preparing to unpack .../179-libgirepository-1.0-dev_1.80.1-1_amd64.deb ...
2026-01-27T08:49:26.4125965Z Unpacking libgirepository-1.0-dev:amd64 (1.80.1-1) ...
2026-01-27T08:49:26.4374117Z Selecting previously unselected package libgirepository1.0-dev.
2026-01-27T08:49:26.4514433Z Preparing to unpack .../180-libgirepository1.0-dev_1.80.1-1_amd64.deb ...
2026-01-27T08:49:26.4524671Z Unpacking libgirepository1.0-dev (1.80.1-1) ...
2026-01-27T08:49:26.4739976Z Selecting previously unselected package libjavascriptcoregtk-4.1-dev:amd64.
2026-01-27T08:49:26.4882755Z Preparing to unpack .../181-libjavascriptcoregtk-4.1-dev_2.50.4-0ubuntu0.24.04.1_amd64.deb ...
2026-01-27T08:49:26.4891039Z Unpacking libjavascriptcoregtk-4.1-dev:amd64 (2.50.4-0ubuntu0.24.04.1) ...
2026-01-27T08:49:26.5166465Z Selecting previously unselected package libnghttp2-dev:amd64.
2026-01-27T08:49:26.5308317Z Preparing to unpack .../182-libnghttp2-dev_1.59.0-1ubuntu0.2_amd64.deb ...
2026-01-27T08:49:26.5317098Z Unpacking libnghttp2-dev:amd64 (1.59.0-1ubuntu0.2) ...
2026-01-27T08:49:26.5605937Z Selecting previously unselected package libwebrtc-audio-processing1:amd64.
2026-01-27T08:49:26.5747154Z Preparing to unpack .../183-libwebrtc-audio-processing1_0.3.1-0ubuntu6_amd64.deb ...
2026-01-27T08:49:26.5757686Z Unpacking libwebrtc-audio-processing1:amd64 (0.3.1-0ubuntu6) ...
2026-01-27T08:49:26.6016371Z Selecting previously unselected package libspa-0.2-modules:amd64.
2026-01-27T08:49:26.6155050Z Preparing to unpack .../184-libspa-0.2-modules_1.0.5-1ubuntu3.2_amd64.deb ...
2026-01-27T08:49:26.6163919Z Unpacking libspa-0.2-modules:amd64 (1.0.5-1ubuntu3.2) ...
2026-01-27T08:49:26.6516052Z Selecting previously unselected package libpipewire-0.3-0t64:amd64.
2026-01-27T08:49:26.6656880Z Preparing to unpack .../185-libpipewire-0.3-0t64_1.0.5-1ubuntu3.2_amd64.deb ...
2026-01-27T08:49:26.6667385Z Unpacking libpipewire-0.3-0t64:amd64 (1.0.5-1ubuntu3.2) ...
2026-01-27T08:49:26.6926272Z Selecting previously unselected package libpipewire-0.3-common.
2026-01-27T08:49:26.7065232Z Preparing to unpack .../186-libpipewire-0.3-common_1.0.5-1ubuntu3.2_all.deb ...
2026-01-27T08:49:26.7075000Z Unpacking libpipewire-0.3-common (1.0.5-1ubuntu3.2) ...
2026-01-27T08:49:26.7288489Z Selecting previously unselected package libpng-tools.
2026-01-27T08:49:26.7425899Z Preparing to unpack .../187-libpng-tools_1.6.43-5ubuntu0.3_amd64.deb ...
2026-01-27T08:49:26.7437362Z Unpacking libpng-tools (1.6.43-5ubuntu0.3) ...
2026-01-27T08:49:26.7656035Z Selecting previously unselected package libpsl-dev:amd64.
2026-01-27T08:49:26.7794264Z Preparing to unpack .../188-libpsl-dev_0.21.2-1.1build1_amd64.deb ...
2026-01-27T08:49:26.7892230Z Unpacking libpsl-dev:amd64 (0.21.2-1.1build1) ...
2026-01-27T08:49:26.8152693Z Selecting previously unselected package librsvg2-common:amd64.
2026-01-27T08:49:26.8293338Z Preparing to unpack .../189-librsvg2-common_2.58.0+dfsg-1build1_amd64.deb ...
2026-01-27T08:49:26.8302933Z Unpacking librsvg2-common:amd64 (2.58.0+dfsg-1build1) ...
2026-01-27T08:49:26.8580624Z Selecting previously unselected package librsvg2-dev:amd64.
2026-01-27T08:49:26.8720054Z Preparing to unpack .../190-librsvg2-dev_2.58.0+dfsg-1build1_amd64.deb ...
2026-01-27T08:49:26.8728996Z Unpacking librsvg2-dev:amd64 (2.58.0+dfsg-1build1) ...
2026-01-27T08:49:26.8972756Z Selecting previously unselected package libsysprof-capture-4-dev:amd64.
2026-01-27T08:49:26.9111454Z Preparing to unpack .../191-libsysprof-capture-4-dev_46.0-1build1_amd64.deb ...
2026-01-27T08:49:26.9121006Z Unpacking libsysprof-capture-4-dev:amd64 (46.0-1build1) ...
2026-01-27T08:49:26.9368222Z Selecting previously unselected package libsoup-3.0-dev:amd64.
2026-01-27T08:49:26.9506310Z Preparing to unpack .../192-libsoup-3.0-dev_3.4.4-5ubuntu0.6_amd64.deb ...
2026-01-27T08:49:26.9516498Z Unpacking libsoup-3.0-dev:amd64 (3.4.4-5ubuntu0.6) ...
2026-01-27T08:49:26.9820310Z Selecting previously unselected package libwebkit2gtk-4.1-dev.
2026-01-27T08:49:26.9957783Z Preparing to unpack .../193-libwebkit2gtk-4.1-dev_2.50.4-0ubuntu0.24.04.1_amd64.deb ...
2026-01-27T08:49:26.9966666Z Unpacking libwebkit2gtk-4.1-dev (2.50.4-0ubuntu0.24.04.1) ...
2026-01-27T08:49:27.0669009Z Selecting previously unselected package xdg-desktop-portal.
2026-01-27T08:49:27.0811514Z Preparing to unpack .../194-xdg-desktop-portal_1.18.4-1ubuntu2.24.04.1_amd64.deb ...
2026-01-27T08:49:27.0825998Z Unpacking xdg-desktop-portal (1.18.4-1ubuntu2.24.04.1) ...
2026-01-27T08:49:27.1119558Z Selecting previously unselected package xdg-desktop-portal-gtk.
2026-01-27T08:49:27.1259511Z Preparing to unpack .../195-xdg-desktop-portal-gtk_1.15.1-1build2_amd64.deb ...
2026-01-27T08:49:27.1270235Z Unpacking xdg-desktop-portal-gtk (1.15.1-1build2) ...
2026-01-27T08:49:27.1781311Z Setting up libpipewire-0.3-common (1.0.5-1ubuntu3.2) ...
2026-01-27T08:49:27.1807909Z Setting up bubblewrap (0.9.0-1ubuntu0.1) ...
2026-01-27T08:49:27.1860368Z Setting up libcairo-script-interpreter2:amd64 (1.18.0-3build1) ...
2026-01-27T08:49:27.1883875Z Setting up libcdparanoia0:amd64 (3.10.2+debian-14build3) ...
2026-01-27T08:49:27.1909029Z Setting up bzip2-doc (1.0.8-5.1build0.1) ...
2026-01-27T08:49:27.1935499Z Setting up libnghttp2-dev:amd64 (1.59.0-1ubuntu0.2) ...
2026-01-27T08:49:27.1963492Z Setting up libjpeg-turbo8-dev:amd64 (2.1.5-2ubuntu2) ...
2026-01-27T08:49:27.1988491Z Setting up libraw1394-11:amd64 (2.1.2-2build3) ...
2026-01-27T08:49:27.2013294Z Setting up libtag1v5-vanilla:amd64 (1.13.1-1build1) ...
2026-01-27T08:49:27.2037144Z Setting up libharfbuzz-icu0:amd64 (8.3.0-2build2) ...
2026-01-27T08:49:27.2059812Z Setting up libpixman-1-dev:amd64 (0.42.2-1build1) ...
2026-01-27T08:49:27.2083845Z Setting up libspeex1:amd64 (1.2.1-2ubuntu2.24.04.1) ...
2026-01-27T08:49:27.2108480Z Setting up bsdextrautils (2.39.3-9ubuntu6.4) ...
2026-01-27T08:49:27.2135807Z Setting up libcaca0:amd64 (0.99.beta20-4ubuntu0.1) ...
2026-01-27T08:49:27.2160131Z Setting up libv4lconvert0t64:amd64 (1.26.1-4build3) ...
2026-01-27T08:49:27.2189062Z Setting up libglvnd-core-dev:amd64 (1.7.0-1build1) ...
2026-01-27T08:49:27.2216636Z Setting up libtwolame0:amd64 (0.4.0-2build3) ...
2026-01-27T08:49:27.2246687Z Setting up libwoff1:amd64 (1.0.2-2build1) ...
2026-01-27T08:49:27.2277605Z Setting up libhyphen0:amd64 (2.8.8-7build3) ...
2026-01-27T08:49:27.2305598Z Setting up libvisual-0.4-0:amd64 (0.4.2-2build1) ...
2026-01-27T08:49:27.2330955Z Setting up libfribidi-dev:amd64 (1.0.13-3build1) ...
2026-01-27T08:49:27.2358792Z Setting up libxkbcommon-dev:amd64 (1.6.0-1build1) ...
2026-01-27T08:49:27.2385018Z Setting up libjbig-dev:amd64 (2.1-6.1ubuntu2) ...
2026-01-27T08:49:27.2409432Z Setting up libwebrtc-audio-processing1:amd64 (0.3.1-0ubuntu6) ...
2026-01-27T08:49:27.2563490Z Setting up libwebpdecoder3:amd64 (1.3.2-0.4build3) ...
2026-01-27T08:49:27.2590519Z Setting up libsoup-3.0-common (3.4.4-5ubuntu0.6) ...
2026-01-27T08:49:27.2613575Z Setting up libmpg123-0t64:amd64 (1.32.5-1ubuntu1.1) ...
2026-01-27T08:49:27.2642903Z Setting up libpthread-stubs0-dev:amd64 (0.4-1build3) ...
2026-01-27T08:49:27.2666686Z Setting up libopengl0:amd64 (1.7.0-1build1) ...
2026-01-27T08:49:27.2695789Z Setting up libpsl-dev:amd64 (0.21.2-1.1build1) ...
2026-01-27T08:49:27.2722649Z Setting up liborc-0.4-0t64:amd64 (1:0.4.38-1ubuntu0.1) ...
2026-01-27T08:49:27.2747627Z Setting up eject (2.39.3-9ubuntu6.4) ...
2026-01-27T08:49:27.2777979Z Setting up libsysprof-capture-4-dev:amd64 (46.0-1build1) ...
2026-01-27T08:49:27.2803091Z Setting up xtrans-dev (1.4.0-1) ...
2026-01-27T08:49:27.2827755Z Setting up libwayland-bin (1.22.0-2.1build1) ...
2026-01-27T08:49:27.2852140Z Setting up libgraphite2-dev:amd64 (1.3.14-2build1) ...
2026-01-27T08:49:27.2878046Z Setting up libglib2.0-0t64:amd64 (2.80.0-6ubuntu3.7) ...
2026-01-27T08:49:27.3816867Z Setting up libegl-mesa0:amd64 (25.0.7-0ubuntu0.24.04.2) ...
2026-01-27T08:49:27.3844421Z Setting up libglib2.0-data (2.80.0-6ubuntu3.7) ...
2026-01-27T08:49:27.3873521Z Setting up libjavascriptcoregtk-4.1-0:amd64 (2.50.4-0ubuntu0.24.04.1) ...
2026-01-27T08:49:27.3900006Z Setting up libgles2:amd64 (1.7.0-1build1) ...
2026-01-27T08:49:27.3929069Z Setting up libharfbuzz-cairo0:amd64 (8.3.0-2build2) ...
2026-01-27T08:49:27.3951377Z Setting up libdbus-1-dev:amd64 (1.14.10-4ubuntu4.1) ...
2026-01-27T08:49:27.5633537Z Setting up libspa-0.2-modules:amd64 (1.0.5-1ubuntu3.2) ...
2026-01-27T08:49:27.5658579Z Setting up libdbus-glib-1-2:amd64 (0.112-3build2) ...
2026-01-27T08:49:27.5682829Z Setting up uuid-dev:amd64 (2.39.3-9ubuntu6.4) ...
2026-01-27T08:49:27.5708236Z Setting up libgles1:amd64 (1.7.0-1build1) ...
2026-01-27T08:49:27.5730936Z Setting up libopus0:amd64 (1.4-1build1) ...
2026-01-27T08:49:27.5752359Z Setting up libxv1:amd64 (2:1.0.11-1.1build1) ...
2026-01-27T08:49:27.5781692Z Setting up libpng16-16t64:amd64 (1.6.43-5ubuntu0.3) ...
2026-01-27T08:49:27.5823341Z Setting up python3-markdown (3.5.2-1) ...
2026-01-27T08:49:27.7756158Z Setting up libdv4t64:amd64 (1.0.0-17.1build1) ...
2026-01-27T08:49:27.7782665Z Setting up libsepol-dev:amd64 (3.5-2build1) ...
2026-01-27T08:49:27.7810049Z Setting up gir1.2-glib-2.0:amd64 (2.80.0-6ubuntu3.7) ...
2026-01-27T08:49:27.7834748Z Setting up liblerc-dev:amd64 (4.0.0+ds-4ubuntu2) ...
2026-01-27T08:49:27.7863664Z Setting up libfdisk1:amd64 (2.39.3-9ubuntu6.4) ...
2026-01-27T08:49:27.7889489Z Setting up libv4l-0t64:amd64 (1.26.1-4build3) ...
2026-01-27T08:49:27.7911200Z Setting up liblzma-dev:amd64 (5.6.1+really5.4.5-1ubuntu0.2) ...
2026-01-27T08:49:27.7938108Z Setting up xdg-dbus-proxy (0.1.5-1ubuntu0.1) ...
2026-01-27T08:49:27.7965403Z Setting up libvpx9:amd64 (1.14.0-1ubuntu2.2) ...
2026-01-27T08:49:27.7992893Z Setting up wayland-protocols (1.38-1~ubuntu0.24.04.1) ...
2026-01-27T08:49:27.8018122Z Setting up libtag1v5:amd64 (1.13.1-1build1) ...
2026-01-27T08:49:27.8136352Z Setting up mount (2.39.3-9ubuntu6.4) ...
2026-01-27T08:49:27.8164989Z Setting up libdatrie-dev:amd64 (0.2.13-3build1) ...
2026-01-27T08:49:27.8188791Z Setting up gir1.2-glib-2.0-dev:amd64 (2.80.0-6ubuntu3.7) ...
2026-01-27T08:49:27.8214685Z Setting up uuid-runtime (2.39.3-9ubuntu6.4) ...
2026-01-27T08:49:28.6322171Z uuidd.service is a disabled or a static unit not running, not starting it.
2026-01-27T08:49:28.6489777Z Setting up libasyncns0:amd64 (0.8-6build4) ...
2026-01-27T08:49:28.6511748Z Setting up libgdk-pixbuf2.0-bin (2.42.10+dfsg-3ubuntu3.2) ...
2026-01-27T08:49:28.6541074Z Setting up libwavpack1:amd64 (5.6.0-1build1) ...
2026-01-27T08:49:28.6566048Z Setting up libtheora0:amd64 (1.1.1+dfsg.1-16.1build3) ...
2026-01-27T08:49:28.6593737Z Setting up libegl1:amd64 (1.7.0-1build1) ...
2026-01-27T08:49:28.6619845Z Setting up libharfbuzz-subset0:amd64 (8.3.0-2build2) ...
2026-01-27T08:49:28.6643155Z Setting up build-essential (12.10ubuntu1) ...
2026-01-27T08:49:28.6671086Z Setting up xorg-sgml-doctools (1:1.11-1.1) ...
2026-01-27T08:49:28.6698094Z Setting up libflac12t64:amd64 (1.4.3+ds-2.1ubuntu2) ...
2026-01-27T08:49:28.6728560Z Setting up libopengl-dev:amd64 (1.7.0-1build1) ...
2026-01-27T08:49:28.6755835Z Setting up glib-networking-common (2.80.0-1build1) ...
2026-01-27T08:49:28.6779020Z Setting up libjpeg8-dev:amd64 (8c-2ubuntu11) ...
2026-01-27T08:49:28.6808462Z Setting up libsharpyuv-dev:amd64 (1.3.2-0.4build3) ...
2026-01-27T08:49:28.6831431Z Setting up libtiffxx6:amd64 (4.5.1+git230720-4ubuntu2.4) ...
2026-01-27T08:49:28.6863214Z Setting up libdeflate-dev:amd64 (1.19-1build1.1) ...
2026-01-27T08:49:28.6888199Z Setting up libpipewire-0.3-0t64:amd64 (1.0.5-1ubuntu3.2) ...
2026-01-27T08:49:28.6909737Z Setting up libbrotli-dev:amd64 (1.1.0-2build2) ...
2026-01-27T08:49:28.6938105Z Setting up libsecret-common (0.21.4-1build3) ...
2026-01-27T08:49:28.7090470Z Setting up libmp3lame0:amd64 (3.100-6build1) ...
2026-01-27T08:49:28.7116439Z Setting up libgraphene-1.0-0:amd64 (1.10.8-3build2) ...
2026-01-27T08:49:28.7148019Z Setting up python3-mako (1.3.2-1) ...
2026-01-27T08:49:28.8628046Z Setting up libvorbisenc2:amd64 (1.3.7-1build3) ...
2026-01-27T08:49:28.8653831Z Setting up libaa1:amd64 (1.4p5-51.1) ...
2026-01-27T08:49:28.8676655Z Setting up libiec61883-0:amd64 (1.2.0-6build1) ...
2026-01-27T08:49:28.8706594Z Setting up libbz2-dev:amd64 (1.0.8-5.1build0.1) ...
2026-01-27T08:49:28.8730358Z Setting up libavc1394-0:amd64 (0.5.4-5build3) ...
2026-01-27T08:49:28.8762468Z Setting up libglib2.0-dev-bin (2.80.0-6ubuntu3.7) ...
2026-01-27T08:49:29.0178571Z Setting up libblkid-dev:amd64 (2.39.3-9ubuntu6.4) ...
2026-01-27T08:49:29.0205048Z Setting up session-migration (0.3.9build1) ...
2026-01-27T08:49:29.1294344Z Created symlink /etc/systemd/user/graphical-session-pre.target.wants/session-migration.service → /usr/lib/systemd/user/session-migration.service.
2026-01-27T08:49:29.1294999Z 
2026-01-27T08:49:29.1340264Z Setting up libproxy1v5:amd64 (0.5.4-4build1) ...
2026-01-27T08:49:29.1367215Z Setting up gir1.2-freedesktop:amd64 (1.80.1-1) ...
2026-01-27T08:49:29.1389646Z Setting up xdg-desktop-portal (1.18.4-1ubuntu2.24.04.1) ...
2026-01-27T08:49:29.2468572Z Created symlink /etc/systemd/user/graphical-session-pre.target.wants/xdg-desktop-portal-rewrite-launchers.service → /usr/lib/systemd/user/xdg-desktop-portal-rewrite-launchers.service.
2026-01-27T08:49:29.2469369Z 
2026-01-27T08:49:29.2502966Z Setting up libpangoxft-1.0-0:amd64 (1.52.1+ds-1build1) ...
2026-01-27T08:49:29.2525405Z Setting up gir1.2-dbusmenu-glib-0.4:amd64 (18.10.20180917~bzr492+repack1-3.1ubuntu5) ...
2026-01-27T08:49:29.2557549Z Setting up gir1.2-gdkpixbuf-2.0:amd64 (2.42.10+dfsg-3ubuntu3.2) ...
2026-01-27T08:49:29.2582614Z Setting up libpng-tools (1.6.43-5ubuntu0.3) ...
2026-01-27T08:49:29.2607431Z Setting up libgirepository-2.0-0:amd64 (2.80.0-6ubuntu3.7) ...
2026-01-27T08:49:29.2638006Z Setting up gir1.2-atk-1.0:amd64 (2.52.0-1build1) ...
2026-01-27T08:49:29.2666939Z Setting up libselinux1-dev:amd64 (3.5-2ubuntu2.1) ...
2026-01-27T08:49:29.2694422Z Setting up libmanette-0.2-0:amd64 (0.2.7-1build2) ...
2026-01-27T08:49:29.2720245Z Setting up gobject-introspection-bin (1.80.1-1) ...
2026-01-27T08:49:29.4553436Z Setting up libpng-dev:amd64 (1.6.43-5ubuntu0.3) ...
2026-01-27T08:49:29.4575922Z Setting up pango1.0-tools (1.52.1+ds-1build1) ...
2026-01-27T08:49:29.4598135Z Setting up libdbus-glib-1-dev-bin (0.112-3build2) ...
2026-01-27T08:49:29.4619843Z Setting up libjpeg-dev:amd64 (8c-2ubuntu11) ...
2026-01-27T08:49:29.4642843Z Setting up libglib2.0-bin (2.80.0-6ubuntu3.7) ...
2026-01-27T08:49:29.4665545Z Setting up libgstreamer-plugins-base1.0-0:amd64 (1.24.2-1ubuntu0.3) ...
2026-01-27T08:49:29.4693054Z Setting up libharfbuzz-gobject0:amd64 (8.3.0-2build2) ...
2026-01-27T08:49:29.4723947Z Setting up gir1.2-atspi-2.0:amd64 (2.52.0-1build1) ...
2026-01-27T08:49:29.4751439Z Setting up gir1.2-girepository-2.0-dev:amd64 (1.80.1-1) ...
2026-01-27T08:49:29.4778738Z Setting up libwayland-dev:amd64 (1.22.0-2.1build1) ...
2026-01-27T08:49:29.4803187Z Setting up gir1.2-harfbuzz-0.0:amd64 (8.3.0-2build2) ...
2026-01-27T08:49:29.4826244Z Setting up fdisk (2.39.3-9ubuntu6.4) ...
2026-01-27T08:49:29.4848239Z Setting up gir1.2-javascriptcoregtk-4.1:amd64 (2.50.4-0ubuntu0.24.04.1) ...
2026-01-27T08:49:29.4877832Z Setting up libappindicator3-1 (12.10.1+20.10.20200706.1-0ubuntu5) ...
2026-01-27T08:49:29.4899329Z Setting up libfreetype-dev:amd64 (2.13.2+dfsg-1build3) ...
2026-01-27T08:49:29.4921922Z Setting up librsvg2-2:amd64 (2.58.0+dfsg-1build1) ...
2026-01-27T08:49:29.4948118Z Setting up gir1.2-pango-1.0:amd64 (1.52.1+ds-1build1) ...
2026-01-27T08:49:29.4974065Z Setting up libsecret-1-0:amd64 (0.21.4-1build3) ...
2026-01-27T08:49:29.4997680Z Setting up libgstreamer-plugins-good1.0-0:amd64 (1.24.2-1ubuntu1.2) ...
2026-01-27T08:49:29.5026402Z Setting up libwebp-dev:amd64 (1.3.2-0.4build3) ...
2026-01-27T08:49:29.5047868Z Setting up libgstreamer-gl1.0-0:amd64 (1.24.2-1ubuntu0.3) ...
2026-01-27T08:49:29.5069146Z Setting up gstreamer1.0-plugins-base:amd64 (1.24.2-1ubuntu0.3) ...
2026-01-27T08:49:29.5095561Z Setting up libtiff-dev:amd64 (4.5.1+git230720-4ubuntu2.4) ...
2026-01-27T08:49:29.5122855Z Setting up gir1.2-freedesktop-dev:amd64 (1.80.1-1) ...
2026-01-27T08:49:29.5144231Z Setting up libshout3:amd64 (2.4.6-1build2) ...
2026-01-27T08:49:29.5176373Z Setting up librsvg2-common:amd64 (2.58.0+dfsg-1build1) ...
2026-01-27T08:49:29.5302765Z Setting up libdbusmenu-glib-dev:amd64 (18.10.20180917~bzr492+repack1-3.1ubuntu5) ...
2026-01-27T08:49:29.5328575Z Setting up libthai-dev:amd64 (0.1.29-2build1) ...
2026-01-27T08:49:29.5354685Z Setting up libsndfile1:amd64 (1.2.2-1ubuntu5.24.04.1) ...
2026-01-27T08:49:29.5378275Z Setting up gir1.2-rsvg-2.0:amd64 (2.58.0+dfsg-1build1) ...
2026-01-27T08:49:29.5404574Z Setting up libmount-dev:amd64 (2.39.3-9ubuntu6.4) ...
2026-01-27T08:49:29.5430642Z Setting up gstreamer1.0-gl:amd64 (1.24.2-1ubuntu0.3) ...
2026-01-27T08:49:29.5453057Z Setting up gsettings-desktop-schemas (46.1-0ubuntu1) ...
2026-01-27T08:49:29.5479306Z Setting up xdg-desktop-portal-gtk (1.15.1-1build2) ...
2026-01-27T08:49:29.5512123Z Setting up glib-networking-services (2.80.0-1build1) ...
2026-01-27T08:49:29.5536127Z Setting up gstreamer1.0-x:amd64 (1.24.2-1ubuntu0.3) ...
2026-01-27T08:49:29.5559866Z Setting up libpulse0:amd64 (1:16.1+dfsg1-2ubuntu10.1) ...
2026-01-27T08:49:29.5643501Z Setting up libfontconfig-dev:amd64 (2.15.0-1.1ubuntu2) ...
2026-01-27T08:49:29.5672568Z Setting up gir1.2-gtk-3.0:amd64 (3.24.41-4ubuntu1.3) ...
2026-01-27T08:49:29.5699272Z Setting up libglib2.0-dev:amd64 (2.80.0-6ubuntu3.7) ...
2026-01-27T08:49:29.5724868Z Setting up gir1.2-appindicator3-0.1 (12.10.1+20.10.20200706.1-0ubuntu5) ...
2026-01-27T08:49:29.5748597Z Setting up glib-networking:amd64 (2.80.0-1build1) ...
2026-01-27T08:49:29.5774617Z Setting up libjavascriptcoregtk-4.1-dev:amd64 (2.50.4-0ubuntu0.24.04.1) ...
2026-01-27T08:49:29.5799797Z Setting up libatk1.0-dev:amd64 (2.52.0-1build1) ...
2026-01-27T08:49:29.5824237Z Setting up libgdk-pixbuf-2.0-dev:amd64 (2.42.10+dfsg-3ubuntu3.2) ...
2026-01-27T08:49:29.5852757Z Setting up libharfbuzz-dev:amd64 (8.3.0-2build2) ...
2026-01-27T08:49:29.5879688Z Setting up libsoup-3.0-0:amd64 (3.4.4-5ubuntu0.6) ...
2026-01-27T08:49:29.5909090Z Setting up gobject-introspection:amd64 (1.80.1-1) ...
2026-01-27T08:49:29.5933460Z Setting up libgirepository-1.0-dev:amd64 (1.80.1-1) ...
2026-01-27T08:49:29.5964078Z Setting up gir1.2-soup-3.0:amd64 (3.4.4-5ubuntu0.6) ...
2026-01-27T08:49:29.5995863Z Setting up gstreamer1.0-plugins-good:amd64 (1.24.2-1ubuntu1.2) ...
2026-01-27T08:49:29.6025428Z Setting up libsoup-3.0-dev:amd64 (3.4.4-5ubuntu0.6) ...
2026-01-27T08:49:29.6057919Z Setting up libgirepository1.0-dev (1.80.1-1) ...
2026-01-27T08:49:29.6085790Z Setting up libwebkit2gtk-4.1-0:amd64 (2.50.4-0ubuntu0.24.04.1) ...
2026-01-27T08:49:29.6121823Z Setting up gir1.2-webkit2-4.1:amd64 (2.50.4-0ubuntu0.24.04.1) ...
2026-01-27T08:49:29.6502379Z Processing triggers for libc-bin (2.39-0ubuntu8.6) ...
2026-01-27T08:49:29.6917753Z Processing triggers for man-db (2.12.0-4build2) ...
2026-01-27T08:49:29.6943441Z Not building database; man-db/auto-update is not 'true'.
2026-01-27T08:49:29.7012864Z Processing triggers for libgdk-pixbuf-2.0-0:amd64 (2.42.10+dfsg-3ubuntu3.2) ...
2026-01-27T08:49:29.9223955Z Processing triggers for sgml-base (1.31) ...
2026-01-27T08:49:29.9413670Z Processing triggers for install-info (7.1-3build2) ...
2026-01-27T08:49:30.1936461Z Setting up x11proto-dev (2023.2-1) ...
2026-01-27T08:49:30.2222114Z Setting up libxau-dev:amd64 (1:1.0.9-1build6) ...
2026-01-27T08:49:30.2250639Z Setting up libice-dev:amd64 (2:1.0.10-1build3) ...
2026-01-27T08:49:30.2292884Z Setting up libsm-dev:amd64 (2:1.2.3-1build3) ...
2026-01-27T08:49:30.2321431Z Setting up libdbus-glib-1-dev:amd64 (0.112-3build2) ...
2026-01-27T08:49:30.2389827Z Setting up libxdmcp-dev:amd64 (1:1.1.3-0ubuntu6) ...
2026-01-27T08:49:30.2512495Z Setting up libxcb1-dev:amd64 (1.15-1ubuntu2) ...
2026-01-27T08:49:30.2567632Z Setting up libx11-dev:amd64 (2:1.8.7-1build1) ...
2026-01-27T08:49:30.2607924Z Setting up libxfixes-dev:amd64 (1:6.0.0-2build1) ...
2026-01-27T08:49:30.2640621Z Setting up libxcb-shm0-dev:amd64 (1.15-1ubuntu2) ...
2026-01-27T08:49:30.2698615Z Setting up libxcb-render0-dev:amd64 (1.15-1ubuntu2) ...
2026-01-27T08:49:30.2740012Z Setting up libxext-dev:amd64 (2:1.3.4-1build2) ...
2026-01-27T08:49:30.2785039Z Setting up libglx-dev:amd64 (1.7.0-1build1) ...
2026-01-27T08:49:30.2834926Z Setting up libxi-dev:amd64 (2:1.8.1-1build1) ...
2026-01-27T08:49:30.2875576Z Setting up libxrender-dev:amd64 (1:0.9.10-1.1build1) ...
2026-01-27T08:49:30.2911207Z Setting up libgl-dev:amd64 (1.7.0-1build1) ...
2026-01-27T08:49:30.2944082Z Setting up libxft-dev:amd64 (2.3.6-1build1) ...
2026-01-27T08:49:30.2976300Z Setting up libxtst-dev:amd64 (2:1.2.3-1.1build1) ...
2026-01-27T08:49:30.3010385Z Setting up libxdamage-dev:amd64 (1:1.1.6-1build1) ...
2026-01-27T08:49:30.3056534Z Setting up libatspi2.0-dev:amd64 (2.52.0-1build1) ...
2026-01-27T08:49:30.3103247Z Setting up libegl-dev:amd64 (1.7.0-1build1) ...
2026-01-27T08:49:30.3132890Z Setting up libxcomposite-dev:amd64 (1:0.4.5-1build3) ...
2026-01-27T08:49:30.3159591Z Setting up libxcursor-dev:amd64 (1:1.2.1-1build1) ...
2026-01-27T08:49:30.3342224Z Setting up libepoxy-dev:amd64 (1.5.10-1build1) ...
2026-01-27T08:49:30.3382174Z Setting up libatk-bridge2.0-dev:amd64 (2.52.0-1build1) ...
2026-01-27T08:49:30.3417069Z Setting up libxrandr-dev:amd64 (2:1.5.2-2build1) ...
2026-01-27T08:49:30.3480587Z Setting up libxinerama-dev:amd64 (2:1.1.4-3build1) ...
2026-01-27T08:49:30.3535775Z Setting up libcairo2-dev:amd64 (1.18.0-3build1) ...
2026-01-27T08:49:30.3568422Z Setting up libgles-dev:amd64 (1.7.0-1build1) ...
2026-01-27T08:49:30.3632441Z Setting up libglvnd-dev:amd64 (1.7.0-1build1) ...
2026-01-27T08:49:30.3677115Z Setting up libpango1.0-dev:amd64 (1.52.1+ds-1build1) ...
2026-01-27T08:49:30.3743336Z Setting up librsvg2-dev:amd64 (2.58.0+dfsg-1build1) ...
2026-01-27T08:49:30.3775846Z Setting up libegl1-mesa-dev:amd64 (25.0.7-0ubuntu0.24.04.2) ...
2026-01-27T08:49:30.3819206Z Setting up libgtk-3-dev:amd64 (3.24.41-4ubuntu1.3) ...
2026-01-27T08:49:30.3865661Z Setting up libappindicator3-dev (12.10.1+20.10.20200706.1-0ubuntu5) ...
2026-01-27T08:49:30.3907752Z Setting up libwebkit2gtk-4.1-dev (2.50.4-0ubuntu0.24.04.1) ...
2026-01-27T08:49:31.0631073Z 
2026-01-27T08:49:31.0631717Z Running kernel seems to be up-to-date.
2026-01-27T08:49:31.0632052Z 
2026-01-27T08:49:31.0632174Z Restarting services...
2026-01-27T08:49:31.1512008Z  /etc/needrestart/restart.d/systemd-manager
2026-01-27T08:49:31.4854873Z  systemctl restart packagekit.service php8.3-fpm.service polkit.service rsyslog.service systemd-journald.service systemd-networkd.service systemd-resolved.service systemd-udevd.service udisks2.service
2026-01-27T08:49:31.7282413Z 
2026-01-27T08:49:31.7282893Z Service restarts being deferred:
2026-01-27T08:49:31.7283428Z  systemctl restart ModemManager.service
2026-01-27T08:49:31.7283927Z  systemctl restart getty@tty1.service
2026-01-27T08:49:31.7284473Z  systemctl restart networkd-dispatcher.service
2026-01-27T08:49:31.7285036Z  systemctl restart serial-getty@ttyS0.service
2026-01-27T08:49:31.7285542Z  systemctl restart systemd-logind.service
2026-01-27T08:49:31.7285865Z 
2026-01-27T08:49:31.7286877Z No containers need to be restarted.
2026-01-27T08:49:31.7287198Z 
2026-01-27T08:49:31.7287465Z User sessions running outdated binaries:
2026-01-27T08:49:31.7288248Z  runner @ user manager service: systemd[997]
2026-01-27T08:49:31.7369900Z 
2026-01-27T08:49:31.7370666Z No VM guests are running outdated hypervisor (qemu) binaries on this host.
2026-01-27T08:49:32.9498591Z ##[group]Run actions/setup-node@v4
2026-01-27T08:49:32.9498876Z with:
2026-01-27T08:49:32.9499065Z   node-version: lts/*
2026-01-27T08:49:32.9499271Z   always-auth: false
2026-01-27T08:49:32.9499464Z   check-latest: false
2026-01-27T08:49:32.9499784Z   token: ***
2026-01-27T08:49:32.9499967Z ##[endgroup]
2026-01-27T08:49:33.1253559Z Attempt to resolve LTS alias from manifest...
2026-01-27T08:49:33.4682176Z Found in cache @ /opt/hostedtoolcache/node/24.13.0/x64
2026-01-27T08:49:33.4688889Z ##[group]Environment details
2026-01-27T08:49:36.0583328Z node: v24.13.0
2026-01-27T08:49:36.0583737Z npm: 11.6.2
2026-01-27T08:49:36.0584055Z yarn: 1.22.22
2026-01-27T08:49:36.0584933Z ##[endgroup]
2026-01-27T08:49:36.0715826Z ##[group]Run npm install
2026-01-27T08:49:36.0716114Z [36;1mnpm install[0m
2026-01-27T08:49:36.0757256Z shell: /usr/bin/bash -e {0}
2026-01-27T08:49:36.0757521Z ##[endgroup]
2026-01-27T08:49:40.2609305Z npm warn deprecated string-similarity@4.0.4: Package no longer supported. Contact Support at https://www.npmjs.com/support for more info.
2026-01-27T08:49:40.7215547Z npm warn deprecated rimraf@3.0.2: Rimraf versions prior to v4 are no longer supported
2026-01-27T08:49:44.0363359Z npm warn deprecated inflight@1.0.6: This module is not supported, and leaks memory. Do not use it. Check out lru-cache if you want a good and tested way to coalesce async requests by a key value, which is much more comprehensive and powerful.
2026-01-27T08:49:44.7787354Z npm warn deprecated glob@7.2.3: Glob versions prior to v9 are no longer supported
2026-01-27T08:49:46.3237837Z npm warn deprecated eslint@8.57.1: This version is no longer supported. Please see https://eslint.org/version-support for other options.
2026-01-27T08:49:48.6875940Z npm warn deprecated @humanwhocodes/object-schema@2.0.3: Use @eslint/object-schema instead
2026-01-27T08:49:48.7015604Z npm warn deprecated @humanwhocodes/config-array@0.13.0: Use @eslint/config-array instead
2026-01-27T08:49:52.1421331Z 
2026-01-27T08:49:52.1421902Z > dsyclauncher@0.9.8 prepare
2026-01-27T08:49:52.1422291Z > husky
2026-01-27T08:49:52.1422411Z 
2026-01-27T08:49:52.2053447Z 
2026-01-27T08:49:52.2054343Z added 634 packages, and audited 635 packages in 16s
2026-01-27T08:49:52.2056778Z 
2026-01-27T08:49:52.2057723Z 259 packages are looking for funding
2026-01-27T08:49:52.2058281Z   run `npm fund` for details
2026-01-27T08:49:52.2071970Z 
2026-01-27T08:49:52.2072329Z found 0 vulnerabilities
2026-01-27T08:49:52.2888734Z ##[group]Run actions-rs/toolchain@v1
2026-01-27T08:49:52.2889022Z with:
2026-01-27T08:49:52.2889210Z   toolchain: stable
2026-01-27T08:49:52.2889406Z   override: true
2026-01-27T08:49:52.2889617Z   default: false
2026-01-27T08:49:52.2889801Z ##[endgroup]
2026-01-27T08:49:52.3943948Z [command]/home/runner/.cargo/bin/rustup show
2026-01-27T08:49:52.4674521Z Default host: x86_64-unknown-linux-gnu
2026-01-27T08:49:52.4675167Z rustup home:  /home/runner/.rustup
2026-01-27T08:49:52.4675502Z 
2026-01-27T08:49:52.5450589Z installed toolchains
2026-01-27T08:49:52.5451621Z --------------------
2026-01-27T08:49:52.5462575Z stable-x86_64-unknown-linux-gnu (active, default)
2026-01-27T08:49:52.5462984Z 
2026-01-27T08:49:52.5463143Z active toolchain
2026-01-27T08:49:52.5463376Z ----------------
2026-01-27T08:49:52.5463689Z name: stable-x86_64-unknown-linux-gnu
2026-01-27T08:49:52.5464047Z active because: it's the default toolchain
2026-01-27T08:49:52.5464339Z installed targets:
2026-01-27T08:49:52.5464653Z   x86_64-unknown-linux-gnu
2026-01-27T08:49:52.5508558Z [command]/home/runner/.cargo/bin/rustup toolchain install stable
2026-01-27T08:49:52.7807225Z info: syncing channel updates for 'stable-x86_64-unknown-linux-gnu'
2026-01-27T08:49:52.9399215Z info: latest update on 2026-01-22, rust version 1.93.0 (254b59607 2026-01-19)
2026-01-27T08:49:52.9818789Z info: downloading component 'clippy'
2026-01-27T08:49:53.0177140Z info: downloading component 'rustfmt'
2026-01-27T08:49:53.0382562Z info: downloading component 'cargo'
2026-01-27T08:49:53.1154466Z info: downloading component 'rust-std'
2026-01-27T08:49:53.2589901Z info: downloading component 'rustc'
2026-01-27T08:49:53.5916611Z info: removing previous version of component 'clippy'
2026-01-27T08:49:53.5931499Z info: removing previous version of component 'rustfmt'
2026-01-27T08:49:53.5942088Z info: removing previous version of component 'cargo'
2026-01-27T08:49:53.6043984Z info: removing previous version of component 'rust-std'
2026-01-27T08:49:53.6076801Z info: removing previous version of component 'rustc'
2026-01-27T08:49:53.6132481Z info: installing component 'clippy'
2026-01-27T08:49:53.9911975Z info: installing component 'rustfmt'
2026-01-27T08:49:54.2243861Z info: installing component 'cargo'
2026-01-27T08:49:54.9541182Z info: installing component 'rust-std'
2026-01-27T08:49:56.8929211Z info: installing component 'rustc'
2026-01-27T08:50:01.7255420Z 
2026-01-27T08:50:01.7341818Z   stable-x86_64-unknown-linux-gnu updated - rustc 1.93.0 (254b59607 2026-01-19) (from rustc 1.92.0 (ded5c06cf 2025-12-08))
2026-01-27T08:50:01.7342357Z 
2026-01-27T08:50:01.7379229Z [command]/home/runner/.cargo/bin/rustup override set stable
2026-01-27T08:50:01.7445525Z info: override toolchain for '/home/runner/work/DSYC-Launcher/DSYC-Launcher' set to 'stable-x86_64-unknown-linux-gnu'
2026-01-27T08:50:01.7464605Z ##[group]Gathering installed versions
2026-01-27T08:50:01.7476093Z [command]/home/runner/.cargo/bin/rustc -V
2026-01-27T08:50:01.7924326Z rustc 1.93.0 (254b59607 2026-01-19)
2026-01-27T08:50:01.7965432Z ##[warning]The `set-output` command is deprecated and will be disabled soon. Please upgrade to using Environment Files. For more information see: https://github.blog/changelog/2022-10-11-github-actions-deprecating-save-state-and-set-output-commands/
2026-01-27T08:50:01.7979559Z ##[warning]The `set-output` command is deprecated and will be disabled soon. Please upgrade to using Environment Files. For more information see: https://github.blog/changelog/2022-10-11-github-actions-deprecating-save-state-and-set-output-commands/
2026-01-27T08:50:01.7982497Z [command]/home/runner/.cargo/bin/cargo -V
2026-01-27T08:50:01.8375059Z cargo 1.93.0 (083ac5135 2025-12-15)
2026-01-27T08:50:01.8390448Z ##[warning]The `set-output` command is deprecated and will be disabled soon. Please upgrade to using Environment Files. For more information see: https://github.blog/changelog/2022-10-11-github-actions-deprecating-save-state-and-set-output-commands/
2026-01-27T08:50:01.8398790Z [command]/home/runner/.cargo/bin/rustup -V
2026-01-27T08:50:01.8453900Z rustup 1.28.2 (e4f3ad6f8 2025-04-28)
2026-01-27T08:50:01.8454508Z info: This is the version for the rustup toolchain manager, not the rustc compiler.
2026-01-27T08:50:01.8845990Z info: The currently active `rustc` version is `rustc 1.93.0 (254b59607 2026-01-19)`
2026-01-27T08:50:01.8871880Z ##[warning]The `set-output` command is deprecated and will be disabled soon. Please upgrade to using Environment Files. For more information see: https://github.blog/changelog/2022-10-11-github-actions-deprecating-save-state-and-set-output-commands/
2026-01-27T08:50:01.8875235Z ##[endgroup]
2026-01-27T08:50:01.9005972Z ##[group]Run swatinem/rust-cache@v2
2026-01-27T08:50:01.9006254Z with:
2026-01-27T08:50:01.9006444Z   workspaces: ./src-tauri -> target
2026-01-27T08:50:01.9006689Z   key: ubuntu-latest-
2026-01-27T08:50:01.9006890Z   prefix-key: v0-rust
2026-01-27T08:50:01.9007095Z   add-job-id-key: true
2026-01-27T08:50:01.9007315Z   add-rust-environment-hash-key: true
2026-01-27T08:50:01.9007593Z   cache-targets: true
2026-01-27T08:50:01.9007804Z   cache-all-crates: false
2026-01-27T08:50:01.9008027Z   cache-workspace-crates: false
2026-01-27T08:50:01.9008256Z   save-if: true
2026-01-27T08:50:01.9008438Z   cache-provider: github
2026-01-27T08:50:01.9008649Z   cache-bin: true
2026-01-27T08:50:01.9008832Z   lookup-only: false
2026-01-27T08:50:01.9009024Z ##[endgroup]
2026-01-27T08:50:02.3563400Z ##[group]Cache Configuration
2026-01-27T08:50:02.3565552Z Cache Provider:
2026-01-27T08:50:02.3565942Z     github
2026-01-27T08:50:02.3566290Z Workspaces:
2026-01-27T08:50:02.3566901Z     /home/runner/work/DSYC-Launcher/DSYC-Launcher/src-tauri
2026-01-27T08:50:02.3567477Z Cache Paths:
2026-01-27T08:50:02.3567824Z     /home/runner/.cargo/bin
2026-01-27T08:50:02.3568353Z     /home/runner/.cargo/.crates.toml
2026-01-27T08:50:02.3568855Z     /home/runner/.cargo/.crates2.json
2026-01-27T08:50:02.3569339Z     /home/runner/.cargo/registry
2026-01-27T08:50:02.3569774Z     /home/runner/.cargo/git
2026-01-27T08:50:02.3570396Z     /home/runner/work/DSYC-Launcher/DSYC-Launcher/src-tauri/target
2026-01-27T08:50:02.3571827Z Restore Key:
2026-01-27T08:50:02.3572543Z     v0-rust-ubuntu-latest--Build-Linux-x64-ac03b981
2026-01-27T08:50:02.3573080Z Cache Key:
2026-01-27T08:50:02.3573618Z     v0-rust-ubuntu-latest--Build-Linux-x64-ac03b981-0df1facb
2026-01-27T08:50:02.3574223Z .. Prefix:
2026-01-27T08:50:02.3574655Z   - v0-rust-ubuntu-latest--Build-Linux-x64
2026-01-27T08:50:02.3575223Z .. Environment considered:
2026-01-27T08:50:02.3576037Z   - Rust Version: 1.93.0 x86_64-unknown-linux-gnu (254b59607d4417e9dffbc307138ae5c86280fe4c)
2026-01-27T08:50:02.3576810Z   - CARGO_INCREMENTAL
2026-01-27T08:50:02.3577234Z .. Lockfiles considered:
2026-01-27T08:50:02.3577883Z   - /home/runner/work/DSYC-Launcher/DSYC-Launcher/src-tauri/Cargo.lock
2026-01-27T08:50:02.3578787Z   - /home/runner/work/DSYC-Launcher/DSYC-Launcher/src-tauri/Cargo.toml
2026-01-27T08:50:02.3579705Z ##[endgroup]
2026-01-27T08:50:02.3580298Z 
2026-01-27T08:50:02.3580491Z ... Restoring cache ...
2026-01-27T08:50:02.4386030Z Cache hit for: v0-rust-ubuntu-latest--Build-Linux-x64-ac03b981-0df1facb
2026-01-27T08:50:03.4717202Z Received 213909504 of 732271262 (29.2%), 203.8 MBs/sec
2026-01-27T08:50:04.4765300Z Received 406847488 of 732271262 (55.6%), 193.8 MBs/sec
2026-01-27T08:50:05.4770856Z Received 650117120 of 732271262 (88.8%), 206.3 MBs/sec
2026-01-27T08:50:05.9843973Z Received 732271262 of 732271262 (100.0%), 198.7 MBs/sec
2026-01-27T08:50:05.9845844Z Cache Size: ~698 MB (732271262 B)
2026-01-27T08:50:05.9999779Z [command]/usr/bin/tar -xf /home/runner/work/_temp/cc6c9f15-fa4c-432d-90d1-709cca569f5f/cache.tzst -P -C /home/runner/work/DSYC-Launcher/DSYC-Launcher --use-compress-program unzstd
2026-01-27T08:50:10.5891070Z Cache restored successfully
2026-01-27T08:50:10.7335728Z Restored from cache key "v0-rust-ubuntu-latest--Build-Linux-x64-ac03b981-0df1facb" full match: true.
2026-01-27T08:50:10.7534008Z ##[group]Run npx tauri build 
2026-01-27T08:50:10.7534329Z [36;1mnpx tauri build [0m
2026-01-27T08:50:10.7566148Z shell: /usr/bin/bash -e {0}
2026-01-27T08:50:10.7566391Z env:
2026-01-27T08:50:10.7566580Z   CACHE_ON_FAILURE: false
2026-01-27T08:50:10.7566809Z   CARGO_INCREMENTAL: 0
2026-01-27T08:50:10.7567023Z   SJMCL_CURSEFORGE_API_KEY: 
2026-01-27T08:50:10.7567243Z ##[endgroup]
2026-01-27T08:50:12.1060100Z         Info Looking up installed tauri packages to check mismatched versions...
2026-01-27T08:50:12.8879277Z      Running beforeBuildCommand `npm run build`
2026-01-27T08:50:13.2050117Z 
2026-01-27T08:50:13.2050865Z > dsyclauncher@0.9.8 build
2026-01-27T08:50:13.2051267Z > next build
2026-01-27T08:50:13.2051419Z 
2026-01-27T08:50:13.9412156Z  ⚠ Invalid next.config.ts options detected: 
2026-01-27T08:50:13.9414327Z  ⚠     Unrecognized key(s) in object: 'excludeFile' at "experimental"
2026-01-27T08:50:13.9415845Z  ⚠ See more info here: https://nextjs.org/docs/messages/invalid-next-config
2026-01-27T08:50:13.9449945Z ⚠ No build cache found. Please configure build caching for faster rebuilds. Read more: https://nextjs.org/docs/messages/no-cache
2026-01-27T08:50:13.9576955Z Attention: Next.js now collects completely anonymous telemetry regarding usage.
2026-01-27T08:50:13.9578355Z This information is used to shape Next.js' roadmap and prioritize features.
2026-01-27T08:50:13.9580055Z You can learn more, including how to opt-out if you'd not like to participate in this anonymous program, by visiting the following URL:
2026-01-27T08:50:13.9581169Z https://nextjs.org/telemetry
2026-01-27T08:50:13.9581364Z 
2026-01-27T08:50:14.0373220Z    ▲ Next.js 15.5.9
2026-01-27T08:50:14.0373764Z    - Experiments (use with caution):
2026-01-27T08:50:14.0374299Z      · excludeFile
2026-01-27T08:50:14.0374497Z 
2026-01-27T08:50:14.0688704Z    Linting and checking validity of types ...
2026-01-27T08:50:26.0452705Z Failed to compile.
2026-01-27T08:50:26.0453005Z 
2026-01-27T08:50:26.0453495Z ./android-app/App.tsx:2:27
2026-01-27T08:50:26.0454271Z Type error: Cannot find module 'expo-status-bar' or its corresponding type declarations.
2026-01-27T08:50:26.0454837Z 
2026-01-27T08:50:26.0456125Z [0m [90m 1 |[39m [36mimport[39m [33mReact[39m [36mfrom[39m [32m'react'[39m[33m;[39m
2026-01-27T08:50:26.0457727Z [31m[1m>[22m[39m[90m 2 |[39m [36mimport[39m { [33mStatusBar[39m } [36mfrom[39m [32m'expo-status-bar'[39m[33m;[39m
2026-01-27T08:50:26.0458839Z  [90m   |[39m                           [31m[1m^[22m[39m
2026-01-27T08:50:26.0459862Z  [90m 3 |[39m [36mimport[39m { [33mProvider[39m [36mas[39m [33mPaperProvider[39m } [36mfrom[39m [32m'react-native-paper'[39m[33m;[39m
2026-01-27T08:50:26.0461130Z  [90m 4 |[39m [36mimport[39m { [33mSafeAreaProvider[39m } [36mfrom[39m [32m'react-native-safe-area-context'[39m[33m;[39m
2026-01-27T08:50:26.0462019Z  [90m 5 |[39m [36mimport[39m [33mRootLayout[39m [36mfrom[39m [32m'./app/_layout'[39m[33m;[39m[0m
2026-01-27T08:50:26.1192104Z Next.js build worker exited with code: 1 and signal: null
2026-01-27T08:50:26.1418891Z beforeBuildCommand `npm run build` failed with exit code 1
2026-01-27T08:50:26.1419761Z        Error beforeBuildCommand `npm run build` failed with exit code 1
2026-01-27T08:50:26.1598724Z ##[error]Process completed with exit code 1.
2026-01-27T08:50:26.1679279Z Post job cleanup.
2026-01-27T08:50:26.2673070Z [command]/usr/bin/git version
2026-01-27T08:50:26.2711153Z git version 2.52.0
2026-01-27T08:50:26.2757061Z Temporarily overriding HOME='/home/runner/work/_temp/50cfd418-ac71-4929-8243-007ec750a349' before making global git config changes
2026-01-27T08:50:26.2758664Z Adding repository directory to the temporary git global config as a safe directory
2026-01-27T08:50:26.2764117Z [command]/usr/bin/git config --global --add safe.directory /home/runner/work/DSYC-Launcher/DSYC-Launcher
2026-01-27T08:50:26.2807139Z [command]/usr/bin/git config --local --name-only --get-regexp core\.sshCommand
2026-01-27T08:50:26.2841977Z [command]/usr/bin/git submodule foreach --recursive sh -c "git config --local --name-only --get-regexp 'core\.sshCommand' && git config --local --unset-all 'core.sshCommand' || :"
2026-01-27T08:50:26.3074014Z [command]/usr/bin/git config --local --name-only --get-regexp http\.https\:\/\/github\.com\/\.extraheader
2026-01-27T08:50:26.3096487Z http.https://github.com/.extraheader
2026-01-27T08:50:26.3110392Z [command]/usr/bin/git config --local --unset-all http.https://github.com/.extraheader
2026-01-27T08:50:26.3144547Z [command]/usr/bin/git submodule foreach --recursive sh -c "git config --local --name-only --get-regexp 'http\.https\:\/\/github\.com\/\.extraheader' && git config --local --unset-all 'http.https://github.com/.extraheader' || :"
2026-01-27T08:50:26.3370325Z [command]/usr/bin/git config --local --name-only --get-regexp ^includeIf\.gitdir:
2026-01-27T08:50:26.3403567Z [command]/usr/bin/git submodule foreach --recursive git config --local --show-origin --name-only --get-regexp remote.origin.url
2026-01-27T08:50:26.3751976Z Cleaning up orphan processes
